--------------------------------------------------------------------------------
Release 14.6 Trace  (nt)
Copyright (c) 1995-2013 Xilinx, Inc.  All rights reserved.

C:\Xilinx\14.6\ISE_DS\ISE\bin\nt\unwrapped\trce.exe -intstyle ise -v 3 -s 4 -n
3 -fastpaths -xml ALU.twx ALU.ncd -o ALU.twr ALU.pcf

Design file:              ALU.ncd
Physical constraint file: ALU.pcf
Device,package,speed:     xc3s500e,fg320,-4 (PRODUCTION 1.27 2013-06-08)
Report level:             verbose report

Environment Variable      Effect 
--------------------      ------ 
NONE                      No environment variables were set
--------------------------------------------------------------------------------

INFO:Timing:2698 - No timing constraints found, doing default enumeration.
INFO:Timing:3412 - To improve timing, see the Timing Closure User Guide (UG612).
INFO:Timing:2752 - To get complete path coverage, use the unconstrained paths 
   option. All paths that are not constrained will be reported in the 
   unconstrained paths section(s) of the report.
INFO:Timing:3339 - The clock-to-out numbers in this timing report are based on 
   a 50 Ohm transmission line loading model.  For the details of this model, 
   and for more information on accounting for different loading conditions, 
   please see the device datasheet.
INFO:Timing:3390 - This architecture does not support a default System Jitter 
   value, please add SYSTEM_JITTER constraint to the UCF to modify the Clock 
   Uncertainty calculation.
INFO:Timing:3389 - This architecture does not support 'Discrete Jitter' and 
   'Phase Error' calculations, these terms will be zero in the Clock 
   Uncertainty calculation.  Please make appropriate modification to 
   SYSTEM_JITTER to account for the unsupported Discrete Jitter and Phase 
   Error.



Data Sheet report:
-----------------
All values displayed in nanoseconds (ns)

Pad to Pad
---------------+---------------+---------+
Source Pad     |Destination Pad|  Delay  |
---------------+---------------+---------+
A<0>           |Y<0>           |   49.443|
A<0>           |Y<1>           |   18.650|
A<0>           |Y<2>           |   17.470|
A<0>           |Y<3>           |   19.856|
A<0>           |Y<4>           |   18.581|
A<0>           |Y<5>           |   19.019|
A<0>           |Y<6>           |   17.963|
A<0>           |Y<7>           |   19.523|
A<0>           |Y<8>           |   21.950|
A<0>           |Y<9>           |   21.672|
A<0>           |Y<10>          |   24.659|
A<0>           |Y<11>          |   24.388|
A<0>           |Y<12>          |   26.269|
A<0>           |Y<13>          |   27.774|
A<0>           |Y<14>          |   28.546|
A<0>           |Y<15>          |   29.576|
A<0>           |Y<16>          |   30.438|
A<0>           |Y<17>          |   32.173|
A<0>           |Y<18>          |   32.917|
A<0>           |Y<19>          |   33.042|
A<0>           |Y<20>          |   33.757|
A<0>           |Y<21>          |   34.941|
A<0>           |Y<22>          |   35.662|
A<0>           |Y<23>          |   36.899|
A<0>           |Y<24>          |   37.153|
A<0>           |Y<25>          |   38.213|
A<0>           |Y<26>          |   41.445|
A<0>           |Y<27>          |   41.497|
A<0>           |Y<28>          |   41.807|
A<0>           |Y<29>          |   43.018|
A<0>           |Y<30>          |   44.207|
A<0>           |Y<31>          |   45.046|
A<1>           |Y<0>           |   47.567|
A<1>           |Y<1>           |   20.441|
A<1>           |Y<2>           |   18.919|
A<1>           |Y<3>           |   21.647|
A<1>           |Y<4>           |   19.611|
A<1>           |Y<5>           |   20.357|
A<1>           |Y<6>           |   20.624|
A<1>           |Y<7>           |   19.630|
A<1>           |Y<8>           |   20.074|
A<1>           |Y<9>           |   20.123|
A<1>           |Y<10>          |   22.783|
A<1>           |Y<11>          |   22.512|
A<1>           |Y<12>          |   24.393|
A<1>           |Y<13>          |   25.898|
A<1>           |Y<14>          |   26.670|
A<1>           |Y<15>          |   27.700|
A<1>           |Y<16>          |   28.562|
A<1>           |Y<17>          |   30.297|
A<1>           |Y<18>          |   31.041|
A<1>           |Y<19>          |   31.166|
A<1>           |Y<20>          |   31.881|
A<1>           |Y<21>          |   33.065|
A<1>           |Y<22>          |   33.786|
A<1>           |Y<23>          |   35.023|
A<1>           |Y<24>          |   35.277|
A<1>           |Y<25>          |   36.337|
A<1>           |Y<26>          |   39.569|
A<1>           |Y<27>          |   39.621|
A<1>           |Y<28>          |   39.931|
A<1>           |Y<29>          |   41.142|
A<1>           |Y<30>          |   42.331|
A<1>           |Y<31>          |   43.170|
A<2>           |Y<0>           |   48.247|
A<2>           |Y<1>           |   19.713|
A<2>           |Y<2>           |   19.207|
A<2>           |Y<3>           |   21.291|
A<2>           |Y<4>           |   19.529|
A<2>           |Y<5>           |   20.574|
A<2>           |Y<6>           |   20.815|
A<2>           |Y<7>           |   20.838|
A<2>           |Y<8>           |   20.754|
A<2>           |Y<9>           |   20.476|
A<2>           |Y<10>          |   23.463|
A<2>           |Y<11>          |   23.192|
A<2>           |Y<12>          |   25.073|
A<2>           |Y<13>          |   26.578|
A<2>           |Y<14>          |   27.350|
A<2>           |Y<15>          |   28.380|
A<2>           |Y<16>          |   29.242|
A<2>           |Y<17>          |   30.977|
A<2>           |Y<18>          |   31.721|
A<2>           |Y<19>          |   31.846|
A<2>           |Y<20>          |   32.561|
A<2>           |Y<21>          |   33.745|
A<2>           |Y<22>          |   34.466|
A<2>           |Y<23>          |   35.703|
A<2>           |Y<24>          |   35.957|
A<2>           |Y<25>          |   37.017|
A<2>           |Y<26>          |   40.249|
A<2>           |Y<27>          |   40.301|
A<2>           |Y<28>          |   40.611|
A<2>           |Y<29>          |   41.822|
A<2>           |Y<30>          |   43.011|
A<2>           |Y<31>          |   43.850|
A<3>           |Y<0>           |   45.641|
A<3>           |Y<1>           |   18.092|
A<3>           |Y<2>           |   17.289|
A<3>           |Y<3>           |   20.015|
A<3>           |Y<4>           |   19.269|
A<3>           |Y<5>           |   19.298|
A<3>           |Y<6>           |   19.175|
A<3>           |Y<7>           |   18.514|
A<3>           |Y<8>           |   18.148|
A<3>           |Y<9>           |   18.220|
A<3>           |Y<10>          |   20.857|
A<3>           |Y<11>          |   20.586|
A<3>           |Y<12>          |   22.467|
A<3>           |Y<13>          |   23.972|
A<3>           |Y<14>          |   24.744|
A<3>           |Y<15>          |   25.774|
A<3>           |Y<16>          |   26.636|
A<3>           |Y<17>          |   28.371|
A<3>           |Y<18>          |   29.115|
A<3>           |Y<19>          |   29.240|
A<3>           |Y<20>          |   29.955|
A<3>           |Y<21>          |   31.139|
A<3>           |Y<22>          |   31.860|
A<3>           |Y<23>          |   33.097|
A<3>           |Y<24>          |   33.351|
A<3>           |Y<25>          |   34.411|
A<3>           |Y<26>          |   37.643|
A<3>           |Y<27>          |   37.695|
A<3>           |Y<28>          |   38.005|
A<3>           |Y<29>          |   39.216|
A<3>           |Y<30>          |   40.405|
A<3>           |Y<31>          |   41.244|
A<4>           |Y<0>           |   45.380|
A<4>           |Y<1>           |   18.106|
A<4>           |Y<2>           |   17.303|
A<4>           |Y<3>           |   18.083|
A<4>           |Y<4>           |   18.080|
A<4>           |Y<5>           |   18.672|
A<4>           |Y<6>           |   18.578|
A<4>           |Y<7>           |   19.527|
A<4>           |Y<8>           |   17.887|
A<4>           |Y<9>           |   18.659|
A<4>           |Y<10>          |   20.596|
A<4>           |Y<11>          |   20.325|
A<4>           |Y<12>          |   22.206|
A<4>           |Y<13>          |   23.711|
A<4>           |Y<14>          |   24.483|
A<4>           |Y<15>          |   25.513|
A<4>           |Y<16>          |   26.375|
A<4>           |Y<17>          |   28.110|
A<4>           |Y<18>          |   28.854|
A<4>           |Y<19>          |   28.979|
A<4>           |Y<20>          |   29.694|
A<4>           |Y<21>          |   30.878|
A<4>           |Y<22>          |   31.599|
A<4>           |Y<23>          |   32.836|
A<4>           |Y<24>          |   33.090|
A<4>           |Y<25>          |   34.150|
A<4>           |Y<26>          |   37.382|
A<4>           |Y<27>          |   37.434|
A<4>           |Y<28>          |   37.744|
A<4>           |Y<29>          |   38.955|
A<4>           |Y<30>          |   40.144|
A<4>           |Y<31>          |   40.983|
A<5>           |Y<0>           |   43.339|
A<5>           |Y<1>           |   18.558|
A<5>           |Y<2>           |   17.755|
A<5>           |Y<3>           |   19.492|
A<5>           |Y<4>           |   18.651|
A<5>           |Y<5>           |   20.311|
A<5>           |Y<6>           |   20.578|
A<5>           |Y<7>           |   19.440|
A<5>           |Y<8>           |   19.789|
A<5>           |Y<9>           |   17.752|
A<5>           |Y<10>          |   19.524|
A<5>           |Y<11>          |   18.944|
A<5>           |Y<12>          |   20.515|
A<5>           |Y<13>          |   21.670|
A<5>           |Y<14>          |   22.442|
A<5>           |Y<15>          |   23.472|
A<5>           |Y<16>          |   24.334|
A<5>           |Y<17>          |   26.069|
A<5>           |Y<18>          |   26.813|
A<5>           |Y<19>          |   26.938|
A<5>           |Y<20>          |   27.653|
A<5>           |Y<21>          |   28.837|
A<5>           |Y<22>          |   29.558|
A<5>           |Y<23>          |   30.795|
A<5>           |Y<24>          |   31.049|
A<5>           |Y<25>          |   32.109|
A<5>           |Y<26>          |   35.341|
A<5>           |Y<27>          |   35.393|
A<5>           |Y<28>          |   35.703|
A<5>           |Y<29>          |   36.914|
A<5>           |Y<30>          |   38.103|
A<5>           |Y<31>          |   38.942|
A<6>           |Y<0>           |   43.239|
A<6>           |Y<1>           |   17.759|
A<6>           |Y<2>           |   17.762|
A<6>           |Y<3>           |   19.090|
A<6>           |Y<4>           |   17.989|
A<6>           |Y<5>           |   18.765|
A<6>           |Y<6>           |   18.764|
A<6>           |Y<7>           |   18.860|
A<6>           |Y<8>           |   17.975|
A<6>           |Y<9>           |   18.383|
A<6>           |Y<10>          |   18.517|
A<6>           |Y<11>          |   18.257|
A<6>           |Y<12>          |   20.065|
A<6>           |Y<13>          |   21.570|
A<6>           |Y<14>          |   22.342|
A<6>           |Y<15>          |   23.372|
A<6>           |Y<16>          |   24.234|
A<6>           |Y<17>          |   25.969|
A<6>           |Y<18>          |   26.713|
A<6>           |Y<19>          |   26.838|
A<6>           |Y<20>          |   27.553|
A<6>           |Y<21>          |   28.737|
A<6>           |Y<22>          |   29.458|
A<6>           |Y<23>          |   30.695|
A<6>           |Y<24>          |   30.949|
A<6>           |Y<25>          |   32.009|
A<6>           |Y<26>          |   35.241|
A<6>           |Y<27>          |   35.293|
A<6>           |Y<28>          |   35.603|
A<6>           |Y<29>          |   36.814|
A<6>           |Y<30>          |   38.003|
A<6>           |Y<31>          |   38.842|
A<7>           |Y<0>           |   41.725|
A<7>           |Y<1>           |   20.284|
A<7>           |Y<2>           |   19.481|
A<7>           |Y<3>           |   20.261|
A<7>           |Y<4>           |   19.420|
A<7>           |Y<5>           |   20.263|
A<7>           |Y<6>           |   20.629|
A<7>           |Y<7>           |   19.968|
A<7>           |Y<8>           |   19.146|
A<7>           |Y<9>           |   18.503|
A<7>           |Y<10>          |   19.656|
A<7>           |Y<11>          |   18.531|
A<7>           |Y<12>          |   20.010|
A<7>           |Y<13>          |   20.483|
A<7>           |Y<14>          |   20.828|
A<7>           |Y<15>          |   21.858|
A<7>           |Y<16>          |   22.720|
A<7>           |Y<17>          |   24.455|
A<7>           |Y<18>          |   25.199|
A<7>           |Y<19>          |   25.324|
A<7>           |Y<20>          |   26.039|
A<7>           |Y<21>          |   27.223|
A<7>           |Y<22>          |   27.944|
A<7>           |Y<23>          |   29.181|
A<7>           |Y<24>          |   29.435|
A<7>           |Y<25>          |   30.495|
A<7>           |Y<26>          |   33.727|
A<7>           |Y<27>          |   33.779|
A<7>           |Y<28>          |   34.089|
A<7>           |Y<29>          |   35.300|
A<7>           |Y<30>          |   36.489|
A<7>           |Y<31>          |   37.328|
A<8>           |Y<0>           |   40.582|
A<8>           |Y<1>           |   19.670|
A<8>           |Y<2>           |   18.867|
A<8>           |Y<3>           |   19.647|
A<8>           |Y<4>           |   18.806|
A<8>           |Y<5>           |   19.649|
A<8>           |Y<6>           |   20.015|
A<8>           |Y<7>           |   19.354|
A<8>           |Y<8>           |   18.747|
A<8>           |Y<9>           |   18.353|
A<8>           |Y<10>          |   20.474|
A<8>           |Y<11>          |   18.884|
A<8>           |Y<12>          |   19.510|
A<8>           |Y<13>          |   20.120|
A<8>           |Y<14>          |   19.685|
A<8>           |Y<15>          |   20.715|
A<8>           |Y<16>          |   21.577|
A<8>           |Y<17>          |   23.312|
A<8>           |Y<18>          |   24.056|
A<8>           |Y<19>          |   24.181|
A<8>           |Y<20>          |   24.896|
A<8>           |Y<21>          |   26.080|
A<8>           |Y<22>          |   26.801|
A<8>           |Y<23>          |   28.038|
A<8>           |Y<24>          |   28.292|
A<8>           |Y<25>          |   29.352|
A<8>           |Y<26>          |   32.584|
A<8>           |Y<27>          |   32.636|
A<8>           |Y<28>          |   32.946|
A<8>           |Y<29>          |   34.157|
A<8>           |Y<30>          |   35.346|
A<8>           |Y<31>          |   36.185|
A<9>           |Y<0>           |   38.613|
A<9>           |Y<1>           |   18.916|
A<9>           |Y<2>           |   18.113|
A<9>           |Y<3>           |   18.524|
A<9>           |Y<4>           |   17.423|
A<9>           |Y<5>           |   18.199|
A<9>           |Y<6>           |   17.345|
A<9>           |Y<7>           |   18.416|
A<9>           |Y<8>           |   17.594|
A<9>           |Y<9>           |   18.160|
A<9>           |Y<10>          |   19.496|
A<9>           |Y<11>          |   19.954|
A<9>           |Y<12>          |   21.105|
A<9>           |Y<13>          |   20.220|
A<9>           |Y<14>          |   18.083|
A<9>           |Y<15>          |   18.746|
A<9>           |Y<16>          |   19.608|
A<9>           |Y<17>          |   21.343|
A<9>           |Y<18>          |   22.087|
A<9>           |Y<19>          |   22.212|
A<9>           |Y<20>          |   22.927|
A<9>           |Y<21>          |   24.111|
A<9>           |Y<22>          |   24.832|
A<9>           |Y<23>          |   26.069|
A<9>           |Y<24>          |   26.323|
A<9>           |Y<25>          |   27.383|
A<9>           |Y<26>          |   30.615|
A<9>           |Y<27>          |   30.667|
A<9>           |Y<28>          |   30.977|
A<9>           |Y<29>          |   32.188|
A<9>           |Y<30>          |   33.377|
A<9>           |Y<31>          |   34.216|
A<10>          |Y<0>           |   37.766|
A<10>          |Y<1>           |   17.533|
A<10>          |Y<2>           |   16.730|
A<10>          |Y<3>           |   18.467|
A<10>          |Y<4>           |   17.626|
A<10>          |Y<5>           |   17.927|
A<10>          |Y<6>           |   18.293|
A<10>          |Y<7>           |   18.618|
A<10>          |Y<8>           |   17.323|
A<10>          |Y<9>           |   18.141|
A<10>          |Y<10>          |   19.395|
A<10>          |Y<11>          |   18.217|
A<10>          |Y<12>          |   19.818|
A<10>          |Y<13>          |   20.785|
A<10>          |Y<14>          |   17.658|
A<10>          |Y<15>          |   17.899|
A<10>          |Y<16>          |   18.761|
A<10>          |Y<17>          |   20.496|
A<10>          |Y<18>          |   21.240|
A<10>          |Y<19>          |   21.365|
A<10>          |Y<20>          |   22.080|
A<10>          |Y<21>          |   23.264|
A<10>          |Y<22>          |   23.985|
A<10>          |Y<23>          |   25.222|
A<10>          |Y<24>          |   25.476|
A<10>          |Y<25>          |   26.536|
A<10>          |Y<26>          |   29.768|
A<10>          |Y<27>          |   29.820|
A<10>          |Y<28>          |   30.130|
A<10>          |Y<29>          |   31.341|
A<10>          |Y<30>          |   32.530|
A<10>          |Y<31>          |   33.369|
A<11>          |Y<0>           |   38.180|
A<11>          |Y<1>           |   20.227|
A<11>          |Y<2>           |   19.424|
A<11>          |Y<3>           |   20.204|
A<11>          |Y<4>           |   19.363|
A<11>          |Y<5>           |   19.392|
A<11>          |Y<6>           |   19.754|
A<11>          |Y<7>           |   20.247|
A<11>          |Y<8>           |   18.271|
A<11>          |Y<9>           |   19.379|
A<11>          |Y<10>          |   20.571|
A<11>          |Y<11>          |   19.800|
A<11>          |Y<12>          |   20.951|
A<11>          |Y<13>          |   21.106|
A<11>          |Y<14>          |   18.969|
A<11>          |Y<15>          |   18.313|
A<11>          |Y<16>          |   19.175|
A<11>          |Y<17>          |   20.910|
A<11>          |Y<18>          |   21.654|
A<11>          |Y<19>          |   21.779|
A<11>          |Y<20>          |   22.494|
A<11>          |Y<21>          |   23.678|
A<11>          |Y<22>          |   24.399|
A<11>          |Y<23>          |   25.636|
A<11>          |Y<24>          |   25.890|
A<11>          |Y<25>          |   26.950|
A<11>          |Y<26>          |   30.182|
A<11>          |Y<27>          |   30.234|
A<11>          |Y<28>          |   30.544|
A<11>          |Y<29>          |   31.755|
A<11>          |Y<30>          |   32.944|
A<11>          |Y<31>          |   33.783|
A<12>          |Y<0>           |   36.232|
A<12>          |Y<1>           |   20.672|
A<12>          |Y<2>           |   19.869|
A<12>          |Y<3>           |   20.649|
A<12>          |Y<4>           |   20.394|
A<12>          |Y<5>           |   21.389|
A<12>          |Y<6>           |   21.755|
A<12>          |Y<7>           |   22.025|
A<12>          |Y<8>           |   20.272|
A<12>          |Y<9>           |   21.157|
A<12>          |Y<10>          |   22.572|
A<12>          |Y<11>          |   21.355|
A<12>          |Y<12>          |   22.926|
A<12>          |Y<13>          |   23.370|
A<12>          |Y<14>          |   21.404|
A<12>          |Y<15>          |   21.051|
A<12>          |Y<16>          |   20.871|
A<12>          |Y<17>          |   22.649|
A<12>          |Y<18>          |   22.164|
A<12>          |Y<19>          |   23.250|
A<12>          |Y<20>          |   21.097|
A<12>          |Y<21>          |   21.730|
A<12>          |Y<22>          |   22.451|
A<12>          |Y<23>          |   23.688|
A<12>          |Y<24>          |   23.942|
A<12>          |Y<25>          |   25.002|
A<12>          |Y<26>          |   28.234|
A<12>          |Y<27>          |   28.286|
A<12>          |Y<28>          |   28.596|
A<12>          |Y<29>          |   29.807|
A<12>          |Y<30>          |   30.996|
A<12>          |Y<31>          |   31.835|
A<13>          |Y<0>           |   33.587|
A<13>          |Y<1>           |   17.539|
A<13>          |Y<2>           |   16.736|
A<13>          |Y<3>           |   18.144|
A<13>          |Y<4>           |   17.303|
A<13>          |Y<5>           |   17.604|
A<13>          |Y<6>           |   17.970|
A<13>          |Y<7>           |   17.822|
A<13>          |Y<8>           |   17.000|
A<13>          |Y<9>           |   16.476|
A<13>          |Y<10>          |   18.176|
A<13>          |Y<11>          |   17.254|
A<13>          |Y<12>          |   18.825|
A<13>          |Y<13>          |   19.120|
A<13>          |Y<14>          |   17.193|
A<13>          |Y<15>          |   16.739|
A<13>          |Y<16>          |   16.559|
A<13>          |Y<17>          |   18.383|
A<13>          |Y<18>          |   18.088|
A<13>          |Y<19>          |   19.149|
A<13>          |Y<20>          |   17.901|
A<13>          |Y<21>          |   19.085|
A<13>          |Y<22>          |   19.806|
A<13>          |Y<23>          |   21.043|
A<13>          |Y<24>          |   21.297|
A<13>          |Y<25>          |   22.357|
A<13>          |Y<26>          |   25.589|
A<13>          |Y<27>          |   25.641|
A<13>          |Y<28>          |   25.951|
A<13>          |Y<29>          |   27.162|
A<13>          |Y<30>          |   28.351|
A<13>          |Y<31>          |   29.190|
A<14>          |Y<0>           |   34.869|
A<14>          |Y<1>           |   18.641|
A<14>          |Y<2>           |   17.850|
A<14>          |Y<3>           |   19.178|
A<14>          |Y<4>           |   18.077|
A<14>          |Y<5>           |   18.853|
A<14>          |Y<6>           |   17.999|
A<14>          |Y<7>           |   19.247|
A<14>          |Y<8>           |   18.425|
A<14>          |Y<9>           |   18.471|
A<14>          |Y<10>          |   19.601|
A<14>          |Y<11>          |   18.852|
A<14>          |Y<12>          |   20.423|
A<14>          |Y<13>          |   20.602|
A<14>          |Y<14>          |   18.791|
A<14>          |Y<15>          |   17.869|
A<14>          |Y<16>          |   17.689|
A<14>          |Y<17>          |   19.981|
A<14>          |Y<18>          |   19.396|
A<14>          |Y<19>          |   20.747|
A<14>          |Y<20>          |   19.183|
A<14>          |Y<21>          |   20.367|
A<14>          |Y<22>          |   21.088|
A<14>          |Y<23>          |   22.325|
A<14>          |Y<24>          |   22.579|
A<14>          |Y<25>          |   23.639|
A<14>          |Y<26>          |   26.871|
A<14>          |Y<27>          |   26.923|
A<14>          |Y<28>          |   27.233|
A<14>          |Y<29>          |   28.444|
A<14>          |Y<30>          |   29.633|
A<14>          |Y<31>          |   30.472|
A<15>          |Y<0>           |   35.437|
A<15>          |Y<1>           |   20.437|
A<15>          |Y<2>           |   19.634|
A<15>          |Y<3>           |   20.414|
A<15>          |Y<4>           |   19.573|
A<15>          |Y<5>           |   20.416|
A<15>          |Y<6>           |   20.782|
A<15>          |Y<7>           |   20.121|
A<15>          |Y<8>           |   19.299|
A<15>          |Y<9>           |   19.847|
A<15>          |Y<10>          |   19.987|
A<15>          |Y<11>          |   19.727|
A<15>          |Y<12>          |   21.117|
A<15>          |Y<13>          |   22.084|
A<15>          |Y<14>          |   19.870|
A<15>          |Y<15>          |   19.764|
A<15>          |Y<16>          |   19.534|
A<15>          |Y<17>          |   21.060|
A<15>          |Y<18>          |   20.878|
A<15>          |Y<19>          |   21.441|
A<15>          |Y<20>          |   19.751|
A<15>          |Y<21>          |   20.935|
A<15>          |Y<22>          |   21.656|
A<15>          |Y<23>          |   22.893|
A<15>          |Y<24>          |   23.147|
A<15>          |Y<25>          |   24.207|
A<15>          |Y<26>          |   27.439|
A<15>          |Y<27>          |   27.491|
A<15>          |Y<28>          |   27.801|
A<15>          |Y<29>          |   29.012|
A<15>          |Y<30>          |   30.201|
A<15>          |Y<31>          |   31.040|
A<16>          |Y<0>           |   33.604|
A<16>          |Y<1>           |   18.933|
A<16>          |Y<2>           |   18.130|
A<16>          |Y<3>           |   18.910|
A<16>          |Y<4>           |   18.069|
A<16>          |Y<5>           |   18.912|
A<16>          |Y<6>           |   19.278|
A<16>          |Y<7>           |   18.617|
A<16>          |Y<8>           |   18.469|
A<16>          |Y<9>           |   19.773|
A<16>          |Y<10>          |   19.913|
A<16>          |Y<11>          |   19.653|
A<16>          |Y<12>          |   21.043|
A<16>          |Y<13>          |   22.010|
A<16>          |Y<14>          |   19.796|
A<16>          |Y<15>          |   19.690|
A<16>          |Y<16>          |   19.460|
A<16>          |Y<17>          |   20.986|
A<16>          |Y<18>          |   20.804|
A<16>          |Y<19>          |   21.367|
A<16>          |Y<20>          |   19.395|
A<16>          |Y<21>          |   19.102|
A<16>          |Y<22>          |   19.823|
A<16>          |Y<23>          |   21.060|
A<16>          |Y<24>          |   21.314|
A<16>          |Y<25>          |   22.374|
A<16>          |Y<26>          |   25.606|
A<16>          |Y<27>          |   25.658|
A<16>          |Y<28>          |   25.968|
A<16>          |Y<29>          |   27.179|
A<16>          |Y<30>          |   28.368|
A<16>          |Y<31>          |   29.207|
A<17>          |Y<0>           |   31.284|
A<17>          |Y<1>           |   18.670|
A<17>          |Y<2>           |   17.867|
A<17>          |Y<3>           |   17.509|
A<17>          |Y<4>           |   16.500|
A<17>          |Y<5>           |   17.184|
A<17>          |Y<6>           |   17.167|
A<17>          |Y<7>           |   19.276|
A<17>          |Y<8>           |   18.454|
A<17>          |Y<9>           |   17.858|
A<17>          |Y<10>          |   19.630|
A<17>          |Y<11>          |   18.881|
A<17>          |Y<12>          |   20.452|
A<17>          |Y<13>          |   20.631|
A<17>          |Y<14>          |   18.820|
A<17>          |Y<15>          |   16.200|
A<17>          |Y<16>          |   16.020|
A<17>          |Y<17>          |   20.010|
A<17>          |Y<18>          |   19.425|
A<17>          |Y<19>          |   20.776|
A<17>          |Y<20>          |   18.623|
A<17>          |Y<21>          |   18.239|
A<17>          |Y<22>          |   17.770|
A<17>          |Y<23>          |   19.038|
A<17>          |Y<24>          |   18.994|
A<17>          |Y<25>          |   20.054|
A<17>          |Y<26>          |   23.286|
A<17>          |Y<27>          |   23.338|
A<17>          |Y<28>          |   23.648|
A<17>          |Y<29>          |   24.859|
A<17>          |Y<30>          |   26.048|
A<17>          |Y<31>          |   26.887|
A<18>          |Y<0>           |   31.262|
A<18>          |Y<1>           |   17.812|
A<18>          |Y<2>           |   17.009|
A<18>          |Y<3>           |   17.593|
A<18>          |Y<4>           |   16.752|
A<18>          |Y<5>           |   17.053|
A<18>          |Y<6>           |   17.419|
A<18>          |Y<7>           |   17.837|
A<18>          |Y<8>           |   16.449|
A<18>          |Y<9>           |   17.360|
A<18>          |Y<10>          |   17.696|
A<18>          |Y<11>          |   17.436|
A<18>          |Y<12>          |   19.037|
A<18>          |Y<13>          |   20.004|
A<18>          |Y<14>          |   16.642|
A<18>          |Y<15>          |   16.188|
A<18>          |Y<16>          |   16.008|
A<18>          |Y<17>          |   17.832|
A<18>          |Y<18>          |   18.798|
A<18>          |Y<19>          |   19.361|
A<18>          |Y<20>          |   17.178|
A<18>          |Y<21>          |   16.760|
A<18>          |Y<22>          |   17.481|
A<18>          |Y<23>          |   18.718|
A<18>          |Y<24>          |   18.972|
A<18>          |Y<25>          |   20.032|
A<18>          |Y<26>          |   23.264|
A<18>          |Y<27>          |   23.316|
A<18>          |Y<28>          |   23.626|
A<18>          |Y<29>          |   24.837|
A<18>          |Y<30>          |   26.026|
A<18>          |Y<31>          |   26.865|
A<19>          |Y<0>           |   29.393|
A<19>          |Y<1>           |   16.848|
A<19>          |Y<2>           |   16.045|
A<19>          |Y<3>           |   16.825|
A<19>          |Y<4>           |   16.532|
A<19>          |Y<5>           |   17.565|
A<19>          |Y<6>           |   17.931|
A<19>          |Y<7>           |   18.163|
A<19>          |Y<8>           |   16.448|
A<19>          |Y<9>           |   17.295|
A<19>          |Y<10>          |   18.748|
A<19>          |Y<11>          |   17.531|
A<19>          |Y<12>          |   19.102|
A<19>          |Y<13>          |   19.508|
A<19>          |Y<14>          |   17.542|
A<19>          |Y<15>          |   17.189|
A<19>          |Y<16>          |   17.009|
A<19>          |Y<17>          |   18.787|
A<19>          |Y<18>          |   18.302|
A<19>          |Y<19>          |   19.426|
A<19>          |Y<20>          |   17.273|
A<19>          |Y<21>          |   17.357|
A<19>          |Y<22>          |   17.207|
A<19>          |Y<23>          |   17.032|
A<19>          |Y<24>          |   17.103|
A<19>          |Y<25>          |   18.163|
A<19>          |Y<26>          |   21.395|
A<19>          |Y<27>          |   21.447|
A<19>          |Y<28>          |   21.757|
A<19>          |Y<29>          |   22.968|
A<19>          |Y<30>          |   24.157|
A<19>          |Y<31>          |   24.996|
A<20>          |Y<0>           |   29.692|
A<20>          |Y<1>           |   20.464|
A<20>          |Y<2>           |   19.661|
A<20>          |Y<3>           |   20.441|
A<20>          |Y<4>           |   19.600|
A<20>          |Y<5>           |   18.658|
A<20>          |Y<6>           |   19.024|
A<20>          |Y<7>           |   19.295|
A<20>          |Y<8>           |   17.541|
A<20>          |Y<9>           |   18.427|
A<20>          |Y<10>          |   19.841|
A<20>          |Y<11>          |   19.070|
A<20>          |Y<12>          |   20.221|
A<20>          |Y<13>          |   20.376|
A<20>          |Y<14>          |   18.239|
A<20>          |Y<15>          |   17.342|
A<20>          |Y<16>          |   17.162|
A<20>          |Y<17>          |   19.484|
A<20>          |Y<18>          |   19.459|
A<20>          |Y<19>          |   20.519|
A<20>          |Y<20>          |   18.674|
A<20>          |Y<21>          |   18.450|
A<20>          |Y<22>          |   18.339|
A<20>          |Y<23>          |   18.125|
A<20>          |Y<24>          |   17.686|
A<20>          |Y<25>          |   18.462|
A<20>          |Y<26>          |   21.694|
A<20>          |Y<27>          |   21.746|
A<20>          |Y<28>          |   22.056|
A<20>          |Y<29>          |   23.267|
A<20>          |Y<30>          |   24.456|
A<20>          |Y<31>          |   25.295|
A<21>          |Y<0>           |   27.033|
A<21>          |Y<1>           |   17.835|
A<21>          |Y<2>           |   16.720|
A<21>          |Y<3>           |   18.048|
A<21>          |Y<4>           |   17.175|
A<21>          |Y<5>           |   17.723|
A<21>          |Y<6>           |   17.842|
A<21>          |Y<7>           |   17.694|
A<21>          |Y<8>           |   16.872|
A<21>          |Y<9>           |   16.533|
A<21>          |Y<10>          |   18.048|
A<21>          |Y<11>          |   16.609|
A<21>          |Y<12>          |   18.210|
A<21>          |Y<13>          |   19.177|
A<21>          |Y<14>          |   16.050|
A<21>          |Y<15>          |   15.697|
A<21>          |Y<16>          |   15.517|
A<21>          |Y<17>          |   17.295|
A<21>          |Y<18>          |   17.971|
A<21>          |Y<19>          |   18.534|
A<21>          |Y<20>          |   16.351|
A<21>          |Y<21>          |   16.657|
A<21>          |Y<22>          |   16.445|
A<21>          |Y<23>          |   17.456|
A<21>          |Y<24>          |   16.085|
A<21>          |Y<25>          |   17.216|
A<21>          |Y<26>          |   19.035|
A<21>          |Y<27>          |   19.087|
A<21>          |Y<28>          |   19.397|
A<21>          |Y<29>          |   20.608|
A<21>          |Y<30>          |   21.797|
A<21>          |Y<31>          |   22.636|
A<22>          |Y<0>           |   25.837|
A<22>          |Y<1>           |   19.046|
A<22>          |Y<2>           |   18.243|
A<22>          |Y<3>           |   17.379|
A<22>          |Y<4>           |   16.538|
A<22>          |Y<5>           |   16.844|
A<22>          |Y<6>           |   17.205|
A<22>          |Y<7>           |   16.939|
A<22>          |Y<8>           |   15.733|
A<22>          |Y<9>           |   16.462|
A<22>          |Y<10>          |   17.635|
A<22>          |Y<11>          |   18.093|
A<22>          |Y<12>          |   19.244|
A<22>          |Y<13>          |   18.359|
A<22>          |Y<14>          |   16.222|
A<22>          |Y<15>          |   16.093|
A<22>          |Y<16>          |   15.913|
A<22>          |Y<17>          |   17.467|
A<22>          |Y<18>          |   17.442|
A<22>          |Y<19>          |   18.375|
A<22>          |Y<20>          |   17.697|
A<22>          |Y<21>          |   16.198|
A<22>          |Y<22>          |   16.374|
A<22>          |Y<23>          |   16.317|
A<22>          |Y<24>          |   15.330|
A<22>          |Y<25>          |   16.579|
A<22>          |Y<26>          |   17.839|
A<22>          |Y<27>          |   17.891|
A<22>          |Y<28>          |   18.201|
A<22>          |Y<29>          |   19.412|
A<22>          |Y<30>          |   20.601|
A<22>          |Y<31>          |   21.440|
A<23>          |Y<0>           |   24.991|
A<23>          |Y<1>           |   18.834|
A<23>          |Y<2>           |   18.031|
A<23>          |Y<3>           |   18.811|
A<23>          |Y<4>           |   17.970|
A<23>          |Y<5>           |   18.813|
A<23>          |Y<6>           |   19.179|
A<23>          |Y<7>           |   18.518|
A<23>          |Y<8>           |   17.696|
A<23>          |Y<9>           |   16.948|
A<23>          |Y<10>          |   19.069|
A<23>          |Y<11>          |   17.479|
A<23>          |Y<12>          |   18.105|
A<23>          |Y<13>          |   18.715|
A<23>          |Y<14>          |   17.523|
A<23>          |Y<15>          |   17.170|
A<23>          |Y<16>          |   16.990|
A<23>          |Y<17>          |   18.768|
A<23>          |Y<18>          |   17.798|
A<23>          |Y<19>          |   17.909|
A<23>          |Y<20>          |   17.083|
A<23>          |Y<21>          |   17.632|
A<23>          |Y<22>          |   16.227|
A<23>          |Y<23>          |   18.280|
A<23>          |Y<24>          |   16.909|
A<23>          |Y<25>          |   18.553|
A<23>          |Y<26>          |   18.118|
A<23>          |Y<27>          |   17.154|
A<23>          |Y<28>          |   17.926|
A<23>          |Y<29>          |   18.718|
A<23>          |Y<30>          |   19.755|
A<23>          |Y<31>          |   20.594|
A<24>          |Y<0>           |   23.477|
A<24>          |Y<1>           |   19.089|
A<24>          |Y<2>           |   18.286|
A<24>          |Y<3>           |   19.066|
A<24>          |Y<4>           |   18.225|
A<24>          |Y<5>           |   19.068|
A<24>          |Y<6>           |   19.434|
A<24>          |Y<7>           |   18.773|
A<24>          |Y<8>           |   17.951|
A<24>          |Y<9>           |   15.785|
A<24>          |Y<10>          |   16.938|
A<24>          |Y<11>          |   15.813|
A<24>          |Y<12>          |   17.292|
A<24>          |Y<13>          |   17.765|
A<24>          |Y<14>          |   15.954|
A<24>          |Y<15>          |   15.733|
A<24>          |Y<16>          |   15.553|
A<24>          |Y<17>          |   17.144|
A<24>          |Y<18>          |   16.559|
A<24>          |Y<19>          |   17.616|
A<24>          |Y<20>          |   15.463|
A<24>          |Y<21>          |   15.547|
A<24>          |Y<22>          |   15.078|
A<24>          |Y<23>          |   18.535|
A<24>          |Y<24>          |   17.164|
A<24>          |Y<25>          |   18.808|
A<24>          |Y<26>          |   18.373|
A<24>          |Y<27>          |   17.409|
A<24>          |Y<28>          |   18.181|
A<24>          |Y<29>          |   18.973|
A<24>          |Y<30>          |   18.241|
A<24>          |Y<31>          |   19.080|
A<25>          |Y<0>           |   22.598|
A<25>          |Y<1>           |   17.796|
A<25>          |Y<2>           |   16.993|
A<25>          |Y<3>           |   17.767|
A<25>          |Y<4>           |   16.666|
A<25>          |Y<5>           |   17.442|
A<25>          |Y<6>           |   16.588|
A<25>          |Y<7>           |   17.537|
A<25>          |Y<8>           |   15.778|
A<25>          |Y<9>           |   17.060|
A<25>          |Y<10>          |   16.320|
A<25>          |Y<11>          |   16.060|
A<25>          |Y<12>          |   17.661|
A<25>          |Y<13>          |   18.628|
A<25>          |Y<14>          |   17.016|
A<25>          |Y<15>          |   16.663|
A<25>          |Y<16>          |   16.483|
A<25>          |Y<17>          |   18.261|
A<25>          |Y<18>          |   17.422|
A<25>          |Y<19>          |   17.985|
A<25>          |Y<20>          |   15.802|
A<25>          |Y<21>          |   14.929|
A<25>          |Y<22>          |   16.972|
A<25>          |Y<23>          |   16.340|
A<25>          |Y<24>          |   15.928|
A<25>          |Y<25>          |   15.962|
A<25>          |Y<26>          |   16.747|
A<25>          |Y<27>          |   15.850|
A<25>          |Y<28>          |   16.882|
A<25>          |Y<29>          |   17.680|
A<25>          |Y<30>          |   17.362|
A<25>          |Y<31>          |   18.201|
A<26>          |Y<0>           |   22.220|
A<26>          |Y<1>           |   16.836|
A<26>          |Y<2>           |   16.033|
A<26>          |Y<3>           |   17.770|
A<26>          |Y<4>           |   16.929|
A<26>          |Y<5>           |   17.531|
A<26>          |Y<6>           |   17.798|
A<26>          |Y<7>           |   17.448|
A<26>          |Y<8>           |   17.009|
A<26>          |Y<9>           |   16.030|
A<26>          |Y<10>          |   17.802|
A<26>          |Y<11>          |   16.164|
A<26>          |Y<12>          |   17.735|
A<26>          |Y<13>          |   17.915|
A<26>          |Y<14>          |   16.103|
A<26>          |Y<15>          |   15.649|
A<26>          |Y<16>          |   15.469|
A<26>          |Y<17>          |   17.293|
A<26>          |Y<18>          |   16.998|
A<26>          |Y<19>          |   18.059|
A<26>          |Y<20>          |   15.906|
A<26>          |Y<21>          |   16.411|
A<26>          |Y<22>          |   15.942|
A<26>          |Y<23>          |   17.210|
A<26>          |Y<24>          |   15.839|
A<26>          |Y<25>          |   16.970|
A<26>          |Y<26>          |   16.932|
A<26>          |Y<27>          |   16.113|
A<26>          |Y<28>          |   16.885|
A<26>          |Y<29>          |   16.720|
A<26>          |Y<30>          |   16.984|
A<26>          |Y<31>          |   17.823|
A<27>          |Y<0>           |   19.707|
A<27>          |Y<1>           |   17.532|
A<27>          |Y<2>           |   16.729|
A<27>          |Y<3>           |   17.509|
A<27>          |Y<4>           |   17.157|
A<27>          |Y<5>           |   17.595|
A<27>          |Y<6>           |   17.450|
A<27>          |Y<7>           |   18.399|
A<27>          |Y<8>           |   16.227|
A<27>          |Y<9>           |   17.531|
A<27>          |Y<10>          |   17.671|
A<27>          |Y<11>          |   17.411|
A<27>          |Y<12>          |   18.127|
A<27>          |Y<13>          |   19.094|
A<27>          |Y<14>          |   17.128|
A<27>          |Y<15>          |   16.775|
A<27>          |Y<16>          |   16.595|
A<27>          |Y<17>          |   18.373|
A<27>          |Y<18>          |   17.888|
A<27>          |Y<19>          |   18.451|
A<27>          |Y<20>          |   17.153|
A<27>          |Y<21>          |   16.280|
A<27>          |Y<22>          |   17.443|
A<27>          |Y<23>          |   16.811|
A<27>          |Y<24>          |   16.790|
A<27>          |Y<25>          |   16.824|
A<27>          |Y<26>          |   16.996|
A<27>          |Y<27>          |   15.952|
A<27>          |Y<28>          |   16.624|
A<27>          |Y<29>          |   17.416|
A<27>          |Y<30>          |   16.170|
A<27>          |Y<31>          |   15.310|
A<28>          |Y<0>           |   19.049|
A<28>          |Y<1>           |   17.329|
A<28>          |Y<2>           |   16.526|
A<28>          |Y<3>           |   18.033|
A<28>          |Y<4>           |   17.287|
A<28>          |Y<5>           |   18.046|
A<28>          |Y<6>           |   18.412|
A<28>          |Y<7>           |   17.751|
A<28>          |Y<8>           |   16.929|
A<28>          |Y<9>           |   17.457|
A<28>          |Y<10>          |   19.229|
A<28>          |Y<11>          |   18.012|
A<28>          |Y<12>          |   19.583|
A<28>          |Y<13>          |   19.259|
A<28>          |Y<14>          |   17.122|
A<28>          |Y<15>          |   16.225|
A<28>          |Y<16>          |   16.045|
A<28>          |Y<17>          |   18.367|
A<28>          |Y<18>          |   18.342|
A<28>          |Y<19>          |   19.907|
A<28>          |Y<20>          |   17.754|
A<28>          |Y<21>          |   17.838|
A<28>          |Y<22>          |   17.369|
A<28>          |Y<23>          |   17.513|
A<28>          |Y<24>          |   16.142|
A<28>          |Y<25>          |   17.786|
A<28>          |Y<26>          |   17.351|
A<28>          |Y<27>          |   15.764|
A<28>          |Y<28>          |   16.421|
A<28>          |Y<29>          |   17.213|
A<28>          |Y<30>          |   15.967|
A<28>          |Y<31>          |   14.860|
A<29>          |Y<0>           |   17.265|
A<29>          |Y<1>           |   17.455|
A<29>          |Y<2>           |   16.652|
A<29>          |Y<3>           |   17.486|
A<29>          |Y<4>           |   16.079|
A<29>          |Y<5>           |   16.855|
A<29>          |Y<6>           |   17.060|
A<29>          |Y<7>           |   18.009|
A<29>          |Y<8>           |   16.228|
A<29>          |Y<9>           |   17.532|
A<29>          |Y<10>          |   18.811|
A<29>          |Y<11>          |   17.608|
A<29>          |Y<12>          |   19.209|
A<29>          |Y<13>          |   20.176|
A<29>          |Y<14>          |   17.074|
A<29>          |Y<15>          |   16.721|
A<29>          |Y<16>          |   16.541|
A<29>          |Y<17>          |   18.319|
A<29>          |Y<18>          |   18.970|
A<29>          |Y<19>          |   19.533|
A<29>          |Y<20>          |   17.350|
A<29>          |Y<21>          |   17.374|
A<29>          |Y<22>          |   17.444|
A<29>          |Y<23>          |   16.812|
A<29>          |Y<24>          |   16.400|
A<29>          |Y<25>          |   16.434|
A<29>          |Y<26>          |   16.170|
A<29>          |Y<27>          |   15.263|
A<29>          |Y<28>          |   16.295|
A<29>          |Y<29>          |   17.339|
A<29>          |Y<30>          |   16.093|
A<29>          |Y<31>          |   15.552|
A<30>          |Y<0>           |   17.860|
A<30>          |Y<1>           |   18.872|
A<30>          |Y<2>           |   17.350|
A<30>          |Y<3>           |   20.078|
A<30>          |Y<4>           |   18.042|
A<30>          |Y<5>           |   18.788|
A<30>          |Y<6>           |   19.055|
A<30>          |Y<7>           |   17.917|
A<30>          |Y<8>           |   18.266|
A<30>          |Y<9>           |   18.554|
A<30>          |Y<10>          |   19.890|
A<30>          |Y<11>          |   20.348|
A<30>          |Y<12>          |   21.499|
A<30>          |Y<13>          |   20.614|
A<30>          |Y<14>          |   18.477|
A<30>          |Y<15>          |   18.348|
A<30>          |Y<16>          |   18.168|
A<30>          |Y<17>          |   19.722|
A<30>          |Y<18>          |   19.697|
A<30>          |Y<19>          |   20.630|
A<30>          |Y<20>          |   19.952|
A<30>          |Y<21>          |   18.453|
A<30>          |Y<22>          |   17.823|
A<30>          |Y<23>          |   17.745|
A<30>          |Y<24>          |   16.197|
A<30>          |Y<25>          |   17.629|
A<30>          |Y<26>          |   18.189|
A<30>          |Y<27>          |   16.519|
A<30>          |Y<28>          |   18.288|
A<30>          |Y<29>          |   17.707|
A<30>          |Y<30>          |   17.337|
A<30>          |Y<31>          |   14.771|
A<31>          |Y<0>           |   18.028|
A<31>          |Y<1>           |   18.936|
A<31>          |Y<2>           |   18.046|
A<31>          |Y<3>           |   20.142|
A<31>          |Y<4>           |   19.978|
A<31>          |Y<5>           |   20.416|
A<31>          |Y<6>           |   20.767|
A<31>          |Y<7>           |   20.790|
A<31>          |Y<8>           |   19.978|
A<31>          |Y<9>           |   19.948|
A<31>          |Y<10>          |   20.649|
A<31>          |Y<11>          |   19.260|
A<31>          |Y<12>          |   20.650|
A<31>          |Y<13>          |   21.617|
A<31>          |Y<14>          |   19.403|
A<31>          |Y<15>          |   19.297|
A<31>          |Y<16>          |   19.067|
A<31>          |Y<17>          |   20.593|
A<31>          |Y<18>          |   20.411|
A<31>          |Y<19>          |   20.974|
A<31>          |Y<20>          |   19.002|
A<31>          |Y<21>          |   19.212|
A<31>          |Y<22>          |   19.292|
A<31>          |Y<23>          |   19.457|
A<31>          |Y<24>          |   18.488|
A<31>          |Y<25>          |   19.341|
A<31>          |Y<26>          |   19.817|
A<31>          |Y<27>          |   18.455|
A<31>          |Y<28>          |   18.352|
A<31>          |Y<29>          |   18.720|
A<31>          |Y<30>          |   17.474|
A<31>          |Y<31>          |   17.526|
B<0>           |Y<0>           |   49.446|
B<0>           |Y<1>           |   15.329|
B<0>           |Y<2>           |   14.193|
B<0>           |Y<3>           |   16.762|
B<0>           |Y<4>           |   15.801|
B<0>           |Y<5>           |   17.086|
B<0>           |Y<6>           |   18.127|
B<0>           |Y<7>           |   19.526|
B<0>           |Y<8>           |   21.953|
B<0>           |Y<9>           |   21.675|
B<0>           |Y<10>          |   24.662|
B<0>           |Y<11>          |   24.391|
B<0>           |Y<12>          |   26.272|
B<0>           |Y<13>          |   27.777|
B<0>           |Y<14>          |   28.549|
B<0>           |Y<15>          |   29.579|
B<0>           |Y<16>          |   30.441|
B<0>           |Y<17>          |   32.176|
B<0>           |Y<18>          |   32.920|
B<0>           |Y<19>          |   33.045|
B<0>           |Y<20>          |   33.760|
B<0>           |Y<21>          |   34.944|
B<0>           |Y<22>          |   35.665|
B<0>           |Y<23>          |   36.902|
B<0>           |Y<24>          |   37.156|
B<0>           |Y<25>          |   38.216|
B<0>           |Y<26>          |   41.448|
B<0>           |Y<27>          |   41.500|
B<0>           |Y<28>          |   41.810|
B<0>           |Y<29>          |   43.021|
B<0>           |Y<30>          |   44.210|
B<0>           |Y<31>          |   45.049|
B<1>           |Y<0>           |   48.526|
B<1>           |Y<1>           |   15.663|
B<1>           |Y<2>           |   14.860|
B<1>           |Y<3>           |   15.956|
B<1>           |Y<4>           |   14.652|
B<1>           |Y<5>           |   15.858|
B<1>           |Y<6>           |   16.915|
B<1>           |Y<7>           |   18.606|
B<1>           |Y<8>           |   21.033|
B<1>           |Y<9>           |   20.755|
B<1>           |Y<10>          |   23.742|
B<1>           |Y<11>          |   23.471|
B<1>           |Y<12>          |   25.352|
B<1>           |Y<13>          |   26.857|
B<1>           |Y<14>          |   27.629|
B<1>           |Y<15>          |   28.659|
B<1>           |Y<16>          |   29.521|
B<1>           |Y<17>          |   31.256|
B<1>           |Y<18>          |   32.000|
B<1>           |Y<19>          |   32.125|
B<1>           |Y<20>          |   32.840|
B<1>           |Y<21>          |   34.024|
B<1>           |Y<22>          |   34.745|
B<1>           |Y<23>          |   35.982|
B<1>           |Y<24>          |   36.236|
B<1>           |Y<25>          |   37.296|
B<1>           |Y<26>          |   40.528|
B<1>           |Y<27>          |   40.580|
B<1>           |Y<28>          |   40.890|
B<1>           |Y<29>          |   42.101|
B<1>           |Y<30>          |   43.290|
B<1>           |Y<31>          |   44.129|
B<2>           |Y<0>           |   47.875|
B<2>           |Y<1>           |   15.824|
B<2>           |Y<2>           |   15.021|
B<2>           |Y<3>           |   16.143|
B<2>           |Y<4>           |   15.691|
B<2>           |Y<5>           |   17.046|
B<2>           |Y<6>           |   17.412|
B<2>           |Y<7>           |   17.955|
B<2>           |Y<8>           |   20.382|
B<2>           |Y<9>           |   20.104|
B<2>           |Y<10>          |   23.091|
B<2>           |Y<11>          |   22.820|
B<2>           |Y<12>          |   24.701|
B<2>           |Y<13>          |   26.206|
B<2>           |Y<14>          |   26.978|
B<2>           |Y<15>          |   28.008|
B<2>           |Y<16>          |   28.870|
B<2>           |Y<17>          |   30.605|
B<2>           |Y<18>          |   31.349|
B<2>           |Y<19>          |   31.474|
B<2>           |Y<20>          |   32.189|
B<2>           |Y<21>          |   33.373|
B<2>           |Y<22>          |   34.094|
B<2>           |Y<23>          |   35.331|
B<2>           |Y<24>          |   35.585|
B<2>           |Y<25>          |   36.645|
B<2>           |Y<26>          |   39.877|
B<2>           |Y<27>          |   39.929|
B<2>           |Y<28>          |   40.239|
B<2>           |Y<29>          |   41.450|
B<2>           |Y<30>          |   42.639|
B<2>           |Y<31>          |   43.478|
B<3>           |Y<0>           |   45.689|
B<3>           |Y<1>           |   17.338|
B<3>           |Y<2>           |   16.535|
B<3>           |Y<3>           |   17.426|
B<3>           |Y<4>           |   16.585|
B<3>           |Y<5>           |   17.317|
B<3>           |Y<6>           |   17.683|
B<3>           |Y<7>           |   17.943|
B<3>           |Y<8>           |   18.196|
B<3>           |Y<9>           |   17.918|
B<3>           |Y<10>          |   20.905|
B<3>           |Y<11>          |   20.634|
B<3>           |Y<12>          |   22.515|
B<3>           |Y<13>          |   24.020|
B<3>           |Y<14>          |   24.792|
B<3>           |Y<15>          |   25.822|
B<3>           |Y<16>          |   26.684|
B<3>           |Y<17>          |   28.419|
B<3>           |Y<18>          |   29.163|
B<3>           |Y<19>          |   29.288|
B<3>           |Y<20>          |   30.003|
B<3>           |Y<21>          |   31.187|
B<3>           |Y<22>          |   31.908|
B<3>           |Y<23>          |   33.145|
B<3>           |Y<24>          |   33.399|
B<3>           |Y<25>          |   34.459|
B<3>           |Y<26>          |   37.691|
B<3>           |Y<27>          |   37.743|
B<3>           |Y<28>          |   38.053|
B<3>           |Y<29>          |   39.264|
B<3>           |Y<30>          |   40.453|
B<3>           |Y<31>          |   41.292|
B<4>           |Y<0>           |   45.060|
B<4>           |Y<1>           |   19.698|
B<4>           |Y<2>           |   18.895|
B<4>           |Y<3>           |   19.923|
B<4>           |Y<4>           |   19.082|
B<4>           |Y<5>           |   20.034|
B<4>           |Y<6>           |   20.301|
B<4>           |Y<7>           |   20.018|
B<4>           |Y<8>           |   19.512|
B<4>           |Y<9>           |   19.331|
B<4>           |Y<10>          |   21.076|
B<4>           |Y<11>          |   20.118|
B<4>           |Y<12>          |   21.886|
B<4>           |Y<13>          |   23.391|
B<4>           |Y<14>          |   24.163|
B<4>           |Y<15>          |   25.193|
B<4>           |Y<16>          |   26.055|
B<4>           |Y<17>          |   27.790|
B<4>           |Y<18>          |   28.534|
B<4>           |Y<19>          |   28.659|
B<4>           |Y<20>          |   29.374|
B<4>           |Y<21>          |   30.558|
B<4>           |Y<22>          |   31.279|
B<4>           |Y<23>          |   32.516|
B<4>           |Y<24>          |   32.770|
B<4>           |Y<25>          |   33.830|
B<4>           |Y<26>          |   37.062|
B<4>           |Y<27>          |   37.114|
B<4>           |Y<28>          |   37.424|
B<4>           |Y<29>          |   38.635|
B<4>           |Y<30>          |   39.824|
B<4>           |Y<31>          |   40.663|
B<5>           |Y<0>           |   42.877|
B<5>           |Y<5>           |   10.486|
B<5>           |Y<6>           |   11.266|
B<5>           |Y<7>           |   12.957|
B<5>           |Y<8>           |   15.384|
B<5>           |Y<9>           |   15.106|
B<5>           |Y<10>          |   18.093|
B<5>           |Y<11>          |   17.822|
B<5>           |Y<12>          |   19.703|
B<5>           |Y<13>          |   21.208|
B<5>           |Y<14>          |   21.980|
B<5>           |Y<15>          |   23.010|
B<5>           |Y<16>          |   23.872|
B<5>           |Y<17>          |   25.607|
B<5>           |Y<18>          |   26.351|
B<5>           |Y<19>          |   26.476|
B<5>           |Y<20>          |   27.191|
B<5>           |Y<21>          |   28.375|
B<5>           |Y<22>          |   29.096|
B<5>           |Y<23>          |   30.333|
B<5>           |Y<24>          |   30.587|
B<5>           |Y<25>          |   31.647|
B<5>           |Y<26>          |   34.879|
B<5>           |Y<27>          |   34.931|
B<5>           |Y<28>          |   35.241|
B<5>           |Y<29>          |   36.452|
B<5>           |Y<30>          |   37.641|
B<5>           |Y<31>          |   38.480|
B<6>           |Y<0>           |   42.226|
B<6>           |Y<6>           |   10.074|
B<6>           |Y<7>           |   12.306|
B<6>           |Y<8>           |   14.733|
B<6>           |Y<9>           |   14.455|
B<6>           |Y<10>          |   17.442|
B<6>           |Y<11>          |   17.171|
B<6>           |Y<12>          |   19.052|
B<6>           |Y<13>          |   20.557|
B<6>           |Y<14>          |   21.329|
B<6>           |Y<15>          |   22.359|
B<6>           |Y<16>          |   23.221|
B<6>           |Y<17>          |   24.956|
B<6>           |Y<18>          |   25.700|
B<6>           |Y<19>          |   25.825|
B<6>           |Y<20>          |   26.540|
B<6>           |Y<21>          |   27.724|
B<6>           |Y<22>          |   28.445|
B<6>           |Y<23>          |   29.682|
B<6>           |Y<24>          |   29.936|
B<6>           |Y<25>          |   30.996|
B<6>           |Y<26>          |   34.228|
B<6>           |Y<27>          |   34.280|
B<6>           |Y<28>          |   34.590|
B<6>           |Y<29>          |   35.801|
B<6>           |Y<30>          |   36.990|
B<6>           |Y<31>          |   37.829|
B<7>           |Y<0>           |   40.792|
B<7>           |Y<7>           |   10.804|
B<7>           |Y<8>           |   13.299|
B<7>           |Y<9>           |   13.021|
B<7>           |Y<10>          |   16.008|
B<7>           |Y<11>          |   15.737|
B<7>           |Y<12>          |   17.618|
B<7>           |Y<13>          |   19.123|
B<7>           |Y<14>          |   19.895|
B<7>           |Y<15>          |   20.925|
B<7>           |Y<16>          |   21.787|
B<7>           |Y<17>          |   23.522|
B<7>           |Y<18>          |   24.266|
B<7>           |Y<19>          |   24.391|
B<7>           |Y<20>          |   25.106|
B<7>           |Y<21>          |   26.290|
B<7>           |Y<22>          |   27.011|
B<7>           |Y<23>          |   28.248|
B<7>           |Y<24>          |   28.502|
B<7>           |Y<25>          |   29.562|
B<7>           |Y<26>          |   32.794|
B<7>           |Y<27>          |   32.846|
B<7>           |Y<28>          |   33.156|
B<7>           |Y<29>          |   34.367|
B<7>           |Y<30>          |   35.556|
B<7>           |Y<31>          |   36.395|
B<8>           |Y<0>           |   39.182|
B<8>           |Y<8>           |   10.205|
B<8>           |Y<9>           |   11.411|
B<8>           |Y<10>          |   14.398|
B<8>           |Y<11>          |   14.127|
B<8>           |Y<12>          |   16.008|
B<8>           |Y<13>          |   17.513|
B<8>           |Y<14>          |   18.285|
B<8>           |Y<15>          |   19.315|
B<8>           |Y<16>          |   20.177|
B<8>           |Y<17>          |   21.912|
B<8>           |Y<18>          |   22.656|
B<8>           |Y<19>          |   22.781|
B<8>           |Y<20>          |   23.496|
B<8>           |Y<21>          |   24.680|
B<8>           |Y<22>          |   25.401|
B<8>           |Y<23>          |   26.638|
B<8>           |Y<24>          |   26.892|
B<8>           |Y<25>          |   27.952|
B<8>           |Y<26>          |   31.184|
B<8>           |Y<27>          |   31.236|
B<8>           |Y<28>          |   31.546|
B<8>           |Y<29>          |   32.757|
B<8>           |Y<30>          |   33.946|
B<8>           |Y<31>          |   34.785|
B<9>           |Y<0>           |   37.113|
B<9>           |Y<9>           |   10.607|
B<9>           |Y<10>          |   12.329|
B<9>           |Y<11>          |   12.058|
B<9>           |Y<12>          |   13.939|
B<9>           |Y<13>          |   15.444|
B<9>           |Y<14>          |   16.216|
B<9>           |Y<15>          |   17.246|
B<9>           |Y<16>          |   18.108|
B<9>           |Y<17>          |   19.843|
B<9>           |Y<18>          |   20.587|
B<9>           |Y<19>          |   20.712|
B<9>           |Y<20>          |   21.427|
B<9>           |Y<21>          |   22.611|
B<9>           |Y<22>          |   23.332|
B<9>           |Y<23>          |   24.569|
B<9>           |Y<24>          |   24.823|
B<9>           |Y<25>          |   25.883|
B<9>           |Y<26>          |   29.115|
B<9>           |Y<27>          |   29.167|
B<9>           |Y<28>          |   29.477|
B<9>           |Y<29>          |   30.688|
B<9>           |Y<30>          |   31.877|
B<9>           |Y<31>          |   32.716|
B<10>          |Y<0>           |   35.928|
B<10>          |Y<10>          |   10.974|
B<10>          |Y<11>          |   10.873|
B<10>          |Y<12>          |   12.754|
B<10>          |Y<13>          |   14.259|
B<10>          |Y<14>          |   15.031|
B<10>          |Y<15>          |   16.061|
B<10>          |Y<16>          |   16.923|
B<10>          |Y<17>          |   18.658|
B<10>          |Y<18>          |   19.402|
B<10>          |Y<19>          |   19.527|
B<10>          |Y<20>          |   20.242|
B<10>          |Y<21>          |   21.426|
B<10>          |Y<22>          |   22.147|
B<10>          |Y<23>          |   23.384|
B<10>          |Y<24>          |   23.638|
B<10>          |Y<25>          |   24.698|
B<10>          |Y<26>          |   27.930|
B<10>          |Y<27>          |   27.982|
B<10>          |Y<28>          |   28.292|
B<10>          |Y<29>          |   29.503|
B<10>          |Y<30>          |   30.692|
B<10>          |Y<31>          |   31.531|
B<11>          |Y<0>           |   34.869|
B<11>          |Y<11>          |   10.571|
B<11>          |Y<12>          |   11.695|
B<11>          |Y<13>          |   13.200|
B<11>          |Y<14>          |   13.972|
B<11>          |Y<15>          |   15.002|
B<11>          |Y<16>          |   15.864|
B<11>          |Y<17>          |   17.599|
B<11>          |Y<18>          |   18.343|
B<11>          |Y<19>          |   18.468|
B<11>          |Y<20>          |   19.183|
B<11>          |Y<21>          |   20.367|
B<11>          |Y<22>          |   21.088|
B<11>          |Y<23>          |   22.325|
B<11>          |Y<24>          |   22.579|
B<11>          |Y<25>          |   23.639|
B<11>          |Y<26>          |   26.871|
B<11>          |Y<27>          |   26.923|
B<11>          |Y<28>          |   27.233|
B<11>          |Y<29>          |   28.444|
B<11>          |Y<30>          |   29.633|
B<11>          |Y<31>          |   30.472|
B<12>          |Y<0>           |   34.754|
B<12>          |Y<12>          |   10.912|
B<12>          |Y<13>          |   13.085|
B<12>          |Y<14>          |   13.857|
B<12>          |Y<15>          |   14.887|
B<12>          |Y<16>          |   15.749|
B<12>          |Y<17>          |   17.484|
B<12>          |Y<18>          |   18.228|
B<12>          |Y<19>          |   18.353|
B<12>          |Y<20>          |   19.068|
B<12>          |Y<21>          |   20.252|
B<12>          |Y<22>          |   20.973|
B<12>          |Y<23>          |   22.210|
B<12>          |Y<24>          |   22.464|
B<12>          |Y<25>          |   23.524|
B<12>          |Y<26>          |   26.756|
B<12>          |Y<27>          |   26.808|
B<12>          |Y<28>          |   27.118|
B<12>          |Y<29>          |   28.329|
B<12>          |Y<30>          |   29.518|
B<12>          |Y<31>          |   30.357|
B<13>          |Y<0>           |   31.411|
B<13>          |Y<13>          |   11.284|
B<13>          |Y<14>          |   10.514|
B<13>          |Y<15>          |   11.544|
B<13>          |Y<16>          |   12.406|
B<13>          |Y<17>          |   14.141|
B<13>          |Y<18>          |   14.885|
B<13>          |Y<19>          |   15.010|
B<13>          |Y<20>          |   15.725|
B<13>          |Y<21>          |   16.909|
B<13>          |Y<22>          |   17.630|
B<13>          |Y<23>          |   18.867|
B<13>          |Y<24>          |   19.121|
B<13>          |Y<25>          |   20.181|
B<13>          |Y<26>          |   23.413|
B<13>          |Y<27>          |   23.465|
B<13>          |Y<28>          |   23.775|
B<13>          |Y<29>          |   24.986|
B<13>          |Y<30>          |   26.175|
B<13>          |Y<31>          |   27.014|
B<14>          |Y<0>           |   30.728|
B<14>          |Y<14>          |   10.516|
B<14>          |Y<15>          |   10.861|
B<14>          |Y<16>          |   11.723|
B<14>          |Y<17>          |   13.458|
B<14>          |Y<18>          |   14.202|
B<14>          |Y<19>          |   14.327|
B<14>          |Y<20>          |   15.042|
B<14>          |Y<21>          |   16.226|
B<14>          |Y<22>          |   16.947|
B<14>          |Y<23>          |   18.184|
B<14>          |Y<24>          |   18.438|
B<14>          |Y<25>          |   19.498|
B<14>          |Y<26>          |   22.730|
B<14>          |Y<27>          |   22.782|
B<14>          |Y<28>          |   23.092|
B<14>          |Y<29>          |   24.303|
B<14>          |Y<30>          |   25.492|
B<14>          |Y<31>          |   26.331|
B<15>          |Y<0>           |   30.291|
B<15>          |Y<15>          |    9.697|
B<15>          |Y<16>          |   11.286|
B<15>          |Y<17>          |   13.021|
B<15>          |Y<18>          |   13.765|
B<15>          |Y<19>          |   13.890|
B<15>          |Y<20>          |   14.605|
B<15>          |Y<21>          |   15.789|
B<15>          |Y<22>          |   16.510|
B<15>          |Y<23>          |   17.747|
B<15>          |Y<24>          |   18.001|
B<15>          |Y<25>          |   19.061|
B<15>          |Y<26>          |   22.293|
B<15>          |Y<27>          |   22.345|
B<15>          |Y<28>          |   22.655|
B<15>          |Y<29>          |   23.866|
B<15>          |Y<30>          |   25.055|
B<15>          |Y<31>          |   25.894|
B<16>          |Y<0>           |   29.867|
B<16>          |Y<16>          |    9.999|
B<16>          |Y<17>          |   12.597|
B<16>          |Y<18>          |   13.341|
B<16>          |Y<19>          |   13.466|
B<16>          |Y<20>          |   14.181|
B<16>          |Y<21>          |   15.365|
B<16>          |Y<22>          |   16.086|
B<16>          |Y<23>          |   17.323|
B<16>          |Y<24>          |   17.577|
B<16>          |Y<25>          |   18.637|
B<16>          |Y<26>          |   21.869|
B<16>          |Y<27>          |   21.921|
B<16>          |Y<28>          |   22.231|
B<16>          |Y<29>          |   23.442|
B<16>          |Y<30>          |   24.631|
B<16>          |Y<31>          |   25.470|
B<17>          |Y<0>           |   28.771|
B<17>          |Y<17>          |   12.325|
B<17>          |Y<18>          |   12.245|
B<17>          |Y<19>          |   12.370|
B<17>          |Y<20>          |   13.085|
B<17>          |Y<21>          |   14.269|
B<17>          |Y<22>          |   14.990|
B<17>          |Y<23>          |   16.227|
B<17>          |Y<24>          |   16.481|
B<17>          |Y<25>          |   17.541|
B<17>          |Y<26>          |   20.773|
B<17>          |Y<27>          |   20.825|
B<17>          |Y<28>          |   21.135|
B<17>          |Y<29>          |   22.346|
B<17>          |Y<30>          |   23.535|
B<17>          |Y<31>          |   24.374|
B<18>          |Y<0>           |   28.104|
B<18>          |Y<18>          |   10.307|
B<18>          |Y<19>          |   11.703|
B<18>          |Y<20>          |   12.418|
B<18>          |Y<21>          |   13.602|
B<18>          |Y<22>          |   14.323|
B<18>          |Y<23>          |   15.560|
B<18>          |Y<24>          |   15.814|
B<18>          |Y<25>          |   16.874|
B<18>          |Y<26>          |   20.106|
B<18>          |Y<27>          |   20.158|
B<18>          |Y<28>          |   20.468|
B<18>          |Y<29>          |   21.679|
B<18>          |Y<30>          |   22.868|
B<18>          |Y<31>          |   23.707|
B<19>          |Y<0>           |   27.442|
B<19>          |Y<19>          |   10.500|
B<19>          |Y<20>          |   11.756|
B<19>          |Y<21>          |   12.940|
B<19>          |Y<22>          |   13.661|
B<19>          |Y<23>          |   14.898|
B<19>          |Y<24>          |   15.152|
B<19>          |Y<25>          |   16.212|
B<19>          |Y<26>          |   19.444|
B<19>          |Y<27>          |   19.496|
B<19>          |Y<28>          |   19.806|
B<19>          |Y<29>          |   21.017|
B<19>          |Y<30>          |   22.206|
B<19>          |Y<31>          |   23.045|
B<20>          |Y<0>           |   26.560|
B<20>          |Y<20>          |    9.120|
B<20>          |Y<21>          |   12.058|
B<20>          |Y<22>          |   12.779|
B<20>          |Y<23>          |   14.016|
B<20>          |Y<24>          |   14.270|
B<20>          |Y<25>          |   15.330|
B<20>          |Y<26>          |   18.562|
B<20>          |Y<27>          |   18.614|
B<20>          |Y<28>          |   18.924|
B<20>          |Y<29>          |   20.135|
B<20>          |Y<30>          |   21.324|
B<20>          |Y<31>          |   22.163|
B<21>          |Y<0>           |   24.952|
B<21>          |Y<21>          |   10.056|
B<21>          |Y<22>          |   11.171|
B<21>          |Y<23>          |   12.408|
B<21>          |Y<24>          |   12.662|
B<21>          |Y<25>          |   13.722|
B<21>          |Y<26>          |   16.954|
B<21>          |Y<27>          |   17.006|
B<21>          |Y<28>          |   17.316|
B<21>          |Y<29>          |   18.527|
B<21>          |Y<30>          |   19.716|
B<21>          |Y<31>          |   20.555|
B<22>          |Y<0>           |   24.153|
B<22>          |Y<22>          |    9.910|
B<22>          |Y<23>          |   11.609|
B<22>          |Y<24>          |   11.863|
B<22>          |Y<25>          |   12.923|
B<22>          |Y<26>          |   16.155|
B<22>          |Y<27>          |   16.207|
B<22>          |Y<28>          |   16.517|
B<22>          |Y<29>          |   17.728|
B<22>          |Y<30>          |   18.917|
B<22>          |Y<31>          |   19.756|
B<23>          |Y<0>           |   23.443|
B<23>          |Y<23>          |   11.336|
B<23>          |Y<24>          |   11.153|
B<23>          |Y<25>          |   12.213|
B<23>          |Y<26>          |   15.445|
B<23>          |Y<27>          |   15.497|
B<23>          |Y<28>          |   15.807|
B<23>          |Y<29>          |   17.018|
B<23>          |Y<30>          |   18.207|
B<23>          |Y<31>          |   19.046|
B<24>          |Y<0>           |   21.717|
B<24>          |Y<24>          |    9.446|
B<24>          |Y<25>          |   10.487|
B<24>          |Y<26>          |   13.719|
B<24>          |Y<27>          |   13.771|
B<24>          |Y<28>          |   14.081|
B<24>          |Y<29>          |   15.292|
B<24>          |Y<30>          |   16.481|
B<24>          |Y<31>          |   17.320|
B<25>          |Y<0>           |   20.087|
B<25>          |Y<25>          |   10.394|
B<25>          |Y<26>          |   12.089|
B<25>          |Y<27>          |   12.141|
B<25>          |Y<28>          |   12.451|
B<25>          |Y<29>          |   13.662|
B<25>          |Y<30>          |   14.851|
B<25>          |Y<31>          |   15.690|
B<26>          |Y<0>           |   19.343|
B<26>          |Y<26>          |   11.561|
B<26>          |Y<27>          |   11.397|
B<26>          |Y<28>          |   11.707|
B<26>          |Y<29>          |   12.918|
B<26>          |Y<30>          |   14.107|
B<26>          |Y<31>          |   14.946|
B<27>          |Y<0>           |   18.441|
B<27>          |Y<27>          |   10.307|
B<27>          |Y<28>          |   10.805|
B<27>          |Y<29>          |   12.016|
B<27>          |Y<30>          |   13.205|
B<27>          |Y<31>          |   14.044|
B<28>          |Y<0>           |   18.129|
B<28>          |Y<28>          |   10.482|
B<28>          |Y<29>          |   11.704|
B<28>          |Y<30>          |   12.893|
B<28>          |Y<31>          |   13.732|
B<29>          |Y<0>           |   17.395|
B<29>          |Y<29>          |   11.564|
B<29>          |Y<30>          |   12.159|
B<29>          |Y<31>          |   12.998|
B<30>          |Y<0>           |   16.748|
B<30>          |Y<30>          |   10.744|
B<30>          |Y<31>          |   12.351|
B<31>          |Y<0>           |   14.843|
B<31>          |Y<31>          |   11.086|
FN<0>          |Y<0>           |   49.334|
FN<0>          |Y<1>           |   19.804|
FN<0>          |Y<2>           |   19.001|
FN<0>          |Y<3>           |   20.895|
FN<0>          |Y<4>           |   18.940|
FN<0>          |Y<5>           |   19.783|
FN<0>          |Y<6>           |   20.149|
FN<0>          |Y<7>           |   19.488|
FN<0>          |Y<8>           |   21.841|
FN<0>          |Y<9>           |   21.563|
FN<0>          |Y<10>          |   24.550|
FN<0>          |Y<11>          |   24.279|
FN<0>          |Y<12>          |   26.160|
FN<0>          |Y<13>          |   27.665|
FN<0>          |Y<14>          |   28.437|
FN<0>          |Y<15>          |   29.467|
FN<0>          |Y<16>          |   30.329|
FN<0>          |Y<17>          |   32.064|
FN<0>          |Y<18>          |   32.808|
FN<0>          |Y<19>          |   32.933|
FN<0>          |Y<20>          |   33.648|
FN<0>          |Y<21>          |   34.832|
FN<0>          |Y<22>          |   35.553|
FN<0>          |Y<23>          |   36.790|
FN<0>          |Y<24>          |   37.044|
FN<0>          |Y<25>          |   38.104|
FN<0>          |Y<26>          |   41.336|
FN<0>          |Y<27>          |   41.388|
FN<0>          |Y<28>          |   41.698|
FN<0>          |Y<29>          |   42.909|
FN<0>          |Y<30>          |   44.098|
FN<0>          |Y<31>          |   44.937|
FN<1>          |Y<0>           |   15.666|
FN<1>          |Y<1>           |   19.082|
FN<1>          |Y<2>           |   18.279|
FN<1>          |Y<3>           |   19.059|
FN<1>          |Y<4>           |   18.218|
FN<1>          |Y<5>           |   19.061|
FN<1>          |Y<6>           |   19.427|
FN<1>          |Y<7>           |   18.875|
FN<1>          |Y<8>           |   18.363|
FN<1>          |Y<9>           |   18.007|
FN<1>          |Y<10>          |   20.090|
FN<1>          |Y<11>          |   18.500|
FN<1>          |Y<12>          |   19.553|
FN<1>          |Y<13>          |   20.220|
FN<1>          |Y<14>          |   18.544|
FN<1>          |Y<15>          |   18.191|
FN<1>          |Y<16>          |   18.011|
FN<1>          |Y<17>          |   19.789|
FN<1>          |Y<18>          |   19.014|
FN<1>          |Y<19>          |   19.625|
FN<1>          |Y<20>          |   18.104|
FN<1>          |Y<21>          |   18.653|
FN<1>          |Y<22>          |   17.919|
FN<1>          |Y<23>          |   18.528|
FN<1>          |Y<24>          |   17.266|
FN<1>          |Y<25>          |   18.801|
FN<1>          |Y<26>          |   18.366|
FN<1>          |Y<27>          |   17.402|
FN<1>          |Y<28>          |   18.174|
FN<1>          |Y<29>          |   18.966|
FN<1>          |Y<30>          |   17.720|
FN<1>          |Y<31>          |   15.164|
FN<2>          |Y<0>           |   12.066|
FN<2>          |Y<1>           |   11.533|
FN<2>          |Y<2>           |   10.775|
FN<2>          |Y<3>           |   11.465|
FN<2>          |Y<4>           |   10.611|
FN<2>          |Y<5>           |   10.154|
FN<2>          |Y<6>           |   10.656|
FN<2>          |Y<7>           |    9.684|
FN<2>          |Y<8>           |    9.555|
FN<2>          |Y<9>           |   10.113|
FN<2>          |Y<10>          |    9.790|
FN<2>          |Y<11>          |    9.602|
FN<2>          |Y<12>          |   10.030|
FN<2>          |Y<13>          |   10.837|
FN<2>          |Y<14>          |   10.029|
FN<2>          |Y<15>          |    8.188|
FN<2>          |Y<16>          |    8.849|
FN<2>          |Y<17>          |   10.554|
FN<2>          |Y<18>          |   10.290|
FN<2>          |Y<19>          |   11.172|
FN<2>          |Y<20>          |    8.956|
FN<2>          |Y<21>          |    8.859|
FN<2>          |Y<22>          |    8.892|
FN<2>          |Y<23>          |    9.479|
FN<2>          |Y<24>          |    8.549|
FN<2>          |Y<25>          |    8.030|
FN<2>          |Y<26>          |   11.371|
FN<2>          |Y<27>          |    9.974|
FN<2>          |Y<28>          |   10.132|
FN<2>          |Y<29>          |   10.937|
FN<2>          |Y<30>          |   10.281|
FN<2>          |Y<31>          |   10.922|
FN<3>          |Y<0>           |   11.179|
FN<3>          |Y<1>           |   11.267|
FN<3>          |Y<2>           |   10.776|
FN<3>          |Y<3>           |   11.284|
FN<3>          |Y<4>           |   11.265|
FN<3>          |Y<5>           |   10.058|
FN<3>          |Y<6>           |   10.215|
FN<3>          |Y<7>           |    9.588|
FN<3>          |Y<8>           |    9.490|
FN<3>          |Y<9>           |    9.833|
FN<3>          |Y<10>          |    9.820|
FN<3>          |Y<11>          |    9.862|
FN<3>          |Y<12>          |   10.210|
FN<3>          |Y<13>          |   10.147|
FN<3>          |Y<14>          |    9.919|
FN<3>          |Y<15>          |    8.348|
FN<3>          |Y<16>          |    8.593|
FN<3>          |Y<17>          |    9.998|
FN<3>          |Y<18>          |    9.651|
FN<3>          |Y<19>          |   10.805|
FN<3>          |Y<20>          |    9.141|
FN<3>          |Y<21>          |    8.580|
FN<3>          |Y<22>          |    8.566|
FN<3>          |Y<23>          |    9.369|
FN<3>          |Y<24>          |    8.578|
FN<3>          |Y<25>          |    8.389|
FN<3>          |Y<26>          |    9.908|
FN<3>          |Y<27>          |    9.712|
FN<3>          |Y<28>          |    9.758|
FN<3>          |Y<29>          |   10.505|
FN<3>          |Y<30>          |   10.058|
FN<3>          |Y<31>          |   10.699|
FN<4>          |Y<0>           |    9.282|
FN<4>          |Y<1>           |    8.397|
FN<4>          |Y<2>           |    7.794|
FN<4>          |Y<3>           |    8.352|
FN<4>          |Y<4>           |    8.362|
FN<4>          |Y<5>           |    8.105|
FN<4>          |Y<6>           |    7.740|
FN<4>          |Y<7>           |    7.920|
FN<4>          |Y<8>           |    7.767|
FN<4>          |Y<9>           |    7.537|
FN<4>          |Y<10>          |    8.636|
FN<4>          |Y<11>          |    7.825|
FN<4>          |Y<12>          |    8.037|
FN<4>          |Y<13>          |    9.551|
FN<4>          |Y<14>          |    9.354|
FN<4>          |Y<15>          |    9.673|
FN<4>          |Y<16>          |    9.118|
FN<4>          |Y<17>          |   10.752|
FN<4>          |Y<18>          |    8.848|
FN<4>          |Y<19>          |   10.810|
FN<4>          |Y<20>          |    9.955|
FN<4>          |Y<21>          |   10.013|
FN<4>          |Y<22>          |    9.683|
FN<4>          |Y<23>          |   10.767|
FN<4>          |Y<24>          |    9.323|
FN<4>          |Y<25>          |    9.626|
FN<4>          |Y<26>          |    8.134|
FN<4>          |Y<27>          |    8.871|
FN<4>          |Y<28>          |    9.633|
FN<4>          |Y<29>          |    9.120|
FN<4>          |Y<30>          |    9.754|
FN<4>          |Y<31>          |    8.790|
FN<5>          |Y<0>           |    9.359|
FN<5>          |Y<1>           |   10.439|
FN<5>          |Y<2>           |   10.464|
FN<5>          |Y<3>           |   11.133|
FN<5>          |Y<4>           |   10.176|
FN<5>          |Y<5>           |   10.529|
FN<5>          |Y<6>           |   11.224|
FN<5>          |Y<7>           |   10.320|
FN<5>          |Y<8>           |   10.377|
FN<5>          |Y<9>           |   10.412|
FN<5>          |Y<10>          |   10.796|
FN<5>          |Y<11>          |    9.791|
FN<5>          |Y<12>          |   11.192|
FN<5>          |Y<13>          |   12.679|
FN<5>          |Y<14>          |    8.937|
FN<5>          |Y<15>          |    9.704|
FN<5>          |Y<16>          |    9.484|
FN<5>          |Y<17>          |   10.946|
FN<5>          |Y<18>          |   11.452|
FN<5>          |Y<19>          |   11.859|
FN<5>          |Y<20>          |    9.129|
FN<5>          |Y<21>          |    9.090|
FN<5>          |Y<22>          |    9.120|
FN<5>          |Y<23>          |    9.587|
FN<5>          |Y<24>          |    8.323|
FN<5>          |Y<25>          |    9.123|
FN<5>          |Y<26>          |   10.431|
FN<5>          |Y<27>          |    9.002|
FN<5>          |Y<28>          |    9.076|
FN<5>          |Y<29>          |   11.722|
FN<5>          |Y<30>          |   10.369|
FN<5>          |Y<31>          |   10.778|
---------------+---------------+---------+


Analysis completed Wed Aug 05 05:06:28 2020 
--------------------------------------------------------------------------------

Trace Settings:
-------------------------
Trace Settings 

Peak Memory Usage: 113 MB



