Release 14.6 - xst P.68d (nt)
Copyright (c) 1995-2013 Xilinx, Inc.  All rights reserved.
--> Parameter TMPDIR set to xst/projnav.tmp


Total REAL time to Xst completion: 0.00 secs
Total CPU time to Xst completion: 0.11 secs
 
--> Parameter xsthdpdir set to xst


Total REAL time to Xst completion: 0.00 secs
Total CPU time to Xst completion: 0.11 secs
 
--> Reading design: ARITH.prj

TABLE OF CONTENTS
  1) Synthesis Options Summary
  2) HDL Compilation
  3) Design Hierarchy Analysis
  4) HDL Analysis
  5) HDL Synthesis
     5.1) HDL Synthesis Report
  6) Advanced HDL Synthesis
     6.1) Advanced HDL Synthesis Report
  7) Low Level Synthesis
  8) Partition Report
  9) Final Report
	9.1) Device utilization summary
	9.2) Partition Resource Summary
	9.3) TIMING REPORT


=========================================================================
*                      Synthesis Options Summary                        *
=========================================================================
---- Source Parameters
Input File Name                    : "ARITH.prj"
Input Format                       : mixed
Ignore Synthesis Constraint File   : NO

---- Target Parameters
Output File Name                   : "ARITH"
Output Format                      : NGC
Target Device                      : xc3s500e-4-fg320

---- Source Options
Top Module Name                    : ARITH
Automatic FSM Extraction           : YES
FSM Encoding Algorithm             : Auto
Safe Implementation                : No
FSM Style                          : LUT
RAM Extraction                     : Yes
RAM Style                          : Auto
ROM Extraction                     : Yes
Mux Style                          : Auto
Decoder Extraction                 : YES
Priority Encoder Extraction        : Yes
Shift Register Extraction          : YES
Logical Shifter Extraction         : YES
XOR Collapsing                     : YES
ROM Style                          : Auto
Mux Extraction                     : Yes
Resource Sharing                   : YES
Asynchronous To Synchronous        : NO
Multiplier Style                   : Auto
Automatic Register Balancing       : Yes

---- Target Options
Add IO Buffers                     : YES
Global Maximum Fanout              : 100000
Add Generic Clock Buffer(BUFG)     : 24
Register Duplication               : YES
Move First FlipFlop Stage          : YES
Move Last FlipFlop Stage           : YES
Slice Packing                      : YES
Optimize Instantiated Primitives   : NO
Use Clock Enable                   : Yes
Use Synchronous Set                : Yes
Use Synchronous Reset              : Yes
Pack IO Registers into IOBs        : True
Equivalent register Removal        : YES

---- General Options
Optimization Goal                  : Speed
Optimization Effort                : 2
Keep Hierarchy                     : No
Netlist Hierarchy                  : As_Optimized
RTL Output                         : Yes
Global Optimization                : AllClockNets
Read Cores                         : YES
Write Timing Constraints           : NO
Cross Clock Analysis               : NO
Hierarchy Separator                : /
Bus Delimiter                      : <>
Case Specifier                     : Maintain
Slice Utilization Ratio            : 100
BRAM Utilization Ratio             : 100
Verilog 2001                       : YES
Auto BRAM Packing                  : NO
Slice Utilization Ratio Delta      : 5

=========================================================================


=========================================================================
*                          HDL Compilation                              *
=========================================================================
Compiling vhdl file "C:/Documents and Settings/Procesador_RISC_32bits/FA.vhd" in Library work.
Architecture behavioral of Entity fa is up to date.
Compiling vhdl file "C:/Documents and Settings/Procesador_RISC_32bits/ADDR_32.vhd" in Library work.
Architecture behavioral of Entity addr_32 is up to date.
Compiling vhdl file "C:/Documents and Settings/Procesador_RISC_32bits/NOR_32.vhd" in Library work.
Architecture behavioral of Entity nor_32 is up to date.
Compiling vhdl file "C:/Documents and Settings/Procesador_RISC_32bits/ARITH.vhd" in Library work.
Architecture behavioral of Entity arith is up to date.

=========================================================================
*                     Design Hierarchy Analysis                         *
=========================================================================
Analyzing hierarchy for entity <ARITH> in library <work> (architecture <behavioral>).

Analyzing hierarchy for entity <ADDR_32> in library <work> (architecture <behavioral>).

Analyzing hierarchy for entity <NOR_32> in library <work> (architecture <behavioral>).

Analyzing hierarchy for entity <FA> in library <work> (architecture <behavioral>).


=========================================================================
*                            HDL Analysis                               *
=========================================================================
Analyzing Entity <ARITH> in library <work> (Architecture <behavioral>).
Entity <ARITH> analyzed. Unit <ARITH> generated.

Analyzing Entity <ADDR_32> in library <work> (Architecture <behavioral>).
Entity <ADDR_32> analyzed. Unit <ADDR_32> generated.

Analyzing Entity <FA> in library <work> (Architecture <behavioral>).
Entity <FA> analyzed. Unit <FA> generated.

Analyzing Entity <NOR_32> in library <work> (Architecture <behavioral>).
Entity <NOR_32> analyzed. Unit <NOR_32> generated.


=========================================================================
*                           HDL Synthesis                               *
=========================================================================

Performing bidirectional port resolution...

Synthesizing Unit <NOR_32>.
    Related source file is "C:/Documents and Settings/Procesador_RISC_32bits/NOR_32.vhd".
Unit <NOR_32> synthesized.


Synthesizing Unit <FA>.
    Related source file is "C:/Documents and Settings/Procesador_RISC_32bits/FA.vhd".
Unit <FA> synthesized.


Synthesizing Unit <ADDR_32>.
    Related source file is "C:/Documents and Settings/Procesador_RISC_32bits/ADDR_32.vhd".
Unit <ADDR_32> synthesized.


Synthesizing Unit <ARITH>.
    Related source file is "C:/Documents and Settings/Procesador_RISC_32bits/ARITH.vhd".
WARNING:Xst:646 - Signal <cout> is assigned but never used. This unconnected signal will be trimmed during the optimization process.
    Found 32-bit xor2 for signal <xb>.
Unit <ARITH> synthesized.


=========================================================================
HDL Synthesis Report

Macro Statistics
# Xors                                                 : 32
 1-bit xor2                                            : 32

=========================================================================

=========================================================================
*                       Advanced HDL Synthesis                          *
=========================================================================


=========================================================================
Advanced HDL Synthesis Report

Macro Statistics
# Xors                                                 : 32
 1-bit xor2                                            : 32

=========================================================================

=========================================================================
*                         Low Level Synthesis                           *
=========================================================================

Optimizing unit <ARITH> ...

Optimizing unit <ADDR_32> ...

Mapping all equations...
Building and optimizing final netlist ...
Found area constraint ratio of 100 (+ 5) on block ARITH, actual ratio is 1.

Final Macro Processing ...

=========================================================================
Final Register Report

Found no macro
=========================================================================

=========================================================================
*                           Partition Report                            *
=========================================================================

Partition Implementation Status
-------------------------------

  No Partitions were found in this design.

-------------------------------

=========================================================================
*                            Final Report                               *
=========================================================================
Final Results
RTL Top Level Output File Name     : ARITH.ngr
Top Level Output File Name         : ARITH
Output Format                      : NGC
Optimization Goal                  : Speed
Keep Hierarchy                     : No

Design Statistics
# IOs                              : 100

Cell Usage :
# BELS                             : 82
#      GND                         : 1
#      LUT2                        : 1
#      LUT3                        : 1
#      LUT4                        : 70
#      MUXCY                       : 8
#      VCC                         : 1
# IO Buffers                       : 100
#      IBUF                        : 65
#      OBUF                        : 35
=========================================================================

Device utilization summary:
---------------------------

Selected Device : 3s500efg320-4 

 Number of Slices:                       41  out of   4656     0%  
 Number of 4 input LUTs:                 72  out of   9312     0%  
 Number of IOs:                         100
 Number of bonded IOBs:                 100  out of    232    43%  

---------------------------
Partition Resource Summary:
---------------------------

  No Partitions were found in this design.

---------------------------


=========================================================================
TIMING REPORT

NOTE: THESE TIMING NUMBERS ARE ONLY A SYNTHESIS ESTIMATE.
      FOR ACCURATE TIMING INFORMATION PLEASE REFER TO THE TRACE REPORT
      GENERATED AFTER PLACE-and-ROUTE.

Clock Information:
------------------
No clock signals found in this design

Asynchronous Control Signals Information:
----------------------------------------
No asynchronous control signals found in this design

Timing Summary:
---------------
Speed Grade: -4

   Minimum period: No path found
   Minimum input arrival time before clock: No path found
   Maximum output required time after clock: No path found
   Maximum combinational path delay: 45.790ns

Timing Detail:
--------------
All values displayed in nanoseconds (ns)

=========================================================================
Timing constraint: Default path analysis
  Total number of paths / destination ports: 3358 / 35
-------------------------------------------------------------------------
Delay:               45.790ns (Levels of Logic = 36)
  Source:            AFN (PAD)
  Destination:       Z (PAD)

  Data Path: AFN to Z
                                Gate     Net
    Cell:in->out      fanout   Delay   Delay  Logical Name (Net Name)
    ----------------------------------------  ------------
     IBUF:I->O            63   1.218   1.307  AFN_IBUF (AFN_IBUF)
     LUT3:I2->O            2   0.704   0.482  Adder_32_Bit/Full_Adder_0/COUT1 (Adder_32_Bit/int_c<0>)
     LUT4:I2->O            2   0.704   0.482  Adder_32_Bit/cascade[1].Full_Adder_i/COUT1 (Adder_32_Bit/int_c<1>)
     LUT4:I2->O            2   0.704   0.482  Adder_32_Bit/cascade[2].Full_Adder_i/COUT1 (Adder_32_Bit/int_c<2>)
     LUT4:I2->O            2   0.704   0.482  Adder_32_Bit/cascade[3].Full_Adder_i/COUT1 (Adder_32_Bit/int_c<3>)
     LUT4:I2->O            2   0.704   0.482  Adder_32_Bit/cascade[4].Full_Adder_i/COUT1 (Adder_32_Bit/int_c<4>)
     LUT4:I2->O            2   0.704   0.482  Adder_32_Bit/cascade[5].Full_Adder_i/COUT1 (Adder_32_Bit/int_c<5>)
     LUT4:I2->O            2   0.704   0.482  Adder_32_Bit/cascade[6].Full_Adder_i/COUT1 (Adder_32_Bit/int_c<6>)
     LUT4:I2->O            2   0.704   0.482  Adder_32_Bit/cascade[7].Full_Adder_i/COUT1 (Adder_32_Bit/int_c<7>)
     LUT4:I2->O            2   0.704   0.482  Adder_32_Bit/cascade[8].Full_Adder_i/COUT1 (Adder_32_Bit/int_c<8>)
     LUT4:I2->O            2   0.704   0.482  Adder_32_Bit/cascade[9].Full_Adder_i/COUT1 (Adder_32_Bit/int_c<9>)
     LUT4:I2->O            2   0.704   0.482  Adder_32_Bit/cascade[10].Full_Adder_i/COUT1 (Adder_32_Bit/int_c<10>)
     LUT4:I2->O            2   0.704   0.482  Adder_32_Bit/cascade[11].Full_Adder_i/COUT1 (Adder_32_Bit/int_c<11>)
     LUT4:I2->O            2   0.704   0.482  Adder_32_Bit/cascade[12].Full_Adder_i/COUT1 (Adder_32_Bit/int_c<12>)
     LUT4:I2->O            2   0.704   0.482  Adder_32_Bit/cascade[13].Full_Adder_i/COUT1 (Adder_32_Bit/int_c<13>)
     LUT4:I2->O            2   0.704   0.482  Adder_32_Bit/cascade[14].Full_Adder_i/COUT1 (Adder_32_Bit/int_c<14>)
     LUT4:I2->O            2   0.704   0.482  Adder_32_Bit/cascade[15].Full_Adder_i/COUT1 (Adder_32_Bit/int_c<15>)
     LUT4:I2->O            2   0.704   0.482  Adder_32_Bit/cascade[16].Full_Adder_i/COUT1 (Adder_32_Bit/int_c<16>)
     LUT4:I2->O            2   0.704   0.482  Adder_32_Bit/cascade[17].Full_Adder_i/COUT1 (Adder_32_Bit/int_c<17>)
     LUT4:I2->O            2   0.704   0.482  Adder_32_Bit/cascade[18].Full_Adder_i/COUT1 (Adder_32_Bit/int_c<18>)
     LUT4:I2->O            2   0.704   0.482  Adder_32_Bit/cascade[19].Full_Adder_i/COUT1 (Adder_32_Bit/int_c<19>)
     LUT4:I2->O            2   0.704   0.482  Adder_32_Bit/cascade[20].Full_Adder_i/COUT1 (Adder_32_Bit/int_c<20>)
     LUT4:I2->O            2   0.704   0.482  Adder_32_Bit/cascade[21].Full_Adder_i/COUT1 (Adder_32_Bit/int_c<21>)
     LUT4:I2->O            2   0.704   0.482  Adder_32_Bit/cascade[22].Full_Adder_i/COUT1 (Adder_32_Bit/int_c<22>)
     LUT4:I2->O            2   0.704   0.482  Adder_32_Bit/cascade[23].Full_Adder_i/COUT1 (Adder_32_Bit/int_c<23>)
     LUT4:I2->O            2   0.704   0.482  Adder_32_Bit/cascade[24].Full_Adder_i/COUT1 (Adder_32_Bit/int_c<24>)
     LUT4:I2->O            2   0.704   0.482  Adder_32_Bit/cascade[25].Full_Adder_i/COUT1 (Adder_32_Bit/int_c<25>)
     LUT4:I2->O            2   0.704   0.482  Adder_32_Bit/cascade[26].Full_Adder_i/COUT1 (Adder_32_Bit/int_c<26>)
     LUT4:I2->O            2   0.704   0.482  Adder_32_Bit/cascade[27].Full_Adder_i/COUT1 (Adder_32_Bit/int_c<27>)
     LUT4:I2->O            2   0.704   0.482  Adder_32_Bit/cascade[28].Full_Adder_i/COUT1 (Adder_32_Bit/int_c<28>)
     LUT4:I2->O            2   0.704   0.482  Adder_32_Bit/cascade[29].Full_Adder_i/COUT1 (Adder_32_Bit/int_c<29>)
     LUT4:I2->O            2   0.704   0.451  Adder_32_Bit/cascade[30].Full_Adder_i/COUT1 (Adder_32_Bit/int_c<30>)
     LUT4:I3->O            3   0.704   0.566  Adder_32_Bit/cascade[31].Full_Adder_i/S1 (S_31_OBUF)
     LUT4:I2->O            1   0.704   0.000  NOR_32_Inputs/Z_wg_lut<7> (NOR_32_Inputs/Z_wg_lut<7>)
     MUXCY:S->O            1   0.864   0.420  NOR_32_Inputs/Z_wg_cy<7> (Z_OBUF)
     OBUF:I->O                 3.272          Z_OBUF (Z)
    ----------------------------------------
    Total                     45.790ns (28.586ns logic, 17.204ns route)
                                       (62.4% logic, 37.6% route)

=========================================================================


Total REAL time to Xst completion: 9.00 secs
Total CPU time to Xst completion: 8.90 secs
 
--> 

Total memory usage is 153684 kilobytes

Number of errors   :    0 (   0 filtered)
Number of warnings :    1 (   0 filtered)
Number of infos    :    0 (   0 filtered)

