--------------------------------------------------------------------------------
Release 14.6 Trace  (nt)
Copyright (c) 1995-2013 Xilinx, Inc.  All rights reserved.

C:\Xilinx\14.6\ISE_DS\ISE\bin\nt\unwrapped\trce.exe -intstyle ise -v 3 -s 4 -n
3 -fastpaths -xml TOP.twx TOP.ncd -o TOP.twr TOP.pcf

Design file:              TOP.ncd
Physical constraint file: TOP.pcf
Device,package,speed:     xc3s500e,fg320,-4 (PRODUCTION 1.27 2013-06-08)
Report level:             verbose report

Environment Variable      Effect 
--------------------      ------ 
NONE                      No environment variables were set
--------------------------------------------------------------------------------

INFO:Timing:2698 - No timing constraints found, doing default enumeration.
INFO:Timing:3412 - To improve timing, see the Timing Closure User Guide (UG612).
INFO:Timing:2752 - To get complete path coverage, use the unconstrained paths 
   option. All paths that are not constrained will be reported in the 
   unconstrained paths section(s) of the report.
INFO:Timing:3339 - The clock-to-out numbers in this timing report are based on 
   a 50 Ohm transmission line loading model.  For the details of this model, 
   and for more information on accounting for different loading conditions, 
   please see the device datasheet.
INFO:Timing:3390 - This architecture does not support a default System Jitter 
   value, please add SYSTEM_JITTER constraint to the UCF to modify the Clock 
   Uncertainty calculation.
INFO:Timing:3389 - This architecture does not support 'Discrete Jitter' and 
   'Phase Error' calculations, these terms will be zero in the Clock 
   Uncertainty calculation.  Please make appropriate modification to 
   SYSTEM_JITTER to account for the unsupported Discrete Jitter and Phase 
   Error.



Data Sheet report:
-----------------
All values displayed in nanoseconds (ns)

Setup/Hold to clock clk
------------+------------+------------+------------------+--------+
            |Max Setup to|Max Hold to |                  | Clock  |
Source      | clk (edge) | clk (edge) |Internal Clock(s) | Phase  |
------------+------------+------------+------------------+--------+
ID<0>       |   24.619(R)|   -1.793(R)|clk_BUFGP         |   0.000|
ID<1>       |   24.954(R)|   -3.205(R)|clk_BUFGP         |   0.000|
ID<2>       |   22.993(R)|   -1.897(R)|clk_BUFGP         |   0.000|
ID<3>       |   21.379(R)|   -1.018(R)|clk_BUFGP         |   0.000|
ID<4>       |   22.446(R)|   -1.687(R)|clk_BUFGP         |   0.000|
ID<5>       |   20.998(R)|   -0.593(R)|clk_BUFGP         |   0.000|
ID<6>       |   21.130(R)|   -0.393(R)|clk_BUFGP         |   0.000|
ID<7>       |   20.703(R)|   -2.265(R)|clk_BUFGP         |   0.000|
ID<8>       |   22.486(R)|   -2.793(R)|clk_BUFGP         |   0.000|
ID<9>       |   21.710(R)|   -0.425(R)|clk_BUFGP         |   0.000|
ID<10>      |   19.739(R)|   -0.581(R)|clk_BUFGP         |   0.000|
ID<11>      |   29.251(R)|   -3.037(R)|clk_BUFGP         |   0.000|
ID<12>      |   26.781(R)|   -0.424(R)|clk_BUFGP         |   0.000|
ID<13>      |   27.734(R)|    0.436(R)|clk_BUFGP         |   0.000|
ID<14>      |   27.013(R)|   -0.244(R)|clk_BUFGP         |   0.000|
ID<15>      |   26.977(R)|   -0.065(R)|clk_BUFGP         |   0.000|
ID<16>      |   25.586(R)|   -2.301(R)|clk_BUFGP         |   0.000|
ID<17>      |   25.029(R)|   -2.150(R)|clk_BUFGP         |   0.000|
ID<18>      |   27.842(R)|   -2.530(R)|clk_BUFGP         |   0.000|
ID<19>      |   27.241(R)|   -2.865(R)|clk_BUFGP         |   0.000|
ID<20>      |   23.190(R)|   -0.835(R)|clk_BUFGP         |   0.000|
ID<21>      |   25.492(R)|    0.183(R)|clk_BUFGP         |   0.000|
ID<22>      |   25.604(R)|    0.041(R)|clk_BUFGP         |   0.000|
ID<23>      |   25.457(R)|   -0.075(R)|clk_BUFGP         |   0.000|
ID<24>      |   26.834(R)|   -0.164(R)|clk_BUFGP         |   0.000|
ID<25>      |   24.905(R)|   -0.062(R)|clk_BUFGP         |   0.000|
ID<26>      |   30.026(R)|   -1.981(R)|clk_BUFGP         |   0.000|
ID<27>      |   30.541(R)|   -1.308(R)|clk_BUFGP         |   0.000|
ID<28>      |   30.209(R)|   -0.978(R)|clk_BUFGP         |   0.000|
ID<29>      |   33.634(R)|   -0.881(R)|clk_BUFGP         |   0.000|
ID<30>      |   32.733(R)|   -0.959(R)|clk_BUFGP         |   0.000|
ID<31>      |   31.868(R)|   -1.503(R)|clk_BUFGP         |   0.000|
IRQ         |   17.099(R)|   -0.864(R)|clk_BUFGP         |   0.000|
MRD<0>      |    4.496(R)|   -2.028(R)|clk_BUFGP         |   0.000|
MRD<1>      |    5.513(R)|   -2.125(R)|clk_BUFGP         |   0.000|
MRD<2>      |   11.048(R)|   -2.300(R)|clk_BUFGP         |   0.000|
MRD<3>      |    7.794(R)|   -3.471(R)|clk_BUFGP         |   0.000|
MRD<4>      |    6.498(R)|   -2.399(R)|clk_BUFGP         |   0.000|
MRD<5>      |    6.420(R)|   -2.594(R)|clk_BUFGP         |   0.000|
MRD<6>      |    7.312(R)|   -2.737(R)|clk_BUFGP         |   0.000|
MRD<7>      |    6.857(R)|   -2.419(R)|clk_BUFGP         |   0.000|
MRD<8>      |    7.690(R)|   -3.276(R)|clk_BUFGP         |   0.000|
MRD<9>      |    7.291(R)|   -2.995(R)|clk_BUFGP         |   0.000|
MRD<10>     |    6.332(R)|   -2.637(R)|clk_BUFGP         |   0.000|
MRD<11>     |    5.626(R)|   -1.692(R)|clk_BUFGP         |   0.000|
MRD<12>     |    5.608(R)|   -1.911(R)|clk_BUFGP         |   0.000|
MRD<13>     |    5.322(R)|   -1.303(R)|clk_BUFGP         |   0.000|
MRD<14>     |    5.162(R)|   -1.596(R)|clk_BUFGP         |   0.000|
MRD<15>     |    7.283(R)|   -3.164(R)|clk_BUFGP         |   0.000|
MRD<16>     |    6.969(R)|   -2.953(R)|clk_BUFGP         |   0.000|
MRD<17>     |    5.606(R)|   -2.102(R)|clk_BUFGP         |   0.000|
MRD<18>     |    7.169(R)|   -2.528(R)|clk_BUFGP         |   0.000|
MRD<19>     |    6.636(R)|   -2.566(R)|clk_BUFGP         |   0.000|
MRD<20>     |    5.524(R)|   -1.708(R)|clk_BUFGP         |   0.000|
MRD<21>     |    7.817(R)|   -2.742(R)|clk_BUFGP         |   0.000|
MRD<22>     |    7.101(R)|   -3.075(R)|clk_BUFGP         |   0.000|
MRD<23>     |    7.115(R)|   -3.027(R)|clk_BUFGP         |   0.000|
MRD<24>     |    6.654(R)|   -2.652(R)|clk_BUFGP         |   0.000|
MRD<25>     |    9.003(R)|   -4.839(R)|clk_BUFGP         |   0.000|
MRD<26>     |    7.479(R)|   -2.960(R)|clk_BUFGP         |   0.000|
MRD<27>     |    6.255(R)|   -1.816(R)|clk_BUFGP         |   0.000|
MRD<28>     |    8.170(R)|   -2.952(R)|clk_BUFGP         |   0.000|
MRD<29>     |    7.528(R)|   -2.990(R)|clk_BUFGP         |   0.000|
MRD<30>     |    3.764(R)|   -1.417(R)|clk_BUFGP         |   0.000|
MRD<31>     |    3.969(R)|   -1.599(R)|clk_BUFGP         |   0.000|
RESET       |    6.731(R)|   -0.666(R)|clk_BUFGP         |   0.000|
------------+------------+------------+------------------+--------+

Clock clk to Pad
------------+------------+------------------+--------+
            | clk (edge) |                  | Clock  |
Destination |   to PAD   |Internal Clock(s) | Phase  |
------------+------------+------------------+--------+
IA<2>       |    7.703(R)|clk_BUFGP         |   0.000|
IA<3>       |    7.775(R)|clk_BUFGP         |   0.000|
IA<4>       |    7.266(R)|clk_BUFGP         |   0.000|
IA<5>       |    7.886(R)|clk_BUFGP         |   0.000|
IA<6>       |    7.986(R)|clk_BUFGP         |   0.000|
IA<7>       |    8.424(R)|clk_BUFGP         |   0.000|
IA<8>       |    7.421(R)|clk_BUFGP         |   0.000|
IA<9>       |    8.180(R)|clk_BUFGP         |   0.000|
IA<10>      |    8.624(R)|clk_BUFGP         |   0.000|
IA<11>      |    8.329(R)|clk_BUFGP         |   0.000|
IA<12>      |    8.169(R)|clk_BUFGP         |   0.000|
IA<13>      |    8.274(R)|clk_BUFGP         |   0.000|
IA<14>      |    9.063(R)|clk_BUFGP         |   0.000|
IA<15>      |    8.097(R)|clk_BUFGP         |   0.000|
IA<16>      |    9.276(R)|clk_BUFGP         |   0.000|
IA<17>      |    8.615(R)|clk_BUFGP         |   0.000|
IA<18>      |    9.822(R)|clk_BUFGP         |   0.000|
IA<19>      |    7.795(R)|clk_BUFGP         |   0.000|
IA<20>      |    9.309(R)|clk_BUFGP         |   0.000|
IA<21>      |    8.525(R)|clk_BUFGP         |   0.000|
IA<22>      |   10.177(R)|clk_BUFGP         |   0.000|
IA<23>      |   11.017(R)|clk_BUFGP         |   0.000|
IA<24>      |   11.120(R)|clk_BUFGP         |   0.000|
IA<25>      |   10.471(R)|clk_BUFGP         |   0.000|
IA<26>      |   11.462(R)|clk_BUFGP         |   0.000|
IA<27>      |    8.586(R)|clk_BUFGP         |   0.000|
IA<28>      |    9.097(R)|clk_BUFGP         |   0.000|
IA<29>      |   10.694(R)|clk_BUFGP         |   0.000|
IA<30>      |   10.223(R)|clk_BUFGP         |   0.000|
IA<31>      |    9.152(R)|clk_BUFGP         |   0.000|
MA<0>       |   29.712(R)|clk_BUFGP         |   0.000|
MA<1>       |   29.071(R)|clk_BUFGP         |   0.000|
MA<2>       |   30.935(R)|clk_BUFGP         |   0.000|
MA<3>       |   28.296(R)|clk_BUFGP         |   0.000|
MA<4>       |   28.775(R)|clk_BUFGP         |   0.000|
MA<5>       |   29.971(R)|clk_BUFGP         |   0.000|
MA<6>       |   30.122(R)|clk_BUFGP         |   0.000|
MA<7>       |   29.399(R)|clk_BUFGP         |   0.000|
MA<8>       |   29.551(R)|clk_BUFGP         |   0.000|
MA<9>       |   31.274(R)|clk_BUFGP         |   0.000|
MA<10>      |   29.296(R)|clk_BUFGP         |   0.000|
MA<11>      |   29.738(R)|clk_BUFGP         |   0.000|
MA<12>      |   30.306(R)|clk_BUFGP         |   0.000|
MA<13>      |   30.381(R)|clk_BUFGP         |   0.000|
MA<14>      |   29.802(R)|clk_BUFGP         |   0.000|
MA<15>      |   29.480(R)|clk_BUFGP         |   0.000|
MA<16>      |   30.326(R)|clk_BUFGP         |   0.000|
MA<17>      |   29.132(R)|clk_BUFGP         |   0.000|
MA<18>      |   30.198(R)|clk_BUFGP         |   0.000|
MA<19>      |   30.040(R)|clk_BUFGP         |   0.000|
MA<20>      |   29.898(R)|clk_BUFGP         |   0.000|
MA<21>      |   28.569(R)|clk_BUFGP         |   0.000|
MA<22>      |   29.782(R)|clk_BUFGP         |   0.000|
MA<23>      |   29.076(R)|clk_BUFGP         |   0.000|
MA<24>      |   30.162(R)|clk_BUFGP         |   0.000|
MA<25>      |   30.145(R)|clk_BUFGP         |   0.000|
MA<26>      |   29.150(R)|clk_BUFGP         |   0.000|
MA<27>      |   28.301(R)|clk_BUFGP         |   0.000|
MA<28>      |   28.607(R)|clk_BUFGP         |   0.000|
MA<29>      |   29.208(R)|clk_BUFGP         |   0.000|
MA<30>      |   28.648(R)|clk_BUFGP         |   0.000|
MA<31>      |   29.105(R)|clk_BUFGP         |   0.000|
MWD<0>      |    9.868(R)|clk_BUFGP         |   0.000|
MWD<1>      |   11.078(R)|clk_BUFGP         |   0.000|
MWD<2>      |    9.866(R)|clk_BUFGP         |   0.000|
MWD<3>      |    9.658(R)|clk_BUFGP         |   0.000|
MWD<4>      |   10.230(R)|clk_BUFGP         |   0.000|
MWD<5>      |   10.990(R)|clk_BUFGP         |   0.000|
MWD<6>      |   11.431(R)|clk_BUFGP         |   0.000|
MWD<7>      |   11.090(R)|clk_BUFGP         |   0.000|
MWD<8>      |   10.968(R)|clk_BUFGP         |   0.000|
MWD<9>      |   10.480(R)|clk_BUFGP         |   0.000|
MWD<10>     |   10.769(R)|clk_BUFGP         |   0.000|
MWD<11>     |   11.332(R)|clk_BUFGP         |   0.000|
MWD<12>     |   11.902(R)|clk_BUFGP         |   0.000|
MWD<13>     |   11.128(R)|clk_BUFGP         |   0.000|
MWD<14>     |   11.459(R)|clk_BUFGP         |   0.000|
MWD<15>     |   11.278(R)|clk_BUFGP         |   0.000|
MWD<16>     |   11.699(R)|clk_BUFGP         |   0.000|
MWD<17>     |   11.082(R)|clk_BUFGP         |   0.000|
MWD<18>     |   11.565(R)|clk_BUFGP         |   0.000|
MWD<19>     |   11.668(R)|clk_BUFGP         |   0.000|
MWD<20>     |   11.785(R)|clk_BUFGP         |   0.000|
MWD<21>     |   11.258(R)|clk_BUFGP         |   0.000|
MWD<22>     |   10.854(R)|clk_BUFGP         |   0.000|
MWD<23>     |   10.491(R)|clk_BUFGP         |   0.000|
MWD<24>     |   12.017(R)|clk_BUFGP         |   0.000|
MWD<25>     |    9.908(R)|clk_BUFGP         |   0.000|
MWD<26>     |   10.613(R)|clk_BUFGP         |   0.000|
MWD<27>     |   10.839(R)|clk_BUFGP         |   0.000|
MWD<28>     |   11.016(R)|clk_BUFGP         |   0.000|
MWD<29>     |   10.824(R)|clk_BUFGP         |   0.000|
MWD<30>     |   12.099(R)|clk_BUFGP         |   0.000|
MWD<31>     |   11.152(R)|clk_BUFGP         |   0.000|
MWR         |   11.468(R)|clk_BUFGP         |   0.000|
------------+------------+------------------+--------+

Clock to Setup on destination clock clk
---------------+---------+---------+---------+---------+
               | Src:Rise| Src:Fall| Src:Rise| Src:Fall|
Source Clock   |Dest:Rise|Dest:Rise|Dest:Fall|Dest:Fall|
---------------+---------+---------+---------+---------+
clk            |   23.441|         |         |         |
---------------+---------+---------+---------+---------+

Pad to Pad
---------------+---------------+---------+
Source Pad     |Destination Pad|  Delay  |
---------------+---------------+---------+
ID<0>          |MA<0>          |   30.298|
ID<0>          |MA<1>          |   29.632|
ID<0>          |MA<2>          |   31.417|
ID<0>          |MA<3>          |   28.887|
ID<0>          |MA<4>          |   29.334|
ID<0>          |MA<5>          |   30.562|
ID<0>          |MA<6>          |   30.713|
ID<0>          |MA<7>          |   29.990|
ID<0>          |MA<8>          |   30.142|
ID<0>          |MA<9>          |   31.814|
ID<0>          |MA<10>         |   29.870|
ID<0>          |MA<11>         |   30.329|
ID<0>          |MA<12>         |   30.897|
ID<0>          |MA<13>         |   30.972|
ID<0>          |MA<14>         |   30.393|
ID<0>          |MA<15>         |   30.039|
ID<0>          |MA<16>         |   30.885|
ID<0>          |MA<17>         |   29.723|
ID<0>          |MA<18>         |   30.789|
ID<0>          |MA<19>         |   30.631|
ID<0>          |MA<20>         |   30.489|
ID<0>          |MA<21>         |   29.143|
ID<0>          |MA<22>         |   30.373|
ID<0>          |MA<23>         |   29.649|
ID<0>          |MA<24>         |   30.748|
ID<0>          |MA<25>         |   30.731|
ID<0>          |MA<26>         |   29.736|
ID<0>          |MA<27>         |   28.887|
ID<0>          |MA<28>         |   29.293|
ID<0>          |MA<29>         |   29.894|
ID<0>          |MA<30>         |   29.234|
ID<0>          |MA<31>         |   29.691|
ID<1>          |MA<0>          |   30.633|
ID<1>          |MA<1>          |   29.967|
ID<1>          |MA<2>          |   31.752|
ID<1>          |MA<3>          |   29.222|
ID<1>          |MA<4>          |   29.669|
ID<1>          |MA<5>          |   30.897|
ID<1>          |MA<6>          |   31.048|
ID<1>          |MA<7>          |   30.325|
ID<1>          |MA<8>          |   30.477|
ID<1>          |MA<9>          |   32.149|
ID<1>          |MA<10>         |   30.205|
ID<1>          |MA<11>         |   30.664|
ID<1>          |MA<12>         |   31.232|
ID<1>          |MA<13>         |   31.307|
ID<1>          |MA<14>         |   30.728|
ID<1>          |MA<15>         |   30.374|
ID<1>          |MA<16>         |   31.220|
ID<1>          |MA<17>         |   30.058|
ID<1>          |MA<18>         |   31.124|
ID<1>          |MA<19>         |   30.966|
ID<1>          |MA<20>         |   30.824|
ID<1>          |MA<21>         |   29.478|
ID<1>          |MA<22>         |   30.708|
ID<1>          |MA<23>         |   29.984|
ID<1>          |MA<24>         |   31.083|
ID<1>          |MA<25>         |   31.066|
ID<1>          |MA<26>         |   30.071|
ID<1>          |MA<27>         |   29.222|
ID<1>          |MA<28>         |   29.628|
ID<1>          |MA<29>         |   30.229|
ID<1>          |MA<30>         |   29.569|
ID<1>          |MA<31>         |   30.026|
ID<2>          |MA<0>          |   28.672|
ID<2>          |MA<1>          |   26.716|
ID<2>          |MA<2>          |   28.501|
ID<2>          |MA<3>          |   25.971|
ID<2>          |MA<4>          |   26.418|
ID<2>          |MA<5>          |   27.646|
ID<2>          |MA<6>          |   27.797|
ID<2>          |MA<7>          |   27.074|
ID<2>          |MA<8>          |   27.273|
ID<2>          |MA<9>          |   28.898|
ID<2>          |MA<10>         |   26.954|
ID<2>          |MA<11>         |   27.413|
ID<2>          |MA<12>         |   27.981|
ID<2>          |MA<13>         |   28.056|
ID<2>          |MA<14>         |   27.477|
ID<2>          |MA<15>         |   27.123|
ID<2>          |MA<16>         |   28.278|
ID<2>          |MA<17>         |   27.717|
ID<2>          |MA<18>         |   27.873|
ID<2>          |MA<19>         |   28.088|
ID<2>          |MA<20>         |   27.573|
ID<2>          |MA<21>         |   26.227|
ID<2>          |MA<22>         |   27.457|
ID<2>          |MA<23>         |   26.733|
ID<2>          |MA<24>         |   27.832|
ID<2>          |MA<25>         |   27.815|
ID<2>          |MA<26>         |   26.820|
ID<2>          |MA<27>         |   26.931|
ID<2>          |MA<28>         |   27.671|
ID<2>          |MA<29>         |   28.272|
ID<2>          |MA<30>         |   27.300|
ID<2>          |MA<31>         |   27.454|
ID<3>          |MA<0>          |   27.058|
ID<3>          |MA<1>          |   25.733|
ID<3>          |MA<2>          |   27.518|
ID<3>          |MA<3>          |   24.988|
ID<3>          |MA<4>          |   25.435|
ID<3>          |MA<5>          |   26.663|
ID<3>          |MA<6>          |   26.814|
ID<3>          |MA<7>          |   26.091|
ID<3>          |MA<8>          |   26.243|
ID<3>          |MA<9>          |   27.915|
ID<3>          |MA<10>         |   25.971|
ID<3>          |MA<11>         |   26.430|
ID<3>          |MA<12>         |   26.998|
ID<3>          |MA<13>         |   27.073|
ID<3>          |MA<14>         |   26.494|
ID<3>          |MA<15>         |   26.140|
ID<3>          |MA<16>         |   26.986|
ID<3>          |MA<17>         |   26.103|
ID<3>          |MA<18>         |   26.890|
ID<3>          |MA<19>         |   26.732|
ID<3>          |MA<20>         |   26.590|
ID<3>          |MA<21>         |   25.244|
ID<3>          |MA<22>         |   26.474|
ID<3>          |MA<23>         |   25.750|
ID<3>          |MA<24>         |   26.849|
ID<3>          |MA<25>         |   26.832|
ID<3>          |MA<26>         |   25.837|
ID<3>          |MA<27>         |   25.317|
ID<3>          |MA<28>         |   26.057|
ID<3>          |MA<29>         |   26.658|
ID<3>          |MA<30>         |   25.686|
ID<3>          |MA<31>         |   25.840|
ID<4>          |MA<0>          |   28.125|
ID<4>          |MA<1>          |   27.459|
ID<4>          |MA<2>          |   29.244|
ID<4>          |MA<3>          |   26.714|
ID<4>          |MA<4>          |   27.161|
ID<4>          |MA<5>          |   28.389|
ID<4>          |MA<6>          |   28.540|
ID<4>          |MA<7>          |   27.817|
ID<4>          |MA<8>          |   27.969|
ID<4>          |MA<9>          |   29.641|
ID<4>          |MA<10>         |   27.697|
ID<4>          |MA<11>         |   28.156|
ID<4>          |MA<12>         |   28.724|
ID<4>          |MA<13>         |   28.799|
ID<4>          |MA<14>         |   28.220|
ID<4>          |MA<15>         |   27.866|
ID<4>          |MA<16>         |   28.712|
ID<4>          |MA<17>         |   27.550|
ID<4>          |MA<18>         |   28.616|
ID<4>          |MA<19>         |   28.458|
ID<4>          |MA<20>         |   28.316|
ID<4>          |MA<21>         |   26.970|
ID<4>          |MA<22>         |   28.200|
ID<4>          |MA<23>         |   27.476|
ID<4>          |MA<24>         |   28.575|
ID<4>          |MA<25>         |   28.558|
ID<4>          |MA<26>         |   27.563|
ID<4>          |MA<27>         |   26.714|
ID<4>          |MA<28>         |   27.020|
ID<4>          |MA<29>         |   27.621|
ID<4>          |MA<30>         |   27.061|
ID<4>          |MA<31>         |   27.518|
ID<5>          |MA<0>          |   26.677|
ID<5>          |MA<1>          |   26.011|
ID<5>          |MA<2>          |   27.796|
ID<5>          |MA<3>          |   25.266|
ID<5>          |MA<4>          |   25.713|
ID<5>          |MA<5>          |   26.941|
ID<5>          |MA<6>          |   27.092|
ID<5>          |MA<7>          |   26.369|
ID<5>          |MA<8>          |   26.521|
ID<5>          |MA<9>          |   28.193|
ID<5>          |MA<10>         |   26.249|
ID<5>          |MA<11>         |   26.708|
ID<5>          |MA<12>         |   27.276|
ID<5>          |MA<13>         |   27.351|
ID<5>          |MA<14>         |   26.772|
ID<5>          |MA<15>         |   26.418|
ID<5>          |MA<16>         |   27.264|
ID<5>          |MA<17>         |   26.102|
ID<5>          |MA<18>         |   27.168|
ID<5>          |MA<19>         |   27.010|
ID<5>          |MA<20>         |   26.868|
ID<5>          |MA<21>         |   25.522|
ID<5>          |MA<22>         |   26.752|
ID<5>          |MA<23>         |   26.028|
ID<5>          |MA<24>         |   27.127|
ID<5>          |MA<25>         |   27.110|
ID<5>          |MA<26>         |   26.115|
ID<5>          |MA<27>         |   25.266|
ID<5>          |MA<28>         |   25.572|
ID<5>          |MA<29>         |   26.173|
ID<5>          |MA<30>         |   25.613|
ID<5>          |MA<31>         |   26.070|
ID<6>          |MA<0>          |   26.809|
ID<6>          |MA<1>          |   25.496|
ID<6>          |MA<2>          |   27.281|
ID<6>          |MA<3>          |   24.751|
ID<6>          |MA<4>          |   25.198|
ID<6>          |MA<5>          |   26.426|
ID<6>          |MA<6>          |   26.577|
ID<6>          |MA<7>          |   25.854|
ID<6>          |MA<8>          |   26.006|
ID<6>          |MA<9>          |   27.678|
ID<6>          |MA<10>         |   25.734|
ID<6>          |MA<11>         |   26.193|
ID<6>          |MA<12>         |   26.761|
ID<6>          |MA<13>         |   26.836|
ID<6>          |MA<14>         |   26.257|
ID<6>          |MA<15>         |   25.903|
ID<6>          |MA<16>         |   26.749|
ID<6>          |MA<17>         |   25.854|
ID<6>          |MA<18>         |   26.653|
ID<6>          |MA<19>         |   26.495|
ID<6>          |MA<20>         |   26.353|
ID<6>          |MA<21>         |   25.007|
ID<6>          |MA<22>         |   26.237|
ID<6>          |MA<23>         |   25.513|
ID<6>          |MA<24>         |   26.612|
ID<6>          |MA<25>         |   26.595|
ID<6>          |MA<26>         |   25.600|
ID<6>          |MA<27>         |   25.068|
ID<6>          |MA<28>         |   25.808|
ID<6>          |MA<29>         |   26.409|
ID<6>          |MA<30>         |   25.437|
ID<6>          |MA<31>         |   25.591|
ID<7>          |MA<0>          |   26.382|
ID<7>          |MA<1>          |   25.288|
ID<7>          |MA<2>          |   27.073|
ID<7>          |MA<3>          |   24.543|
ID<7>          |MA<4>          |   24.990|
ID<7>          |MA<5>          |   26.218|
ID<7>          |MA<6>          |   26.369|
ID<7>          |MA<7>          |   25.646|
ID<7>          |MA<8>          |   25.798|
ID<7>          |MA<9>          |   27.470|
ID<7>          |MA<10>         |   25.526|
ID<7>          |MA<11>         |   25.985|
ID<7>          |MA<12>         |   26.553|
ID<7>          |MA<13>         |   26.628|
ID<7>          |MA<14>         |   26.049|
ID<7>          |MA<15>         |   25.695|
ID<7>          |MA<16>         |   26.541|
ID<7>          |MA<17>         |   25.427|
ID<7>          |MA<18>         |   26.445|
ID<7>          |MA<19>         |   26.287|
ID<7>          |MA<20>         |   26.145|
ID<7>          |MA<21>         |   24.799|
ID<7>          |MA<22>         |   26.029|
ID<7>          |MA<23>         |   25.305|
ID<7>          |MA<24>         |   26.404|
ID<7>          |MA<25>         |   26.387|
ID<7>          |MA<26>         |   25.392|
ID<7>          |MA<27>         |   24.641|
ID<7>          |MA<28>         |   25.381|
ID<7>          |MA<29>         |   25.982|
ID<7>          |MA<30>         |   25.010|
ID<7>          |MA<31>         |   25.347|
ID<8>          |MA<0>          |   28.165|
ID<8>          |MA<1>          |   27.499|
ID<8>          |MA<2>          |   29.284|
ID<8>          |MA<3>          |   26.754|
ID<8>          |MA<4>          |   27.201|
ID<8>          |MA<5>          |   28.429|
ID<8>          |MA<6>          |   28.580|
ID<8>          |MA<7>          |   27.857|
ID<8>          |MA<8>          |   28.009|
ID<8>          |MA<9>          |   29.681|
ID<8>          |MA<10>         |   27.737|
ID<8>          |MA<11>         |   28.196|
ID<8>          |MA<12>         |   28.764|
ID<8>          |MA<13>         |   28.839|
ID<8>          |MA<14>         |   28.260|
ID<8>          |MA<15>         |   27.906|
ID<8>          |MA<16>         |   28.752|
ID<8>          |MA<17>         |   27.590|
ID<8>          |MA<18>         |   28.656|
ID<8>          |MA<19>         |   28.498|
ID<8>          |MA<20>         |   28.356|
ID<8>          |MA<21>         |   27.010|
ID<8>          |MA<22>         |   28.240|
ID<8>          |MA<23>         |   27.516|
ID<8>          |MA<24>         |   28.615|
ID<8>          |MA<25>         |   28.598|
ID<8>          |MA<26>         |   27.603|
ID<8>          |MA<27>         |   26.754|
ID<8>          |MA<28>         |   27.060|
ID<8>          |MA<29>         |   27.661|
ID<8>          |MA<30>         |   27.101|
ID<8>          |MA<31>         |   27.558|
ID<9>          |MA<0>          |   27.389|
ID<9>          |MA<1>          |   26.723|
ID<9>          |MA<2>          |   28.508|
ID<9>          |MA<3>          |   25.978|
ID<9>          |MA<4>          |   26.425|
ID<9>          |MA<5>          |   27.653|
ID<9>          |MA<6>          |   27.804|
ID<9>          |MA<7>          |   27.081|
ID<9>          |MA<8>          |   27.233|
ID<9>          |MA<9>          |   28.905|
ID<9>          |MA<10>         |   26.961|
ID<9>          |MA<11>         |   27.420|
ID<9>          |MA<12>         |   27.988|
ID<9>          |MA<13>         |   28.063|
ID<9>          |MA<14>         |   27.484|
ID<9>          |MA<15>         |   27.130|
ID<9>          |MA<16>         |   27.976|
ID<9>          |MA<17>         |   26.814|
ID<9>          |MA<18>         |   27.880|
ID<9>          |MA<19>         |   27.722|
ID<9>          |MA<20>         |   27.580|
ID<9>          |MA<21>         |   26.234|
ID<9>          |MA<22>         |   27.464|
ID<9>          |MA<23>         |   26.740|
ID<9>          |MA<24>         |   27.839|
ID<9>          |MA<25>         |   27.822|
ID<9>          |MA<26>         |   26.827|
ID<9>          |MA<27>         |   25.978|
ID<9>          |MA<28>         |   26.284|
ID<9>          |MA<29>         |   26.885|
ID<9>          |MA<30>         |   26.325|
ID<9>          |MA<31>         |   26.782|
ID<10>         |MA<0>          |   25.418|
ID<10>         |MA<1>          |   23.950|
ID<10>         |MA<2>          |   26.002|
ID<10>         |MA<3>          |   23.454|
ID<10>         |MA<4>          |   23.983|
ID<10>         |MA<5>          |   24.880|
ID<10>         |MA<6>          |   25.031|
ID<10>         |MA<7>          |   24.308|
ID<10>         |MA<8>          |   24.554|
ID<10>         |MA<9>          |   26.175|
ID<10>         |MA<10>         |   24.208|
ID<10>         |MA<11>         |   24.647|
ID<10>         |MA<12>         |   25.215|
ID<10>         |MA<13>         |   25.290|
ID<10>         |MA<14>         |   24.711|
ID<10>         |MA<15>         |   24.357|
ID<10>         |MA<16>         |   25.203|
ID<10>         |MA<17>         |   24.463|
ID<10>         |MA<18>         |   25.107|
ID<10>         |MA<19>         |   24.949|
ID<10>         |MA<20>         |   24.807|
ID<10>         |MA<21>         |   23.481|
ID<10>         |MA<22>         |   24.803|
ID<10>         |MA<23>         |   24.362|
ID<10>         |MA<24>         |   25.066|
ID<10>         |MA<25>         |   25.049|
ID<10>         |MA<26>         |   24.054|
ID<10>         |MA<27>         |   23.677|
ID<10>         |MA<28>         |   24.417|
ID<10>         |MA<29>         |   25.018|
ID<10>         |MA<30>         |   24.046|
ID<10>         |MA<31>         |   24.200|
ID<11>         |MA<0>          |   34.930|
ID<11>         |MA<1>          |   29.103|
ID<11>         |MA<2>          |   31.162|
ID<11>         |MA<3>          |   28.614|
ID<11>         |MA<4>          |   29.143|
ID<11>         |MA<5>          |   30.199|
ID<11>         |MA<6>          |   30.722|
ID<11>         |MA<7>          |   29.339|
ID<11>         |MA<8>          |   29.714|
ID<11>         |MA<9>          |   31.335|
ID<11>         |MA<10>         |   29.368|
ID<11>         |MA<11>         |   33.076|
ID<11>         |MA<12>         |   32.236|
ID<11>         |MA<13>         |   32.365|
ID<11>         |MA<14>         |   32.120|
ID<11>         |MA<15>         |   32.304|
ID<11>         |MA<16>         |   34.536|
ID<11>         |MA<17>         |   33.975|
ID<11>         |MA<18>         |   33.251|
ID<11>         |MA<19>         |   34.346|
ID<11>         |MA<20>         |   33.478|
ID<11>         |MA<21>         |   32.344|
ID<11>         |MA<22>         |   32.559|
ID<11>         |MA<23>         |   32.199|
ID<11>         |MA<24>         |   33.632|
ID<11>         |MA<25>         |   32.303|
ID<11>         |MA<26>         |   32.622|
ID<11>         |MA<27>         |   33.189|
ID<11>         |MA<28>         |   33.929|
ID<11>         |MA<29>         |   34.530|
ID<11>         |MA<30>         |   33.558|
ID<11>         |MA<31>         |   33.712|
ID<11>         |MWD<0>         |   16.156|
ID<11>         |MWD<1>         |   15.534|
ID<11>         |MWD<2>         |   15.950|
ID<11>         |MWD<3>         |   15.299|
ID<11>         |MWD<4>         |   14.804|
ID<11>         |MWD<5>         |   16.426|
ID<11>         |MWD<6>         |   15.120|
ID<11>         |MWD<7>         |   15.216|
ID<11>         |MWD<8>         |   16.209|
ID<11>         |MWD<9>         |   13.671|
ID<11>         |MWD<10>        |   16.211|
ID<11>         |MWD<11>        |   14.233|
ID<11>         |MWD<12>        |   15.832|
ID<11>         |MWD<13>        |   14.774|
ID<11>         |MWD<14>        |   15.413|
ID<11>         |MWD<15>        |   16.435|
ID<11>         |MWD<16>        |   17.486|
ID<11>         |MWD<17>        |   14.983|
ID<11>         |MWD<18>        |   16.088|
ID<11>         |MWD<19>        |   16.146|
ID<11>         |MWD<20>        |   15.720|
ID<11>         |MWD<21>        |   16.186|
ID<11>         |MWD<22>        |   15.324|
ID<11>         |MWD<23>        |   17.051|
ID<11>         |MWD<24>        |   16.863|
ID<11>         |MWD<25>        |   15.761|
ID<11>         |MWD<26>        |   17.219|
ID<11>         |MWD<27>        |   15.426|
ID<11>         |MWD<28>        |   16.420|
ID<11>         |MWD<29>        |   16.736|
ID<11>         |MWD<30>        |   17.013|
ID<11>         |MWD<31>        |   16.892|
ID<12>         |MA<0>          |   32.460|
ID<12>         |MA<1>          |   26.794|
ID<12>         |MA<2>          |   28.579|
ID<12>         |MA<3>          |   26.049|
ID<12>         |MA<4>          |   26.496|
ID<12>         |MA<5>          |   27.724|
ID<12>         |MA<6>          |   27.875|
ID<12>         |MA<7>          |   27.152|
ID<12>         |MA<8>          |   27.304|
ID<12>         |MA<9>          |   28.976|
ID<12>         |MA<10>         |   27.032|
ID<12>         |MA<11>         |   30.606|
ID<12>         |MA<12>         |   29.766|
ID<12>         |MA<13>         |   29.895|
ID<12>         |MA<14>         |   29.650|
ID<12>         |MA<15>         |   29.834|
ID<12>         |MA<16>         |   32.066|
ID<12>         |MA<17>         |   31.505|
ID<12>         |MA<18>         |   30.781|
ID<12>         |MA<19>         |   31.876|
ID<12>         |MA<20>         |   31.008|
ID<12>         |MA<21>         |   29.874|
ID<12>         |MA<22>         |   30.089|
ID<12>         |MA<23>         |   29.729|
ID<12>         |MA<24>         |   31.162|
ID<12>         |MA<25>         |   29.833|
ID<12>         |MA<26>         |   30.152|
ID<12>         |MA<27>         |   30.719|
ID<12>         |MA<28>         |   31.459|
ID<12>         |MA<29>         |   32.060|
ID<12>         |MA<30>         |   31.088|
ID<12>         |MA<31>         |   31.242|
ID<12>         |MWD<0>         |   13.686|
ID<12>         |MWD<1>         |   12.507|
ID<12>         |MWD<2>         |   13.480|
ID<12>         |MWD<3>         |   12.829|
ID<12>         |MWD<4>         |   11.820|
ID<12>         |MWD<5>         |   13.956|
ID<12>         |MWD<6>         |   12.650|
ID<12>         |MWD<7>         |   12.746|
ID<12>         |MWD<8>         |   13.739|
ID<12>         |MWD<9>         |   10.611|
ID<12>         |MWD<10>        |   12.676|
ID<12>         |MWD<11>        |   11.676|
ID<12>         |MWD<12>        |   13.530|
ID<12>         |MWD<13>        |   13.273|
ID<12>         |MWD<14>        |   12.818|
ID<12>         |MWD<15>        |   13.268|
ID<12>         |MWD<16>        |   13.969|
ID<12>         |MWD<17>        |   13.284|
ID<12>         |MWD<18>        |   13.596|
ID<12>         |MWD<19>        |   13.770|
ID<12>         |MWD<20>        |   13.480|
ID<12>         |MWD<21>        |   13.693|
ID<12>         |MWD<22>        |   12.854|
ID<12>         |MWD<23>        |   14.581|
ID<12>         |MWD<24>        |   14.307|
ID<12>         |MWD<25>        |   13.291|
ID<12>         |MWD<26>        |   14.749|
ID<12>         |MWD<27>        |   13.246|
ID<12>         |MWD<28>        |   13.950|
ID<12>         |MWD<29>        |   14.266|
ID<12>         |MWD<30>        |   13.865|
ID<12>         |MWD<31>        |   13.418|
ID<13>         |MA<0>          |   33.413|
ID<13>         |MA<1>          |   27.072|
ID<13>         |MA<2>          |   29.131|
ID<13>         |MA<3>          |   26.583|
ID<13>         |MA<4>          |   27.112|
ID<13>         |MA<5>          |   28.168|
ID<13>         |MA<6>          |   28.691|
ID<13>         |MA<7>          |   27.308|
ID<13>         |MA<8>          |   27.683|
ID<13>         |MA<9>          |   29.304|
ID<13>         |MA<10>         |   27.337|
ID<13>         |MA<11>         |   31.559|
ID<13>         |MA<12>         |   30.719|
ID<13>         |MA<13>         |   30.848|
ID<13>         |MA<14>         |   30.603|
ID<13>         |MA<15>         |   30.787|
ID<13>         |MA<16>         |   33.019|
ID<13>         |MA<17>         |   32.458|
ID<13>         |MA<18>         |   31.734|
ID<13>         |MA<19>         |   32.829|
ID<13>         |MA<20>         |   31.961|
ID<13>         |MA<21>         |   30.827|
ID<13>         |MA<22>         |   31.042|
ID<13>         |MA<23>         |   30.682|
ID<13>         |MA<24>         |   32.115|
ID<13>         |MA<25>         |   30.786|
ID<13>         |MA<26>         |   31.105|
ID<13>         |MA<27>         |   31.672|
ID<13>         |MA<28>         |   32.412|
ID<13>         |MA<29>         |   33.013|
ID<13>         |MA<30>         |   32.041|
ID<13>         |MA<31>         |   32.195|
ID<13>         |MWD<0>         |   14.639|
ID<13>         |MWD<1>         |   13.456|
ID<13>         |MWD<2>         |   14.433|
ID<13>         |MWD<3>         |   13.782|
ID<13>         |MWD<4>         |   12.773|
ID<13>         |MWD<5>         |   14.909|
ID<13>         |MWD<6>         |   13.603|
ID<13>         |MWD<7>         |   13.756|
ID<13>         |MWD<8>         |   14.692|
ID<13>         |MWD<9>         |   11.368|
ID<13>         |MWD<10>        |   13.629|
ID<13>         |MWD<11>        |   12.629|
ID<13>         |MWD<12>        |   13.237|
ID<13>         |MWD<13>        |   13.074|
ID<13>         |MWD<14>        |   13.734|
ID<13>         |MWD<15>        |   13.724|
ID<13>         |MWD<16>        |   14.922|
ID<13>         |MWD<17>        |   13.002|
ID<13>         |MWD<18>        |   13.231|
ID<13>         |MWD<19>        |   13.574|
ID<13>         |MWD<20>        |   13.822|
ID<13>         |MWD<21>        |   14.646|
ID<13>         |MWD<22>        |   13.807|
ID<13>         |MWD<23>        |   15.534|
ID<13>         |MWD<24>        |   15.090|
ID<13>         |MWD<25>        |   14.244|
ID<13>         |MWD<26>        |   15.702|
ID<13>         |MWD<27>        |   13.257|
ID<13>         |MWD<28>        |   14.903|
ID<13>         |MWD<29>        |   15.219|
ID<13>         |MWD<30>        |   14.721|
ID<13>         |MWD<31>        |   14.268|
ID<14>         |MA<0>          |   32.692|
ID<14>         |MA<1>          |   25.913|
ID<14>         |MA<2>          |   27.972|
ID<14>         |MA<3>          |   25.424|
ID<14>         |MA<4>          |   25.953|
ID<14>         |MA<5>          |   27.009|
ID<14>         |MA<6>          |   27.532|
ID<14>         |MA<7>          |   26.339|
ID<14>         |MA<8>          |   26.524|
ID<14>         |MA<9>          |   28.145|
ID<14>         |MA<10>         |   26.516|
ID<14>         |MA<11>         |   30.838|
ID<14>         |MA<12>         |   29.998|
ID<14>         |MA<13>         |   30.127|
ID<14>         |MA<14>         |   29.882|
ID<14>         |MA<15>         |   30.066|
ID<14>         |MA<16>         |   32.298|
ID<14>         |MA<17>         |   31.737|
ID<14>         |MA<18>         |   31.013|
ID<14>         |MA<19>         |   32.108|
ID<14>         |MA<20>         |   31.240|
ID<14>         |MA<21>         |   30.106|
ID<14>         |MA<22>         |   30.321|
ID<14>         |MA<23>         |   29.961|
ID<14>         |MA<24>         |   31.394|
ID<14>         |MA<25>         |   30.065|
ID<14>         |MA<26>         |   30.384|
ID<14>         |MA<27>         |   30.951|
ID<14>         |MA<28>         |   31.691|
ID<14>         |MA<29>         |   32.292|
ID<14>         |MA<30>         |   31.320|
ID<14>         |MA<31>         |   31.474|
ID<14>         |MWD<0>         |   13.918|
ID<14>         |MWD<1>         |   12.297|
ID<14>         |MWD<2>         |   13.274|
ID<14>         |MWD<3>         |   12.623|
ID<14>         |MWD<4>         |   11.614|
ID<14>         |MWD<5>         |   14.405|
ID<14>         |MWD<6>         |   12.444|
ID<14>         |MWD<7>         |   12.540|
ID<14>         |MWD<8>         |   13.533|
ID<14>         |MWD<9>         |   10.469|
ID<14>         |MWD<10>        |   13.593|
ID<14>         |MWD<11>        |   11.489|
ID<14>         |MWD<12>        |   13.091|
ID<14>         |MWD<13>        |   12.660|
ID<14>         |MWD<14>        |   12.925|
ID<14>         |MWD<15>        |   12.565|
ID<14>         |MWD<16>        |   13.907|
ID<14>         |MWD<17>        |   12.990|
ID<14>         |MWD<18>        |   12.614|
ID<14>         |MWD<19>        |   12.415|
ID<14>         |MWD<20>        |   13.062|
ID<14>         |MWD<21>        |   13.487|
ID<14>         |MWD<22>        |   12.648|
ID<14>         |MWD<23>        |   14.375|
ID<14>         |MWD<24>        |   13.931|
ID<14>         |MWD<25>        |   13.085|
ID<14>         |MWD<26>        |   14.543|
ID<14>         |MWD<27>        |   12.098|
ID<14>         |MWD<28>        |   14.731|
ID<14>         |MWD<29>        |   14.060|
ID<14>         |MWD<30>        |   14.636|
ID<14>         |MWD<31>        |   13.109|
ID<15>         |MA<0>          |   32.656|
ID<15>         |MA<1>          |   26.315|
ID<15>         |MA<2>          |   28.374|
ID<15>         |MA<3>          |   25.826|
ID<15>         |MA<4>          |   26.355|
ID<15>         |MA<5>          |   27.411|
ID<15>         |MA<6>          |   27.934|
ID<15>         |MA<7>          |   26.551|
ID<15>         |MA<8>          |   26.926|
ID<15>         |MA<9>          |   28.547|
ID<15>         |MA<10>         |   26.580|
ID<15>         |MA<11>         |   30.802|
ID<15>         |MA<12>         |   29.962|
ID<15>         |MA<13>         |   30.091|
ID<15>         |MA<14>         |   29.846|
ID<15>         |MA<15>         |   30.030|
ID<15>         |MA<16>         |   32.262|
ID<15>         |MA<17>         |   31.701|
ID<15>         |MA<18>         |   30.977|
ID<15>         |MA<19>         |   32.072|
ID<15>         |MA<20>         |   31.204|
ID<15>         |MA<21>         |   30.070|
ID<15>         |MA<22>         |   30.285|
ID<15>         |MA<23>         |   29.925|
ID<15>         |MA<24>         |   31.358|
ID<15>         |MA<25>         |   30.029|
ID<15>         |MA<26>         |   30.348|
ID<15>         |MA<27>         |   30.915|
ID<15>         |MA<28>         |   31.655|
ID<15>         |MA<29>         |   32.256|
ID<15>         |MA<30>         |   31.284|
ID<15>         |MA<31>         |   31.438|
ID<15>         |MWD<0>         |   13.882|
ID<15>         |MWD<1>         |   12.699|
ID<15>         |MWD<2>         |   13.676|
ID<15>         |MWD<3>         |   13.025|
ID<15>         |MWD<4>         |   12.016|
ID<15>         |MWD<5>         |   14.152|
ID<15>         |MWD<6>         |   12.846|
ID<15>         |MWD<7>         |   12.942|
ID<15>         |MWD<8>         |   13.935|
ID<15>         |MWD<9>         |   10.611|
ID<15>         |MWD<10>        |   12.872|
ID<15>         |MWD<11>        |   11.872|
ID<15>         |MWD<12>        |   12.480|
ID<15>         |MWD<13>        |   11.045|
ID<15>         |MWD<14>        |   12.977|
ID<15>         |MWD<15>        |   12.967|
ID<15>         |MWD<16>        |   14.165|
ID<15>         |MWD<17>        |   12.245|
ID<15>         |MWD<18>        |   12.426|
ID<15>         |MWD<19>        |   12.817|
ID<15>         |MWD<20>        |   12.562|
ID<15>         |MWD<21>        |   13.889|
ID<15>         |MWD<22>        |   13.050|
ID<15>         |MWD<23>        |   14.777|
ID<15>         |MWD<24>        |   14.333|
ID<15>         |MWD<25>        |   13.487|
ID<15>         |MWD<26>        |   14.945|
ID<15>         |MWD<27>        |   12.500|
ID<15>         |MWD<28>        |   14.146|
ID<15>         |MWD<29>        |   14.462|
ID<15>         |MWD<30>        |   13.910|
ID<15>         |MWD<31>        |   13.511|
ID<16>         |MA<0>          |   31.265|
ID<16>         |MA<1>          |   27.503|
ID<16>         |MA<2>          |   29.356|
ID<16>         |MA<3>          |   26.448|
ID<16>         |MA<4>          |   27.253|
ID<16>         |MA<5>          |   28.138|
ID<16>         |MA<6>          |   28.118|
ID<16>         |MA<7>          |   27.395|
ID<16>         |MA<8>          |   27.547|
ID<16>         |MA<9>          |   29.490|
ID<16>         |MA<10>         |   27.185|
ID<16>         |MA<11>         |   29.411|
ID<16>         |MA<12>         |   28.571|
ID<16>         |MA<13>         |   28.700|
ID<16>         |MA<14>         |   28.455|
ID<16>         |MA<15>         |   28.639|
ID<16>         |MA<16>         |   30.871|
ID<16>         |MA<17>         |   30.310|
ID<16>         |MA<18>         |   29.586|
ID<16>         |MA<19>         |   30.681|
ID<16>         |MA<20>         |   29.813|
ID<16>         |MA<21>         |   28.679|
ID<16>         |MA<22>         |   28.894|
ID<16>         |MA<23>         |   28.534|
ID<16>         |MA<24>         |   29.967|
ID<16>         |MA<25>         |   28.638|
ID<16>         |MA<26>         |   28.957|
ID<16>         |MA<27>         |   29.524|
ID<16>         |MA<28>         |   30.264|
ID<16>         |MA<29>         |   30.865|
ID<16>         |MA<30>         |   29.893|
ID<16>         |MA<31>         |   30.047|
ID<17>         |MA<0>          |   30.708|
ID<17>         |MA<1>          |   27.493|
ID<17>         |MA<2>          |   29.346|
ID<17>         |MA<3>          |   26.438|
ID<17>         |MA<4>          |   26.798|
ID<17>         |MA<5>          |   27.918|
ID<17>         |MA<6>          |   28.273|
ID<17>         |MA<7>          |   27.133|
ID<17>         |MA<8>          |   27.918|
ID<17>         |MA<9>          |   29.480|
ID<17>         |MA<10>         |   27.175|
ID<17>         |MA<11>         |   28.854|
ID<17>         |MA<12>         |   28.014|
ID<17>         |MA<13>         |   28.143|
ID<17>         |MA<14>         |   27.959|
ID<17>         |MA<15>         |   28.082|
ID<17>         |MA<16>         |   30.314|
ID<17>         |MA<17>         |   29.753|
ID<17>         |MA<18>         |   29.029|
ID<17>         |MA<19>         |   30.124|
ID<17>         |MA<20>         |   29.256|
ID<17>         |MA<21>         |   28.122|
ID<17>         |MA<22>         |   28.337|
ID<17>         |MA<23>         |   27.977|
ID<17>         |MA<24>         |   29.410|
ID<17>         |MA<25>         |   28.291|
ID<17>         |MA<26>         |   28.400|
ID<17>         |MA<27>         |   28.967|
ID<17>         |MA<28>         |   29.707|
ID<17>         |MA<29>         |   30.308|
ID<17>         |MA<30>         |   29.336|
ID<17>         |MA<31>         |   29.490|
ID<18>         |MA<0>          |   33.521|
ID<18>         |MA<1>          |   28.872|
ID<18>         |MA<2>          |   30.725|
ID<18>         |MA<3>          |   28.124|
ID<18>         |MA<4>          |   29.509|
ID<18>         |MA<5>          |   30.394|
ID<18>         |MA<6>          |   30.374|
ID<18>         |MA<7>          |   29.651|
ID<18>         |MA<8>          |   28.587|
ID<18>         |MA<9>          |   30.259|
ID<18>         |MA<10>         |   28.722|
ID<18>         |MA<11>         |   31.667|
ID<18>         |MA<12>         |   30.827|
ID<18>         |MA<13>         |   30.956|
ID<18>         |MA<14>         |   30.711|
ID<18>         |MA<15>         |   30.895|
ID<18>         |MA<16>         |   33.127|
ID<18>         |MA<17>         |   32.566|
ID<18>         |MA<18>         |   31.842|
ID<18>         |MA<19>         |   32.937|
ID<18>         |MA<20>         |   32.069|
ID<18>         |MA<21>         |   30.935|
ID<18>         |MA<22>         |   31.150|
ID<18>         |MA<23>         |   30.790|
ID<18>         |MA<24>         |   32.223|
ID<18>         |MA<25>         |   30.894|
ID<18>         |MA<26>         |   31.213|
ID<18>         |MA<27>         |   31.780|
ID<18>         |MA<28>         |   32.520|
ID<18>         |MA<29>         |   33.121|
ID<18>         |MA<30>         |   32.149|
ID<18>         |MA<31>         |   32.303|
ID<19>         |MA<0>          |   32.920|
ID<19>         |MA<1>          |   29.455|
ID<19>         |MA<2>          |   30.683|
ID<19>         |MA<3>          |   27.865|
ID<19>         |MA<4>          |   28.908|
ID<19>         |MA<5>          |   29.793|
ID<19>         |MA<6>          |   30.280|
ID<19>         |MA<7>          |   29.557|
ID<19>         |MA<8>          |   29.871|
ID<19>         |MA<9>          |   31.598|
ID<19>         |MA<10>         |   29.579|
ID<19>         |MA<11>         |   31.066|
ID<19>         |MA<12>         |   30.226|
ID<19>         |MA<13>         |   30.355|
ID<19>         |MA<14>         |   30.825|
ID<19>         |MA<15>         |   30.299|
ID<19>         |MA<16>         |   32.526|
ID<19>         |MA<17>         |   31.965|
ID<19>         |MA<18>         |   31.241|
ID<19>         |MA<19>         |   32.336|
ID<19>         |MA<20>         |   31.468|
ID<19>         |MA<21>         |   30.334|
ID<19>         |MA<22>         |   30.549|
ID<19>         |MA<23>         |   30.189|
ID<19>         |MA<24>         |   31.622|
ID<19>         |MA<25>         |   30.298|
ID<19>         |MA<26>         |   30.612|
ID<19>         |MA<27>         |   31.179|
ID<19>         |MA<28>         |   31.919|
ID<19>         |MA<29>         |   32.520|
ID<19>         |MA<30>         |   31.548|
ID<19>         |MA<31>         |   31.702|
ID<20>         |MA<0>          |   28.869|
ID<20>         |MA<1>          |   26.951|
ID<20>         |MA<2>          |   28.804|
ID<20>         |MA<3>          |   25.896|
ID<20>         |MA<4>          |   26.256|
ID<20>         |MA<5>          |   27.376|
ID<20>         |MA<6>          |   27.731|
ID<20>         |MA<7>          |   26.591|
ID<20>         |MA<8>          |   27.376|
ID<20>         |MA<9>          |   28.938|
ID<20>         |MA<10>         |   26.633|
ID<20>         |MA<11>         |   27.092|
ID<20>         |MA<12>         |   26.290|
ID<20>         |MA<13>         |   26.957|
ID<20>         |MA<14>         |   26.502|
ID<20>         |MA<15>         |   26.243|
ID<20>         |MA<16>         |   28.475|
ID<20>         |MA<17>         |   27.914|
ID<20>         |MA<18>         |   27.190|
ID<20>         |MA<19>         |   28.285|
ID<20>         |MA<20>         |   27.417|
ID<20>         |MA<21>         |   26.283|
ID<20>         |MA<22>         |   27.566|
ID<20>         |MA<23>         |   26.606|
ID<20>         |MA<24>         |   27.571|
ID<20>         |MA<25>         |   27.749|
ID<20>         |MA<26>         |   26.561|
ID<20>         |MA<27>         |   27.128|
ID<20>         |MA<28>         |   27.868|
ID<20>         |MA<29>         |   28.469|
ID<20>         |MA<30>         |   27.497|
ID<20>         |MA<31>         |   27.651|
ID<21>         |MA<0>          |   31.171|
ID<21>         |MA<1>          |   25.725|
ID<21>         |MA<2>          |   27.784|
ID<21>         |MA<3>          |   25.236|
ID<21>         |MA<4>          |   25.765|
ID<21>         |MA<5>          |   26.821|
ID<21>         |MA<6>          |   27.344|
ID<21>         |MA<7>          |   25.961|
ID<21>         |MA<8>          |   26.336|
ID<21>         |MA<9>          |   27.957|
ID<21>         |MA<10>         |   25.990|
ID<21>         |MA<11>         |   29.317|
ID<21>         |MA<12>         |   28.477|
ID<21>         |MA<13>         |   28.606|
ID<21>         |MA<14>         |   28.361|
ID<21>         |MA<15>         |   28.545|
ID<21>         |MA<16>         |   30.777|
ID<21>         |MA<17>         |   30.216|
ID<21>         |MA<18>         |   29.492|
ID<21>         |MA<19>         |   30.587|
ID<21>         |MA<20>         |   29.719|
ID<21>         |MA<21>         |   28.585|
ID<21>         |MA<22>         |   28.800|
ID<21>         |MA<23>         |   28.440|
ID<21>         |MA<24>         |   29.873|
ID<21>         |MA<25>         |   28.544|
ID<21>         |MA<26>         |   28.863|
ID<21>         |MA<27>         |   29.430|
ID<21>         |MA<28>         |   30.170|
ID<21>         |MA<29>         |   30.771|
ID<21>         |MA<30>         |   29.799|
ID<21>         |MA<31>         |   29.953|
ID<21>         |MWD<0>         |   12.397|
ID<21>         |MWD<1>         |   12.156|
ID<21>         |MWD<2>         |   12.452|
ID<21>         |MWD<3>         |   11.540|
ID<21>         |MWD<4>         |   11.426|
ID<21>         |MWD<5>         |   12.667|
ID<21>         |MWD<6>         |   11.608|
ID<21>         |MWD<7>         |   11.835|
ID<21>         |MWD<8>         |   12.461|
ID<21>         |MWD<9>         |   10.293|
ID<21>         |MWD<10>        |   12.833|
ID<21>         |MWD<11>        |   10.855|
ID<21>         |MWD<12>        |   12.454|
ID<21>         |MWD<13>        |   11.396|
ID<21>         |MWD<14>        |   12.035|
ID<21>         |MWD<15>        |   13.057|
ID<21>         |MWD<16>        |   14.108|
ID<21>         |MWD<17>        |   11.605|
ID<21>         |MWD<18>        |   12.710|
ID<21>         |MWD<19>        |   12.768|
ID<21>         |MWD<20>        |   12.342|
ID<21>         |MWD<21>        |   12.808|
ID<21>         |MWD<22>        |   11.565|
ID<21>         |MWD<23>        |   13.292|
ID<21>         |MWD<24>        |   13.485|
ID<21>         |MWD<25>        |   12.002|
ID<21>         |MWD<26>        |   13.460|
ID<21>         |MWD<27>        |   12.048|
ID<21>         |MWD<28>        |   12.661|
ID<21>         |MWD<29>        |   12.977|
ID<21>         |MWD<30>        |   13.635|
ID<21>         |MWD<31>        |   13.514|
ID<22>         |MA<0>          |   31.283|
ID<22>         |MA<1>          |   25.130|
ID<22>         |MA<2>          |   27.189|
ID<22>         |MA<3>          |   24.641|
ID<22>         |MA<4>          |   25.170|
ID<22>         |MA<5>          |   26.226|
ID<22>         |MA<6>          |   26.749|
ID<22>         |MA<7>          |   25.366|
ID<22>         |MA<8>          |   25.741|
ID<22>         |MA<9>          |   27.362|
ID<22>         |MA<10>         |   25.395|
ID<22>         |MA<11>         |   29.429|
ID<22>         |MA<12>         |   28.589|
ID<22>         |MA<13>         |   28.718|
ID<22>         |MA<14>         |   28.473|
ID<22>         |MA<15>         |   28.657|
ID<22>         |MA<16>         |   30.889|
ID<22>         |MA<17>         |   30.328|
ID<22>         |MA<18>         |   29.604|
ID<22>         |MA<19>         |   30.699|
ID<22>         |MA<20>         |   29.831|
ID<22>         |MA<21>         |   28.697|
ID<22>         |MA<22>         |   28.912|
ID<22>         |MA<23>         |   28.552|
ID<22>         |MA<24>         |   29.985|
ID<22>         |MA<25>         |   28.656|
ID<22>         |MA<26>         |   28.975|
ID<22>         |MA<27>         |   29.542|
ID<22>         |MA<28>         |   30.282|
ID<22>         |MA<29>         |   30.883|
ID<22>         |MA<30>         |   29.911|
ID<22>         |MA<31>         |   30.065|
ID<22>         |MWD<0>         |   12.509|
ID<22>         |MWD<1>         |   12.183|
ID<22>         |MWD<2>         |   12.303|
ID<22>         |MWD<3>         |   11.652|
ID<22>         |MWD<4>         |   10.831|
ID<22>         |MWD<5>         |   12.779|
ID<22>         |MWD<6>         |   11.639|
ID<22>         |MWD<7>         |   11.694|
ID<22>         |MWD<8>         |   12.657|
ID<22>         |MWD<9>         |   10.287|
ID<22>         |MWD<10>        |   11.935|
ID<22>         |MWD<11>        |   11.249|
ID<22>         |MWD<12>        |   13.206|
ID<22>         |MWD<13>        |   12.949|
ID<22>         |MWD<14>        |   12.494|
ID<22>         |MWD<15>        |   12.944|
ID<22>         |MWD<16>        |   13.314|
ID<22>         |MWD<17>        |   12.960|
ID<22>         |MWD<18>        |   13.272|
ID<22>         |MWD<19>        |   13.446|
ID<22>         |MWD<20>        |   13.156|
ID<22>         |MWD<21>        |   12.516|
ID<22>         |MWD<22>        |   11.781|
ID<22>         |MWD<23>        |   13.404|
ID<22>         |MWD<24>        |   13.983|
ID<22>         |MWD<25>        |   12.268|
ID<22>         |MWD<26>        |   13.572|
ID<22>         |MWD<27>        |   12.922|
ID<22>         |MWD<28>        |   12.773|
ID<22>         |MWD<29>        |   13.089|
ID<22>         |MWD<30>        |   13.541|
ID<22>         |MWD<31>        |   13.094|
ID<23>         |MA<0>          |   31.136|
ID<23>         |MA<1>          |   25.594|
ID<23>         |MA<2>          |   27.653|
ID<23>         |MA<3>          |   25.105|
ID<23>         |MA<4>          |   25.634|
ID<23>         |MA<5>          |   26.690|
ID<23>         |MA<6>          |   27.213|
ID<23>         |MA<7>          |   25.830|
ID<23>         |MA<8>          |   26.205|
ID<23>         |MA<9>          |   27.826|
ID<23>         |MA<10>         |   25.859|
ID<23>         |MA<11>         |   29.282|
ID<23>         |MA<12>         |   28.442|
ID<23>         |MA<13>         |   28.571|
ID<23>         |MA<14>         |   28.326|
ID<23>         |MA<15>         |   28.510|
ID<23>         |MA<16>         |   30.742|
ID<23>         |MA<17>         |   30.181|
ID<23>         |MA<18>         |   29.457|
ID<23>         |MA<19>         |   30.552|
ID<23>         |MA<20>         |   29.684|
ID<23>         |MA<21>         |   28.550|
ID<23>         |MA<22>         |   28.765|
ID<23>         |MA<23>         |   28.405|
ID<23>         |MA<24>         |   29.838|
ID<23>         |MA<25>         |   28.509|
ID<23>         |MA<26>         |   28.828|
ID<23>         |MA<27>         |   29.395|
ID<23>         |MA<28>         |   30.135|
ID<23>         |MA<29>         |   30.736|
ID<23>         |MA<30>         |   29.764|
ID<23>         |MA<31>         |   29.918|
ID<23>         |MWD<0>         |   12.362|
ID<23>         |MWD<1>         |   12.704|
ID<23>         |MWD<2>         |   12.081|
ID<23>         |MWD<3>         |   11.430|
ID<23>         |MWD<4>         |   11.295|
ID<23>         |MWD<5>         |   12.557|
ID<23>         |MWD<6>         |   12.372|
ID<23>         |MWD<7>         |   13.419|
ID<23>         |MWD<8>         |   12.976|
ID<23>         |MWD<9>         |   10.812|
ID<23>         |MWD<10>        |   12.496|
ID<23>         |MWD<11>        |   11.606|
ID<23>         |MWD<12>        |   12.466|
ID<23>         |MWD<13>        |   12.737|
ID<23>         |MWD<14>        |   12.910|
ID<23>         |MWD<15>        |   13.353|
ID<23>         |MWD<16>        |   13.479|
ID<23>         |MWD<17>        |   12.243|
ID<23>         |MWD<18>        |   12.894|
ID<23>         |MWD<19>        |   12.479|
ID<23>         |MWD<20>        |   13.485|
ID<23>         |MWD<21>        |   13.060|
ID<23>         |MWD<22>        |   12.184|
ID<23>         |MWD<23>        |   13.182|
ID<23>         |MWD<24>        |   13.898|
ID<23>         |MWD<25>        |   11.892|
ID<23>         |MWD<26>        |   13.350|
ID<23>         |MWD<27>        |   12.612|
ID<23>         |MWD<28>        |   12.779|
ID<23>         |MWD<29>        |   12.893|
ID<23>         |MWD<30>        |   14.384|
ID<23>         |MWD<31>        |   13.177|
ID<24>         |MA<0>          |   32.513|
ID<24>         |MA<1>          |   24.831|
ID<24>         |MA<2>          |   26.890|
ID<24>         |MA<3>          |   24.342|
ID<24>         |MA<4>          |   24.871|
ID<24>         |MA<5>          |   25.927|
ID<24>         |MA<6>          |   26.450|
ID<24>         |MA<7>          |   26.160|
ID<24>         |MA<8>          |   25.442|
ID<24>         |MA<9>          |   27.807|
ID<24>         |MA<10>         |   26.337|
ID<24>         |MA<11>         |   30.659|
ID<24>         |MA<12>         |   29.819|
ID<24>         |MA<13>         |   29.948|
ID<24>         |MA<14>         |   29.703|
ID<24>         |MA<15>         |   29.887|
ID<24>         |MA<16>         |   32.119|
ID<24>         |MA<17>         |   31.558|
ID<24>         |MA<18>         |   30.834|
ID<24>         |MA<19>         |   31.929|
ID<24>         |MA<20>         |   31.061|
ID<24>         |MA<21>         |   29.927|
ID<24>         |MA<22>         |   30.142|
ID<24>         |MA<23>         |   29.782|
ID<24>         |MA<24>         |   31.215|
ID<24>         |MA<25>         |   29.886|
ID<24>         |MA<26>         |   30.205|
ID<24>         |MA<27>         |   30.772|
ID<24>         |MA<28>         |   31.512|
ID<24>         |MA<29>         |   32.113|
ID<24>         |MA<30>         |   31.141|
ID<24>         |MA<31>         |   31.295|
ID<24>         |MWD<0>         |   13.739|
ID<24>         |MWD<1>         |   11.765|
ID<24>         |MWD<2>         |   12.192|
ID<24>         |MWD<3>         |   11.541|
ID<24>         |MWD<4>         |   10.532|
ID<24>         |MWD<5>         |   14.226|
ID<24>         |MWD<6>         |   11.362|
ID<24>         |MWD<7>         |   11.548|
ID<24>         |MWD<8>         |   12.451|
ID<24>         |MWD<9>         |   10.290|
ID<24>         |MWD<10>        |   13.414|
ID<24>         |MWD<11>        |   11.310|
ID<24>         |MWD<12>        |   12.912|
ID<24>         |MWD<13>        |   12.481|
ID<24>         |MWD<14>        |   12.746|
ID<24>         |MWD<15>        |   12.171|
ID<24>         |MWD<16>        |   13.728|
ID<24>         |MWD<17>        |   12.811|
ID<24>         |MWD<18>        |   12.435|
ID<24>         |MWD<19>        |   12.096|
ID<24>         |MWD<20>        |   12.883|
ID<24>         |MWD<21>        |   12.440|
ID<24>         |MWD<22>        |   11.566|
ID<24>         |MWD<23>        |   14.162|
ID<24>         |MWD<24>        |   13.221|
ID<24>         |MWD<25>        |   12.003|
ID<24>         |MWD<26>        |   13.461|
ID<24>         |MWD<27>        |   11.137|
ID<24>         |MWD<28>        |   14.552|
ID<24>         |MWD<29>        |   13.248|
ID<24>         |MWD<30>        |   14.457|
ID<24>         |MWD<31>        |   12.640|
ID<25>         |MA<0>          |   30.584|
ID<25>         |MA<1>          |   24.987|
ID<25>         |MA<2>          |   27.046|
ID<25>         |MA<3>          |   24.498|
ID<25>         |MA<4>          |   25.027|
ID<25>         |MA<5>          |   26.083|
ID<25>         |MA<6>          |   26.606|
ID<25>         |MA<7>          |   25.223|
ID<25>         |MA<8>          |   25.598|
ID<25>         |MA<9>          |   27.219|
ID<25>         |MA<10>         |   25.252|
ID<25>         |MA<11>         |   28.730|
ID<25>         |MA<12>         |   27.890|
ID<25>         |MA<13>         |   28.019|
ID<25>         |MA<14>         |   27.774|
ID<25>         |MA<15>         |   27.958|
ID<25>         |MA<16>         |   30.190|
ID<25>         |MA<17>         |   29.629|
ID<25>         |MA<18>         |   28.905|
ID<25>         |MA<19>         |   30.000|
ID<25>         |MA<20>         |   29.132|
ID<25>         |MA<21>         |   27.998|
ID<25>         |MA<22>         |   28.213|
ID<25>         |MA<23>         |   27.853|
ID<25>         |MA<24>         |   29.286|
ID<25>         |MA<25>         |   27.957|
ID<25>         |MA<26>         |   28.276|
ID<25>         |MA<27>         |   28.843|
ID<25>         |MA<28>         |   29.583|
ID<25>         |MA<29>         |   30.184|
ID<25>         |MA<30>         |   29.212|
ID<25>         |MA<31>         |   29.366|
ID<25>         |MWD<0>         |   11.810|
ID<25>         |MWD<1>         |   11.011|
ID<25>         |MWD<2>         |   12.116|
ID<25>         |MWD<3>         |   11.178|
ID<25>         |MWD<4>         |   10.688|
ID<25>         |MWD<5>         |   11.539|
ID<25>         |MWD<6>         |   10.168|
ID<25>         |MWD<7>         |   10.892|
ID<25>         |MWD<8>         |   11.729|
ID<25>         |MWD<9>         |    7.933|
ID<25>         |MWD<10>        |   10.509|
ID<25>         |MWD<11>        |    9.194|
ID<25>         |MWD<12>        |   11.335|
ID<25>         |MWD<13>        |    8.805|
ID<25>         |MWD<14>        |   10.299|
ID<25>         |MWD<15>        |   12.071|
ID<25>         |MWD<16>        |   11.703|
ID<25>         |MWD<17>        |    9.567|
ID<25>         |MWD<18>        |   10.105|
ID<25>         |MWD<19>        |   11.183|
ID<25>         |MWD<20>        |   10.528|
ID<25>         |MWD<21>        |   11.967|
ID<25>         |MWD<22>        |   10.834|
ID<25>         |MWD<23>        |   12.693|
ID<25>         |MWD<24>        |   11.899|
ID<25>         |MWD<25>        |   11.964|
ID<25>         |MWD<26>        |   13.087|
ID<25>         |MWD<27>        |   10.795|
ID<25>         |MWD<28>        |   12.079|
ID<25>         |MWD<29>        |   11.827|
ID<25>         |MWD<30>        |   11.489|
ID<25>         |MWD<31>        |   11.231|
ID<26>         |MA<0>          |   35.705|
ID<26>         |MA<1>          |   29.348|
ID<26>         |MA<2>          |   31.407|
ID<26>         |MA<3>          |   28.859|
ID<26>         |MA<4>          |   29.388|
ID<26>         |MA<5>          |   30.444|
ID<26>         |MA<6>          |   30.967|
ID<26>         |MA<7>          |   29.584|
ID<26>         |MA<8>          |   29.959|
ID<26>         |MA<9>          |   31.580|
ID<26>         |MA<10>         |   29.613|
ID<26>         |MA<11>         |   33.851|
ID<26>         |MA<12>         |   33.011|
ID<26>         |MA<13>         |   33.140|
ID<26>         |MA<14>         |   32.895|
ID<26>         |MA<15>         |   33.079|
ID<26>         |MA<16>         |   35.311|
ID<26>         |MA<17>         |   34.750|
ID<26>         |MA<18>         |   34.026|
ID<26>         |MA<19>         |   35.121|
ID<26>         |MA<20>         |   34.253|
ID<26>         |MA<21>         |   33.119|
ID<26>         |MA<22>         |   33.334|
ID<26>         |MA<23>         |   32.974|
ID<26>         |MA<24>         |   34.407|
ID<26>         |MA<25>         |   33.078|
ID<26>         |MA<26>         |   33.397|
ID<26>         |MA<27>         |   33.964|
ID<26>         |MA<28>         |   34.704|
ID<26>         |MA<29>         |   35.305|
ID<26>         |MA<30>         |   34.333|
ID<26>         |MA<31>         |   34.487|
ID<26>         |MOE            |   10.928|
ID<26>         |MWD<0>         |   16.931|
ID<26>         |MWD<1>         |   16.092|
ID<26>         |MWD<2>         |   16.075|
ID<26>         |MWD<3>         |   14.754|
ID<26>         |MWD<4>         |   15.049|
ID<26>         |MWD<5>         |   17.418|
ID<26>         |MWD<6>         |   15.760|
ID<26>         |MWD<7>         |   16.807|
ID<26>         |MWD<8>         |   16.364|
ID<26>         |MWD<9>         |   14.200|
ID<26>         |MWD<10>        |   16.606|
ID<26>         |MWD<11>        |   14.994|
ID<26>         |MWD<12>        |   16.672|
ID<26>         |MWD<13>        |   16.415|
ID<26>         |MWD<14>        |   16.298|
ID<26>         |MWD<15>        |   16.741|
ID<26>         |MWD<16>        |   17.731|
ID<26>         |MWD<17>        |   16.426|
ID<26>         |MWD<18>        |   16.738|
ID<26>         |MWD<19>        |   16.912|
ID<26>         |MWD<20>        |   16.873|
ID<26>         |MWD<21>        |   16.448|
ID<26>         |MWD<22>        |   15.572|
ID<26>         |MWD<23>        |   17.354|
ID<26>         |MWD<24>        |   17.449|
ID<26>         |MWD<25>        |   15.734|
ID<26>         |MWD<26>        |   16.212|
ID<26>         |MWD<27>        |   16.388|
ID<26>         |MWD<28>        |   17.744|
ID<26>         |MWD<29>        |   16.440|
ID<26>         |MWD<30>        |   17.772|
ID<26>         |MWD<31>        |   17.137|
ID<26>         |MWR            |    7.951|
ID<27>         |MA<0>          |   36.220|
ID<27>         |MA<1>          |   29.863|
ID<27>         |MA<2>          |   31.922|
ID<27>         |MA<3>          |   29.374|
ID<27>         |MA<4>          |   29.903|
ID<27>         |MA<5>          |   30.959|
ID<27>         |MA<6>          |   31.482|
ID<27>         |MA<7>          |   30.099|
ID<27>         |MA<8>          |   30.474|
ID<27>         |MA<9>          |   32.095|
ID<27>         |MA<10>         |   30.128|
ID<27>         |MA<11>         |   34.366|
ID<27>         |MA<12>         |   33.526|
ID<27>         |MA<13>         |   33.655|
ID<27>         |MA<14>         |   33.410|
ID<27>         |MA<15>         |   33.594|
ID<27>         |MA<16>         |   35.826|
ID<27>         |MA<17>         |   35.265|
ID<27>         |MA<18>         |   34.541|
ID<27>         |MA<19>         |   35.636|
ID<27>         |MA<20>         |   34.768|
ID<27>         |MA<21>         |   33.634|
ID<27>         |MA<22>         |   33.849|
ID<27>         |MA<23>         |   33.489|
ID<27>         |MA<24>         |   34.922|
ID<27>         |MA<25>         |   33.593|
ID<27>         |MA<26>         |   33.912|
ID<27>         |MA<27>         |   34.479|
ID<27>         |MA<28>         |   35.219|
ID<27>         |MA<29>         |   35.820|
ID<27>         |MA<30>         |   34.848|
ID<27>         |MA<31>         |   35.002|
ID<27>         |MOE            |   11.505|
ID<27>         |MWD<0>         |   17.446|
ID<27>         |MWD<1>         |   16.607|
ID<27>         |MWD<2>         |   16.590|
ID<27>         |MWD<3>         |   15.269|
ID<27>         |MWD<4>         |   15.564|
ID<27>         |MWD<5>         |   17.933|
ID<27>         |MWD<6>         |   16.275|
ID<27>         |MWD<7>         |   17.322|
ID<27>         |MWD<8>         |   16.879|
ID<27>         |MWD<9>         |   14.715|
ID<27>         |MWD<10>        |   17.121|
ID<27>         |MWD<11>        |   15.509|
ID<27>         |MWD<12>        |   17.187|
ID<27>         |MWD<13>        |   16.930|
ID<27>         |MWD<14>        |   16.813|
ID<27>         |MWD<15>        |   17.256|
ID<27>         |MWD<16>        |   18.246|
ID<27>         |MWD<17>        |   16.941|
ID<27>         |MWD<18>        |   17.253|
ID<27>         |MWD<19>        |   17.427|
ID<27>         |MWD<20>        |   17.388|
ID<27>         |MWD<21>        |   16.963|
ID<27>         |MWD<22>        |   16.087|
ID<27>         |MWD<23>        |   17.869|
ID<27>         |MWD<24>        |   17.964|
ID<27>         |MWD<25>        |   16.249|
ID<27>         |MWD<26>        |   16.727|
ID<27>         |MWD<27>        |   16.903|
ID<27>         |MWD<28>        |   18.259|
ID<27>         |MWD<29>        |   16.955|
ID<27>         |MWD<30>        |   18.287|
ID<27>         |MWD<31>        |   17.652|
ID<27>         |MWR            |    7.945|
ID<28>         |MA<0>          |   35.888|
ID<28>         |MA<1>          |   29.531|
ID<28>         |MA<2>          |   31.590|
ID<28>         |MA<3>          |   29.042|
ID<28>         |MA<4>          |   29.571|
ID<28>         |MA<5>          |   30.627|
ID<28>         |MA<6>          |   31.150|
ID<28>         |MA<7>          |   29.767|
ID<28>         |MA<8>          |   30.142|
ID<28>         |MA<9>          |   31.763|
ID<28>         |MA<10>         |   29.796|
ID<28>         |MA<11>         |   34.034|
ID<28>         |MA<12>         |   33.194|
ID<28>         |MA<13>         |   33.323|
ID<28>         |MA<14>         |   33.078|
ID<28>         |MA<15>         |   33.262|
ID<28>         |MA<16>         |   35.494|
ID<28>         |MA<17>         |   34.933|
ID<28>         |MA<18>         |   34.209|
ID<28>         |MA<19>         |   35.304|
ID<28>         |MA<20>         |   34.436|
ID<28>         |MA<21>         |   33.302|
ID<28>         |MA<22>         |   33.517|
ID<28>         |MA<23>         |   33.157|
ID<28>         |MA<24>         |   34.590|
ID<28>         |MA<25>         |   33.261|
ID<28>         |MA<26>         |   33.580|
ID<28>         |MA<27>         |   34.147|
ID<28>         |MA<28>         |   34.887|
ID<28>         |MA<29>         |   35.488|
ID<28>         |MA<30>         |   34.516|
ID<28>         |MA<31>         |   34.670|
ID<28>         |MOE            |   12.785|
ID<28>         |MWD<0>         |   17.114|
ID<28>         |MWD<1>         |   16.275|
ID<28>         |MWD<2>         |   16.258|
ID<28>         |MWD<3>         |   14.937|
ID<28>         |MWD<4>         |   15.232|
ID<28>         |MWD<5>         |   17.601|
ID<28>         |MWD<6>         |   15.943|
ID<28>         |MWD<7>         |   16.990|
ID<28>         |MWD<8>         |   16.547|
ID<28>         |MWD<9>         |   14.383|
ID<28>         |MWD<10>        |   16.789|
ID<28>         |MWD<11>        |   15.177|
ID<28>         |MWD<12>        |   16.855|
ID<28>         |MWD<13>        |   16.598|
ID<28>         |MWD<14>        |   16.481|
ID<28>         |MWD<15>        |   16.924|
ID<28>         |MWD<16>        |   17.914|
ID<28>         |MWD<17>        |   16.609|
ID<28>         |MWD<18>        |   16.921|
ID<28>         |MWD<19>        |   17.095|
ID<28>         |MWD<20>        |   17.056|
ID<28>         |MWD<21>        |   16.631|
ID<28>         |MWD<22>        |   15.755|
ID<28>         |MWD<23>        |   17.537|
ID<28>         |MWD<24>        |   17.632|
ID<28>         |MWD<25>        |   15.917|
ID<28>         |MWD<26>        |   16.395|
ID<28>         |MWD<27>        |   16.571|
ID<28>         |MWD<28>        |   17.927|
ID<28>         |MWD<29>        |   16.623|
ID<28>         |MWD<30>        |   17.955|
ID<28>         |MWD<31>        |   17.320|
ID<28>         |MWR            |   11.628|
ID<29>         |MA<0>          |   39.313|
ID<29>         |MA<1>          |   32.956|
ID<29>         |MA<2>          |   35.015|
ID<29>         |MA<3>          |   32.467|
ID<29>         |MA<4>          |   32.996|
ID<29>         |MA<5>          |   34.052|
ID<29>         |MA<6>          |   34.575|
ID<29>         |MA<7>          |   33.192|
ID<29>         |MA<8>          |   33.567|
ID<29>         |MA<9>          |   35.188|
ID<29>         |MA<10>         |   33.221|
ID<29>         |MA<11>         |   37.459|
ID<29>         |MA<12>         |   36.619|
ID<29>         |MA<13>         |   36.748|
ID<29>         |MA<14>         |   36.503|
ID<29>         |MA<15>         |   36.687|
ID<29>         |MA<16>         |   38.919|
ID<29>         |MA<17>         |   38.358|
ID<29>         |MA<18>         |   37.634|
ID<29>         |MA<19>         |   38.729|
ID<29>         |MA<20>         |   37.861|
ID<29>         |MA<21>         |   36.727|
ID<29>         |MA<22>         |   36.942|
ID<29>         |MA<23>         |   36.582|
ID<29>         |MA<24>         |   38.015|
ID<29>         |MA<25>         |   36.686|
ID<29>         |MA<26>         |   37.005|
ID<29>         |MA<27>         |   37.572|
ID<29>         |MA<28>         |   38.312|
ID<29>         |MA<29>         |   38.913|
ID<29>         |MA<30>         |   37.941|
ID<29>         |MA<31>         |   38.095|
ID<29>         |MOE            |   14.251|
ID<29>         |MWD<0>         |   20.539|
ID<29>         |MWD<1>         |   19.700|
ID<29>         |MWD<2>         |   19.683|
ID<29>         |MWD<3>         |   18.362|
ID<29>         |MWD<4>         |   18.657|
ID<29>         |MWD<5>         |   21.026|
ID<29>         |MWD<6>         |   19.368|
ID<29>         |MWD<7>         |   20.415|
ID<29>         |MWD<8>         |   19.972|
ID<29>         |MWD<9>         |   17.808|
ID<29>         |MWD<10>        |   20.214|
ID<29>         |MWD<11>        |   18.602|
ID<29>         |MWD<12>        |   20.280|
ID<29>         |MWD<13>        |   20.023|
ID<29>         |MWD<14>        |   19.906|
ID<29>         |MWD<15>        |   20.349|
ID<29>         |MWD<16>        |   21.339|
ID<29>         |MWD<17>        |   20.034|
ID<29>         |MWD<18>        |   20.346|
ID<29>         |MWD<19>        |   20.520|
ID<29>         |MWD<20>        |   20.481|
ID<29>         |MWD<21>        |   20.056|
ID<29>         |MWD<22>        |   19.180|
ID<29>         |MWD<23>        |   20.962|
ID<29>         |MWD<24>        |   21.057|
ID<29>         |MWD<25>        |   19.342|
ID<29>         |MWD<26>        |   19.820|
ID<29>         |MWD<27>        |   19.996|
ID<29>         |MWD<28>        |   21.352|
ID<29>         |MWD<29>        |   20.048|
ID<29>         |MWD<30>        |   21.380|
ID<29>         |MWD<31>        |   20.745|
ID<29>         |MWR            |   14.211|
ID<30>         |MA<0>          |   38.412|
ID<30>         |MA<1>          |   32.055|
ID<30>         |MA<2>          |   34.114|
ID<30>         |MA<3>          |   31.566|
ID<30>         |MA<4>          |   32.095|
ID<30>         |MA<5>          |   33.151|
ID<30>         |MA<6>          |   33.674|
ID<30>         |MA<7>          |   32.291|
ID<30>         |MA<8>          |   32.666|
ID<30>         |MA<9>          |   34.287|
ID<30>         |MA<10>         |   32.320|
ID<30>         |MA<11>         |   36.558|
ID<30>         |MA<12>         |   35.718|
ID<30>         |MA<13>         |   35.847|
ID<30>         |MA<14>         |   35.602|
ID<30>         |MA<15>         |   35.786|
ID<30>         |MA<16>         |   38.018|
ID<30>         |MA<17>         |   37.457|
ID<30>         |MA<18>         |   36.733|
ID<30>         |MA<19>         |   37.828|
ID<30>         |MA<20>         |   36.960|
ID<30>         |MA<21>         |   35.826|
ID<30>         |MA<22>         |   36.041|
ID<30>         |MA<23>         |   35.681|
ID<30>         |MA<24>         |   37.114|
ID<30>         |MA<25>         |   35.785|
ID<30>         |MA<26>         |   36.104|
ID<30>         |MA<27>         |   36.671|
ID<30>         |MA<28>         |   37.411|
ID<30>         |MA<29>         |   38.012|
ID<30>         |MA<30>         |   37.040|
ID<30>         |MA<31>         |   37.194|
ID<30>         |MOE            |   13.350|
ID<30>         |MWD<0>         |   19.638|
ID<30>         |MWD<1>         |   18.799|
ID<30>         |MWD<2>         |   18.782|
ID<30>         |MWD<3>         |   17.461|
ID<30>         |MWD<4>         |   17.756|
ID<30>         |MWD<5>         |   20.125|
ID<30>         |MWD<6>         |   18.467|
ID<30>         |MWD<7>         |   19.514|
ID<30>         |MWD<8>         |   19.071|
ID<30>         |MWD<9>         |   16.907|
ID<30>         |MWD<10>        |   19.313|
ID<30>         |MWD<11>        |   17.701|
ID<30>         |MWD<12>        |   19.379|
ID<30>         |MWD<13>        |   19.122|
ID<30>         |MWD<14>        |   19.005|
ID<30>         |MWD<15>        |   19.448|
ID<30>         |MWD<16>        |   20.438|
ID<30>         |MWD<17>        |   19.133|
ID<30>         |MWD<18>        |   19.445|
ID<30>         |MWD<19>        |   19.619|
ID<30>         |MWD<20>        |   19.580|
ID<30>         |MWD<21>        |   19.155|
ID<30>         |MWD<22>        |   18.279|
ID<30>         |MWD<23>        |   20.061|
ID<30>         |MWD<24>        |   20.156|
ID<30>         |MWD<25>        |   18.441|
ID<30>         |MWD<26>        |   18.919|
ID<30>         |MWD<27>        |   19.095|
ID<30>         |MWD<28>        |   20.451|
ID<30>         |MWD<29>        |   19.147|
ID<30>         |MWD<30>        |   20.479|
ID<30>         |MWD<31>        |   19.844|
ID<30>         |MWR            |   13.310|
ID<31>         |MA<0>          |   37.547|
ID<31>         |MA<1>          |   31.190|
ID<31>         |MA<2>          |   33.249|
ID<31>         |MA<3>          |   30.701|
ID<31>         |MA<4>          |   31.230|
ID<31>         |MA<5>          |   32.286|
ID<31>         |MA<6>          |   32.809|
ID<31>         |MA<7>          |   31.426|
ID<31>         |MA<8>          |   31.801|
ID<31>         |MA<9>          |   33.422|
ID<31>         |MA<10>         |   31.455|
ID<31>         |MA<11>         |   35.693|
ID<31>         |MA<12>         |   34.853|
ID<31>         |MA<13>         |   34.982|
ID<31>         |MA<14>         |   34.737|
ID<31>         |MA<15>         |   34.921|
ID<31>         |MA<16>         |   37.153|
ID<31>         |MA<17>         |   36.592|
ID<31>         |MA<18>         |   35.868|
ID<31>         |MA<19>         |   36.963|
ID<31>         |MA<20>         |   36.095|
ID<31>         |MA<21>         |   34.961|
ID<31>         |MA<22>         |   35.176|
ID<31>         |MA<23>         |   34.816|
ID<31>         |MA<24>         |   36.249|
ID<31>         |MA<25>         |   34.920|
ID<31>         |MA<26>         |   35.239|
ID<31>         |MA<27>         |   35.806|
ID<31>         |MA<28>         |   36.546|
ID<31>         |MA<29>         |   37.147|
ID<31>         |MA<30>         |   36.175|
ID<31>         |MA<31>         |   36.329|
ID<31>         |MOE            |   12.485|
ID<31>         |MWD<0>         |   18.773|
ID<31>         |MWD<1>         |   17.934|
ID<31>         |MWD<2>         |   17.917|
ID<31>         |MWD<3>         |   16.596|
ID<31>         |MWD<4>         |   16.891|
ID<31>         |MWD<5>         |   19.260|
ID<31>         |MWD<6>         |   17.602|
ID<31>         |MWD<7>         |   18.649|
ID<31>         |MWD<8>         |   18.206|
ID<31>         |MWD<9>         |   16.042|
ID<31>         |MWD<10>        |   18.448|
ID<31>         |MWD<11>        |   16.836|
ID<31>         |MWD<12>        |   18.514|
ID<31>         |MWD<13>        |   18.257|
ID<31>         |MWD<14>        |   18.140|
ID<31>         |MWD<15>        |   18.583|
ID<31>         |MWD<16>        |   19.573|
ID<31>         |MWD<17>        |   18.268|
ID<31>         |MWD<18>        |   18.580|
ID<31>         |MWD<19>        |   18.754|
ID<31>         |MWD<20>        |   18.715|
ID<31>         |MWD<21>        |   18.290|
ID<31>         |MWD<22>        |   17.414|
ID<31>         |MWD<23>        |   19.196|
ID<31>         |MWD<24>        |   19.291|
ID<31>         |MWD<25>        |   17.576|
ID<31>         |MWD<26>        |   18.054|
ID<31>         |MWD<27>        |   18.230|
ID<31>         |MWD<28>        |   19.586|
ID<31>         |MWD<29>        |   18.282|
ID<31>         |MWD<30>        |   19.614|
ID<31>         |MWD<31>        |   18.979|
ID<31>         |MWR            |   12.445|
IRQ            |MWR            |    8.478|
RESET          |MWR            |    8.822|
---------------+---------------+---------+


Analysis completed Wed Aug 05 04:52:35 2020 
--------------------------------------------------------------------------------

Trace Settings:
-------------------------
Trace Settings 

Peak Memory Usage: 124 MB



