--------------------------------------------------------------------------------
Release 14.6 Trace  (nt)
Copyright (c) 1995-2013 Xilinx, Inc.  All rights reserved.

C:\Xilinx\14.6\ISE_DS\ISE\bin\nt\unwrapped\trce.exe -intstyle ise -v 3 -s 4 -n
3 -fastpaths -xml TOP_preroute.twx TOP_map.ncd -o TOP_preroute.twr TOP.pcf

Design file:              TOP_map.ncd
Physical constraint file: TOP.pcf
Device,package,speed:     xc3s500e,fg320,-4 (PRODUCTION 1.27 2013-06-08)
Report level:             verbose report

Environment Variable      Effect 
--------------------      ------ 
NONE                      No environment variables were set
--------------------------------------------------------------------------------

INFO:Timing:2698 - No timing constraints found, doing default enumeration.
INFO:Timing:3412 - To improve timing, see the Timing Closure User Guide (UG612).
INFO:Timing:2752 - To get complete path coverage, use the unconstrained paths 
   option. All paths that are not constrained will be reported in the 
   unconstrained paths section(s) of the report.
INFO:Timing:3284 - This timing report was generated using estimated delay 
   information.  For accurate numbers, please refer to the post Place and Route 
   timing report.
INFO:Timing:3339 - The clock-to-out numbers in this timing report are based on 
   a 50 Ohm transmission line loading model.  For the details of this model, 
   and for more information on accounting for different loading conditions, 
   please see the device datasheet.
INFO:Timing:3390 - This architecture does not support a default System Jitter 
   value, please add SYSTEM_JITTER constraint to the UCF to modify the Clock 
   Uncertainty calculation.
INFO:Timing:3389 - This architecture does not support 'Discrete Jitter' and 
   'Phase Error' calculations, these terms will be zero in the Clock 
   Uncertainty calculation.  Please make appropriate modification to 
   SYSTEM_JITTER to account for the unsupported Discrete Jitter and Phase 
   Error.



Data Sheet report:
-----------------
All values displayed in nanoseconds (ns)

Setup/Hold to clock clk
------------+------------+------------+------------------+--------+
            |Max Setup to|Max Hold to |                  | Clock  |
Source      | clk (edge) | clk (edge) |Internal Clock(s) | Phase  |
------------+------------+------------+------------------+--------+
ID<0>       |   13.514(R)|    1.044(R)|clk_BUFGP         |   0.000|
ID<1>       |   13.514(R)|    0.381(R)|clk_BUFGP         |   0.000|
ID<2>       |   12.710(R)|    1.044(R)|clk_BUFGP         |   0.000|
ID<3>       |   11.906(R)|    1.044(R)|clk_BUFGP         |   0.000|
ID<4>       |   13.031(R)|    0.381(R)|clk_BUFGP         |   0.000|
ID<5>       |   13.031(R)|    1.044(R)|clk_BUFGP         |   0.000|
ID<6>       |   12.227(R)|    1.044(R)|clk_BUFGP         |   0.000|
ID<7>       |   12.227(R)|   -0.282(R)|clk_BUFGP         |   0.000|
ID<8>       |   12.227(R)|   -0.045(R)|clk_BUFGP         |   0.000|
ID<9>       |   12.227(R)|    1.044(R)|clk_BUFGP         |   0.000|
ID<10>      |   10.870(R)|    0.381(R)|clk_BUFGP         |   0.000|
ID<11>      |   13.835(R)|    1.044(R)|clk_BUFGP         |   0.000|
ID<12>      |   13.835(R)|    0.381(R)|clk_BUFGP         |   0.000|
ID<13>      |   13.835(R)|    1.044(R)|clk_BUFGP         |   0.000|
ID<14>      |   13.835(R)|    1.044(R)|clk_BUFGP         |   0.000|
ID<15>      |   13.549(R)|    1.044(R)|clk_BUFGP         |   0.000|
ID<16>      |   13.031(R)|   -0.326(R)|clk_BUFGP         |   0.000|
ID<17>      |   13.031(R)|   -0.326(R)|clk_BUFGP         |   0.000|
ID<18>      |   13.031(R)|   -0.326(R)|clk_BUFGP         |   0.000|
ID<19>      |   13.031(R)|   -0.326(R)|clk_BUFGP         |   0.000|
ID<20>      |   12.745(R)|    0.381(R)|clk_BUFGP         |   0.000|
ID<21>      |   13.569(R)|    1.153(R)|clk_BUFGP         |   0.000|
ID<22>      |   13.569(R)|    1.153(R)|clk_BUFGP         |   0.000|
ID<23>      |   13.569(R)|    1.153(R)|clk_BUFGP         |   0.000|
ID<24>      |   13.569(R)|    1.153(R)|clk_BUFGP         |   0.000|
ID<25>      |   12.710(R)|    1.273(R)|clk_BUFGP         |   0.000|
ID<26>      |   14.373(R)|    0.124(R)|clk_BUFGP         |   0.000|
ID<27>      |   14.373(R)|    0.381(R)|clk_BUFGP         |   0.000|
ID<28>      |   14.373(R)|    0.124(R)|clk_BUFGP         |   0.000|
ID<29>      |   15.177(R)|    0.124(R)|clk_BUFGP         |   0.000|
ID<30>      |   15.177(R)|    0.610(R)|clk_BUFGP         |   0.000|
ID<31>      |   15.177(R)|    0.618(R)|clk_BUFGP         |   0.000|
IRQ         |    2.992(R)|    1.044(R)|clk_BUFGP         |   0.000|
MRD<0>      |    0.259(R)|    1.281(R)|clk_BUFGP         |   0.000|
MRD<1>      |    1.384(R)|    0.618(R)|clk_BUFGP         |   0.000|
MRD<2>      |    2.188(R)|    0.361(R)|clk_BUFGP         |   0.000|
MRD<3>      |    2.188(R)|    0.361(R)|clk_BUFGP         |   0.000|
MRD<4>      |    2.188(R)|    0.361(R)|clk_BUFGP         |   0.000|
MRD<5>      |    2.188(R)|    0.361(R)|clk_BUFGP         |   0.000|
MRD<6>      |    2.188(R)|    0.361(R)|clk_BUFGP         |   0.000|
MRD<7>      |    2.188(R)|    0.361(R)|clk_BUFGP         |   0.000|
MRD<8>      |    2.188(R)|    0.361(R)|clk_BUFGP         |   0.000|
MRD<9>      |    2.188(R)|    0.361(R)|clk_BUFGP         |   0.000|
MRD<10>     |    2.188(R)|    0.361(R)|clk_BUFGP         |   0.000|
MRD<11>     |    2.188(R)|    0.361(R)|clk_BUFGP         |   0.000|
MRD<12>     |    2.188(R)|    0.361(R)|clk_BUFGP         |   0.000|
MRD<13>     |    2.188(R)|    0.361(R)|clk_BUFGP         |   0.000|
MRD<14>     |    2.188(R)|    0.361(R)|clk_BUFGP         |   0.000|
MRD<15>     |    2.188(R)|    0.361(R)|clk_BUFGP         |   0.000|
MRD<16>     |    2.188(R)|    0.361(R)|clk_BUFGP         |   0.000|
MRD<17>     |    2.188(R)|    0.361(R)|clk_BUFGP         |   0.000|
MRD<18>     |    2.188(R)|    0.361(R)|clk_BUFGP         |   0.000|
MRD<19>     |    2.188(R)|    0.361(R)|clk_BUFGP         |   0.000|
MRD<20>     |    2.188(R)|    0.361(R)|clk_BUFGP         |   0.000|
MRD<21>     |    2.188(R)|    0.361(R)|clk_BUFGP         |   0.000|
MRD<22>     |    2.188(R)|    0.361(R)|clk_BUFGP         |   0.000|
MRD<23>     |    2.188(R)|    0.361(R)|clk_BUFGP         |   0.000|
MRD<24>     |    2.188(R)|    0.361(R)|clk_BUFGP         |   0.000|
MRD<25>     |    2.188(R)|    0.361(R)|clk_BUFGP         |   0.000|
MRD<26>     |    2.188(R)|    0.361(R)|clk_BUFGP         |   0.000|
MRD<27>     |    2.188(R)|    0.361(R)|clk_BUFGP         |   0.000|
MRD<28>     |    2.188(R)|    0.361(R)|clk_BUFGP         |   0.000|
MRD<29>     |    2.188(R)|    0.361(R)|clk_BUFGP         |   0.000|
MRD<30>     |    1.063(R)|    0.618(R)|clk_BUFGP         |   0.000|
MRD<31>     |    1.063(R)|    0.618(R)|clk_BUFGP         |   0.000|
RESET       |    1.284(R)|    1.326(R)|clk_BUFGP         |   0.000|
------------+------------+------------+------------------+--------+

Clock clk to Pad
------------+------------+------------------+--------+
            | clk (edge) |                  | Clock  |
Destination |   to PAD   |Internal Clock(s) | Phase  |
------------+------------+------------------+--------+
IA<2>       |    6.896(R)|clk_BUFGP         |   0.000|
IA<3>       |    6.896(R)|clk_BUFGP         |   0.000|
IA<4>       |    6.896(R)|clk_BUFGP         |   0.000|
IA<5>       |    6.896(R)|clk_BUFGP         |   0.000|
IA<6>       |    6.892(R)|clk_BUFGP         |   0.000|
IA<7>       |    6.896(R)|clk_BUFGP         |   0.000|
IA<8>       |    6.896(R)|clk_BUFGP         |   0.000|
IA<9>       |    6.896(R)|clk_BUFGP         |   0.000|
IA<10>      |    6.896(R)|clk_BUFGP         |   0.000|
IA<11>      |    6.896(R)|clk_BUFGP         |   0.000|
IA<12>      |    6.896(R)|clk_BUFGP         |   0.000|
IA<13>      |    6.896(R)|clk_BUFGP         |   0.000|
IA<14>      |    6.896(R)|clk_BUFGP         |   0.000|
IA<15>      |    6.896(R)|clk_BUFGP         |   0.000|
IA<16>      |    6.896(R)|clk_BUFGP         |   0.000|
IA<17>      |    6.896(R)|clk_BUFGP         |   0.000|
IA<18>      |    6.896(R)|clk_BUFGP         |   0.000|
IA<19>      |    6.896(R)|clk_BUFGP         |   0.000|
IA<20>      |    6.896(R)|clk_BUFGP         |   0.000|
IA<21>      |    6.896(R)|clk_BUFGP         |   0.000|
IA<22>      |    6.896(R)|clk_BUFGP         |   0.000|
IA<23>      |    6.896(R)|clk_BUFGP         |   0.000|
IA<24>      |    6.896(R)|clk_BUFGP         |   0.000|
IA<25>      |    6.896(R)|clk_BUFGP         |   0.000|
IA<26>      |    6.896(R)|clk_BUFGP         |   0.000|
IA<27>      |    6.896(R)|clk_BUFGP         |   0.000|
IA<28>      |    6.896(R)|clk_BUFGP         |   0.000|
IA<29>      |    6.896(R)|clk_BUFGP         |   0.000|
IA<30>      |    6.896(R)|clk_BUFGP         |   0.000|
IA<31>      |    6.896(R)|clk_BUFGP         |   0.000|
MA<0>       |   20.186(R)|clk_BUFGP         |   0.000|
MA<1>       |   18.864(R)|clk_BUFGP         |   0.000|
MA<2>       |   19.633(R)|clk_BUFGP         |   0.000|
MA<3>       |   19.312(R)|clk_BUFGP         |   0.000|
MA<4>       |   19.633(R)|clk_BUFGP         |   0.000|
MA<5>       |   19.633(R)|clk_BUFGP         |   0.000|
MA<6>       |   19.795(R)|clk_BUFGP         |   0.000|
MA<7>       |   19.633(R)|clk_BUFGP         |   0.000|
MA<8>       |   19.633(R)|clk_BUFGP         |   0.000|
MA<9>       |   19.633(R)|clk_BUFGP         |   0.000|
MA<10>      |   19.633(R)|clk_BUFGP         |   0.000|
MA<11>      |   19.633(R)|clk_BUFGP         |   0.000|
MA<12>      |   19.150(R)|clk_BUFGP         |   0.000|
MA<13>      |   19.150(R)|clk_BUFGP         |   0.000|
MA<14>      |   19.633(R)|clk_BUFGP         |   0.000|
MA<15>      |   19.633(R)|clk_BUFGP         |   0.000|
MA<16>      |   19.633(R)|clk_BUFGP         |   0.000|
MA<17>      |   19.633(R)|clk_BUFGP         |   0.000|
MA<18>      |   19.150(R)|clk_BUFGP         |   0.000|
MA<19>      |   19.150(R)|clk_BUFGP         |   0.000|
MA<20>      |   19.633(R)|clk_BUFGP         |   0.000|
MA<21>      |   19.633(R)|clk_BUFGP         |   0.000|
MA<22>      |   19.633(R)|clk_BUFGP         |   0.000|
MA<23>      |   19.633(R)|clk_BUFGP         |   0.000|
MA<24>      |   19.633(R)|clk_BUFGP         |   0.000|
MA<25>      |   19.795(R)|clk_BUFGP         |   0.000|
MA<26>      |   19.633(R)|clk_BUFGP         |   0.000|
MA<27>      |   19.633(R)|clk_BUFGP         |   0.000|
MA<28>      |   19.312(R)|clk_BUFGP         |   0.000|
MA<29>      |   19.633(R)|clk_BUFGP         |   0.000|
MA<30>      |   19.347(R)|clk_BUFGP         |   0.000|
MA<31>      |   18.864(R)|clk_BUFGP         |   0.000|
MWD<0>      |    9.065(R)|clk_BUFGP         |   0.000|
MWD<1>      |    9.065(R)|clk_BUFGP         |   0.000|
MWD<2>      |    9.065(R)|clk_BUFGP         |   0.000|
MWD<3>      |    9.065(R)|clk_BUFGP         |   0.000|
MWD<4>      |    9.065(R)|clk_BUFGP         |   0.000|
MWD<5>      |    9.065(R)|clk_BUFGP         |   0.000|
MWD<6>      |    9.065(R)|clk_BUFGP         |   0.000|
MWD<7>      |    9.065(R)|clk_BUFGP         |   0.000|
MWD<8>      |    9.065(R)|clk_BUFGP         |   0.000|
MWD<9>      |    9.065(R)|clk_BUFGP         |   0.000|
MWD<10>     |    9.065(R)|clk_BUFGP         |   0.000|
MWD<11>     |    9.065(R)|clk_BUFGP         |   0.000|
MWD<12>     |    9.065(R)|clk_BUFGP         |   0.000|
MWD<13>     |    9.065(R)|clk_BUFGP         |   0.000|
MWD<14>     |    9.065(R)|clk_BUFGP         |   0.000|
MWD<15>     |    9.065(R)|clk_BUFGP         |   0.000|
MWD<16>     |    9.065(R)|clk_BUFGP         |   0.000|
MWD<17>     |    9.065(R)|clk_BUFGP         |   0.000|
MWD<18>     |    9.065(R)|clk_BUFGP         |   0.000|
MWD<19>     |    9.065(R)|clk_BUFGP         |   0.000|
MWD<20>     |    9.065(R)|clk_BUFGP         |   0.000|
MWD<21>     |    9.065(R)|clk_BUFGP         |   0.000|
MWD<22>     |    9.065(R)|clk_BUFGP         |   0.000|
MWD<23>     |    9.065(R)|clk_BUFGP         |   0.000|
MWD<24>     |    9.065(R)|clk_BUFGP         |   0.000|
MWD<25>     |    9.065(R)|clk_BUFGP         |   0.000|
MWD<26>     |    9.065(R)|clk_BUFGP         |   0.000|
MWD<27>     |    9.065(R)|clk_BUFGP         |   0.000|
MWD<28>     |    9.065(R)|clk_BUFGP         |   0.000|
MWD<29>     |    9.065(R)|clk_BUFGP         |   0.000|
MWD<30>     |    9.065(R)|clk_BUFGP         |   0.000|
MWD<31>     |    9.065(R)|clk_BUFGP         |   0.000|
MWR         |    8.504(R)|clk_BUFGP         |   0.000|
------------+------------+------------------+--------+

Clock to Setup on destination clock clk
---------------+---------+---------+---------+---------+
               | Src:Rise| Src:Fall| Src:Rise| Src:Fall|
Source Clock   |Dest:Rise|Dest:Rise|Dest:Fall|Dest:Fall|
---------------+---------+---------+---------+---------+
clk            |   15.246|         |         |         |
---------------+---------+---------+---------+---------+

Pad to Pad
---------------+---------------+---------+
Source Pad     |Destination Pad|  Delay  |
---------------+---------------+---------+
ID<0>          |MA<0>          |   17.903|
ID<0>          |MA<1>          |   16.581|
ID<0>          |MA<2>          |   17.350|
ID<0>          |MA<3>          |   17.029|
ID<0>          |MA<4>          |   17.350|
ID<0>          |MA<5>          |   17.350|
ID<0>          |MA<6>          |   17.512|
ID<0>          |MA<7>          |   17.350|
ID<0>          |MA<8>          |   17.350|
ID<0>          |MA<9>          |   17.350|
ID<0>          |MA<10>         |   17.350|
ID<0>          |MA<11>         |   17.350|
ID<0>          |MA<12>         |   16.867|
ID<0>          |MA<13>         |   16.867|
ID<0>          |MA<14>         |   17.350|
ID<0>          |MA<15>         |   17.350|
ID<0>          |MA<16>         |   17.350|
ID<0>          |MA<17>         |   17.350|
ID<0>          |MA<18>         |   16.867|
ID<0>          |MA<19>         |   16.867|
ID<0>          |MA<20>         |   17.350|
ID<0>          |MA<21>         |   17.350|
ID<0>          |MA<22>         |   17.350|
ID<0>          |MA<23>         |   17.350|
ID<0>          |MA<24>         |   17.350|
ID<0>          |MA<25>         |   17.512|
ID<0>          |MA<26>         |   17.350|
ID<0>          |MA<27>         |   17.350|
ID<0>          |MA<28>         |   17.029|
ID<0>          |MA<29>         |   17.350|
ID<0>          |MA<30>         |   17.064|
ID<0>          |MA<31>         |   16.581|
ID<1>          |MA<0>          |   17.903|
ID<1>          |MA<1>          |   16.581|
ID<1>          |MA<2>          |   17.350|
ID<1>          |MA<3>          |   17.029|
ID<1>          |MA<4>          |   17.350|
ID<1>          |MA<5>          |   17.350|
ID<1>          |MA<6>          |   17.512|
ID<1>          |MA<7>          |   17.350|
ID<1>          |MA<8>          |   17.350|
ID<1>          |MA<9>          |   17.350|
ID<1>          |MA<10>         |   17.350|
ID<1>          |MA<11>         |   17.350|
ID<1>          |MA<12>         |   16.867|
ID<1>          |MA<13>         |   16.867|
ID<1>          |MA<14>         |   17.350|
ID<1>          |MA<15>         |   17.350|
ID<1>          |MA<16>         |   17.350|
ID<1>          |MA<17>         |   17.350|
ID<1>          |MA<18>         |   16.867|
ID<1>          |MA<19>         |   16.867|
ID<1>          |MA<20>         |   17.350|
ID<1>          |MA<21>         |   17.350|
ID<1>          |MA<22>         |   17.350|
ID<1>          |MA<23>         |   17.350|
ID<1>          |MA<24>         |   17.350|
ID<1>          |MA<25>         |   17.512|
ID<1>          |MA<26>         |   17.350|
ID<1>          |MA<27>         |   17.350|
ID<1>          |MA<28>         |   17.029|
ID<1>          |MA<29>         |   17.350|
ID<1>          |MA<30>         |   17.064|
ID<1>          |MA<31>         |   16.581|
ID<2>          |MA<0>          |   17.099|
ID<2>          |MA<1>          |   15.777|
ID<2>          |MA<2>          |   16.546|
ID<2>          |MA<3>          |   16.225|
ID<2>          |MA<4>          |   16.546|
ID<2>          |MA<5>          |   16.546|
ID<2>          |MA<6>          |   16.708|
ID<2>          |MA<7>          |   16.546|
ID<2>          |MA<8>          |   16.546|
ID<2>          |MA<9>          |   16.546|
ID<2>          |MA<10>         |   16.546|
ID<2>          |MA<11>         |   16.546|
ID<2>          |MA<12>         |   16.063|
ID<2>          |MA<13>         |   16.063|
ID<2>          |MA<14>         |   16.546|
ID<2>          |MA<15>         |   16.546|
ID<2>          |MA<16>         |   16.546|
ID<2>          |MA<17>         |   16.546|
ID<2>          |MA<18>         |   16.063|
ID<2>          |MA<19>         |   16.063|
ID<2>          |MA<20>         |   16.546|
ID<2>          |MA<21>         |   16.546|
ID<2>          |MA<22>         |   16.546|
ID<2>          |MA<23>         |   16.546|
ID<2>          |MA<24>         |   16.546|
ID<2>          |MA<25>         |   16.708|
ID<2>          |MA<26>         |   16.546|
ID<2>          |MA<27>         |   16.546|
ID<2>          |MA<28>         |   16.225|
ID<2>          |MA<29>         |   16.546|
ID<2>          |MA<30>         |   16.260|
ID<2>          |MA<31>         |   15.777|
ID<3>          |MA<0>          |   16.295|
ID<3>          |MA<1>          |   14.973|
ID<3>          |MA<2>          |   15.742|
ID<3>          |MA<3>          |   15.421|
ID<3>          |MA<4>          |   15.742|
ID<3>          |MA<5>          |   15.742|
ID<3>          |MA<6>          |   15.904|
ID<3>          |MA<7>          |   15.742|
ID<3>          |MA<8>          |   15.742|
ID<3>          |MA<9>          |   15.742|
ID<3>          |MA<10>         |   15.742|
ID<3>          |MA<11>         |   15.742|
ID<3>          |MA<12>         |   15.259|
ID<3>          |MA<13>         |   15.259|
ID<3>          |MA<14>         |   15.742|
ID<3>          |MA<15>         |   15.742|
ID<3>          |MA<16>         |   15.742|
ID<3>          |MA<17>         |   15.742|
ID<3>          |MA<18>         |   15.259|
ID<3>          |MA<19>         |   15.259|
ID<3>          |MA<20>         |   15.742|
ID<3>          |MA<21>         |   15.742|
ID<3>          |MA<22>         |   15.742|
ID<3>          |MA<23>         |   15.742|
ID<3>          |MA<24>         |   15.742|
ID<3>          |MA<25>         |   15.904|
ID<3>          |MA<26>         |   15.742|
ID<3>          |MA<27>         |   15.742|
ID<3>          |MA<28>         |   15.421|
ID<3>          |MA<29>         |   15.742|
ID<3>          |MA<30>         |   15.456|
ID<3>          |MA<31>         |   14.973|
ID<4>          |MA<0>          |   17.420|
ID<4>          |MA<1>          |   15.777|
ID<4>          |MA<2>          |   16.546|
ID<4>          |MA<3>          |   16.225|
ID<4>          |MA<4>          |   16.546|
ID<4>          |MA<5>          |   16.546|
ID<4>          |MA<6>          |   16.708|
ID<4>          |MA<7>          |   16.546|
ID<4>          |MA<8>          |   16.546|
ID<4>          |MA<9>          |   16.546|
ID<4>          |MA<10>         |   16.546|
ID<4>          |MA<11>         |   16.546|
ID<4>          |MA<12>         |   16.063|
ID<4>          |MA<13>         |   16.063|
ID<4>          |MA<14>         |   16.546|
ID<4>          |MA<15>         |   16.546|
ID<4>          |MA<16>         |   16.546|
ID<4>          |MA<17>         |   16.546|
ID<4>          |MA<18>         |   16.063|
ID<4>          |MA<19>         |   16.063|
ID<4>          |MA<20>         |   16.546|
ID<4>          |MA<21>         |   16.546|
ID<4>          |MA<22>         |   16.546|
ID<4>          |MA<23>         |   16.546|
ID<4>          |MA<24>         |   16.546|
ID<4>          |MA<25>         |   16.708|
ID<4>          |MA<26>         |   16.546|
ID<4>          |MA<27>         |   16.546|
ID<4>          |MA<28>         |   16.225|
ID<4>          |MA<29>         |   16.546|
ID<4>          |MA<30>         |   16.581|
ID<4>          |MA<31>         |   15.812|
ID<5>          |MA<0>          |   17.420|
ID<5>          |MA<1>          |   15.777|
ID<5>          |MA<2>          |   16.546|
ID<5>          |MA<3>          |   16.225|
ID<5>          |MA<4>          |   16.546|
ID<5>          |MA<5>          |   16.546|
ID<5>          |MA<6>          |   16.708|
ID<5>          |MA<7>          |   16.546|
ID<5>          |MA<8>          |   16.546|
ID<5>          |MA<9>          |   16.546|
ID<5>          |MA<10>         |   16.546|
ID<5>          |MA<11>         |   16.546|
ID<5>          |MA<12>         |   16.063|
ID<5>          |MA<13>         |   16.063|
ID<5>          |MA<14>         |   16.546|
ID<5>          |MA<15>         |   16.546|
ID<5>          |MA<16>         |   16.546|
ID<5>          |MA<17>         |   16.546|
ID<5>          |MA<18>         |   16.063|
ID<5>          |MA<19>         |   16.063|
ID<5>          |MA<20>         |   16.546|
ID<5>          |MA<21>         |   16.546|
ID<5>          |MA<22>         |   16.546|
ID<5>          |MA<23>         |   16.546|
ID<5>          |MA<24>         |   16.546|
ID<5>          |MA<25>         |   16.708|
ID<5>          |MA<26>         |   16.546|
ID<5>          |MA<27>         |   16.546|
ID<5>          |MA<28>         |   16.225|
ID<5>          |MA<29>         |   16.546|
ID<5>          |MA<30>         |   16.581|
ID<5>          |MA<31>         |   15.812|
ID<6>          |MA<0>          |   16.616|
ID<6>          |MA<1>          |   14.973|
ID<6>          |MA<2>          |   15.742|
ID<6>          |MA<3>          |   15.421|
ID<6>          |MA<4>          |   15.742|
ID<6>          |MA<5>          |   15.742|
ID<6>          |MA<6>          |   15.904|
ID<6>          |MA<7>          |   15.742|
ID<6>          |MA<8>          |   15.742|
ID<6>          |MA<9>          |   15.742|
ID<6>          |MA<10>         |   15.742|
ID<6>          |MA<11>         |   15.742|
ID<6>          |MA<12>         |   15.259|
ID<6>          |MA<13>         |   15.259|
ID<6>          |MA<14>         |   15.742|
ID<6>          |MA<15>         |   15.742|
ID<6>          |MA<16>         |   15.742|
ID<6>          |MA<17>         |   15.742|
ID<6>          |MA<18>         |   15.259|
ID<6>          |MA<19>         |   15.259|
ID<6>          |MA<20>         |   15.742|
ID<6>          |MA<21>         |   15.742|
ID<6>          |MA<22>         |   15.742|
ID<6>          |MA<23>         |   15.742|
ID<6>          |MA<24>         |   15.742|
ID<6>          |MA<25>         |   15.904|
ID<6>          |MA<26>         |   15.742|
ID<6>          |MA<27>         |   15.742|
ID<6>          |MA<28>         |   15.421|
ID<6>          |MA<29>         |   15.742|
ID<6>          |MA<30>         |   15.777|
ID<6>          |MA<31>         |   15.008|
ID<7>          |MA<0>          |   16.616|
ID<7>          |MA<1>          |   14.973|
ID<7>          |MA<2>          |   15.742|
ID<7>          |MA<3>          |   15.421|
ID<7>          |MA<4>          |   15.742|
ID<7>          |MA<5>          |   15.742|
ID<7>          |MA<6>          |   15.904|
ID<7>          |MA<7>          |   15.742|
ID<7>          |MA<8>          |   15.742|
ID<7>          |MA<9>          |   15.742|
ID<7>          |MA<10>         |   15.742|
ID<7>          |MA<11>         |   15.742|
ID<7>          |MA<12>         |   15.259|
ID<7>          |MA<13>         |   15.259|
ID<7>          |MA<14>         |   15.742|
ID<7>          |MA<15>         |   15.742|
ID<7>          |MA<16>         |   15.742|
ID<7>          |MA<17>         |   15.742|
ID<7>          |MA<18>         |   15.259|
ID<7>          |MA<19>         |   15.259|
ID<7>          |MA<20>         |   15.742|
ID<7>          |MA<21>         |   15.742|
ID<7>          |MA<22>         |   15.742|
ID<7>          |MA<23>         |   15.742|
ID<7>          |MA<24>         |   15.742|
ID<7>          |MA<25>         |   15.904|
ID<7>          |MA<26>         |   15.742|
ID<7>          |MA<27>         |   15.742|
ID<7>          |MA<28>         |   15.421|
ID<7>          |MA<29>         |   15.742|
ID<7>          |MA<30>         |   15.777|
ID<7>          |MA<31>         |   15.008|
ID<8>          |MA<0>          |   16.616|
ID<8>          |MA<1>          |   15.294|
ID<8>          |MA<2>          |   16.063|
ID<8>          |MA<3>          |   15.742|
ID<8>          |MA<4>          |   16.063|
ID<8>          |MA<5>          |   16.063|
ID<8>          |MA<6>          |   16.225|
ID<8>          |MA<7>          |   16.063|
ID<8>          |MA<8>          |   16.063|
ID<8>          |MA<9>          |   16.063|
ID<8>          |MA<10>         |   16.063|
ID<8>          |MA<11>         |   16.063|
ID<8>          |MA<12>         |   15.580|
ID<8>          |MA<13>         |   15.580|
ID<8>          |MA<14>         |   16.063|
ID<8>          |MA<15>         |   16.063|
ID<8>          |MA<16>         |   16.063|
ID<8>          |MA<17>         |   16.063|
ID<8>          |MA<18>         |   15.580|
ID<8>          |MA<19>         |   15.580|
ID<8>          |MA<20>         |   16.063|
ID<8>          |MA<21>         |   16.063|
ID<8>          |MA<22>         |   16.063|
ID<8>          |MA<23>         |   16.063|
ID<8>          |MA<24>         |   16.063|
ID<8>          |MA<25>         |   16.225|
ID<8>          |MA<26>         |   16.063|
ID<8>          |MA<27>         |   16.063|
ID<8>          |MA<28>         |   15.742|
ID<8>          |MA<29>         |   16.063|
ID<8>          |MA<30>         |   15.777|
ID<8>          |MA<31>         |   15.294|
ID<9>          |MA<0>          |   16.616|
ID<9>          |MA<1>          |   15.294|
ID<9>          |MA<2>          |   16.063|
ID<9>          |MA<3>          |   15.742|
ID<9>          |MA<4>          |   16.063|
ID<9>          |MA<5>          |   16.063|
ID<9>          |MA<6>          |   16.225|
ID<9>          |MA<7>          |   16.063|
ID<9>          |MA<8>          |   16.063|
ID<9>          |MA<9>          |   16.063|
ID<9>          |MA<10>         |   16.063|
ID<9>          |MA<11>         |   16.063|
ID<9>          |MA<12>         |   15.580|
ID<9>          |MA<13>         |   15.580|
ID<9>          |MA<14>         |   16.063|
ID<9>          |MA<15>         |   16.063|
ID<9>          |MA<16>         |   16.063|
ID<9>          |MA<17>         |   16.063|
ID<9>          |MA<18>         |   15.580|
ID<9>          |MA<19>         |   15.580|
ID<9>          |MA<20>         |   16.063|
ID<9>          |MA<21>         |   16.063|
ID<9>          |MA<22>         |   16.063|
ID<9>          |MA<23>         |   16.063|
ID<9>          |MA<24>         |   16.063|
ID<9>          |MA<25>         |   16.225|
ID<9>          |MA<26>         |   16.063|
ID<9>          |MA<27>         |   16.063|
ID<9>          |MA<28>         |   15.742|
ID<9>          |MA<29>         |   16.063|
ID<9>          |MA<30>         |   15.777|
ID<9>          |MA<31>         |   15.294|
ID<10>         |MA<0>          |   15.259|
ID<10>         |MA<1>          |   14.169|
ID<10>         |MA<2>          |   14.938|
ID<10>         |MA<3>          |   14.617|
ID<10>         |MA<4>          |   14.938|
ID<10>         |MA<5>          |   14.938|
ID<10>         |MA<6>          |   15.100|
ID<10>         |MA<7>          |   14.938|
ID<10>         |MA<8>          |   14.938|
ID<10>         |MA<9>          |   14.938|
ID<10>         |MA<10>         |   14.938|
ID<10>         |MA<11>         |   14.938|
ID<10>         |MA<12>         |   14.455|
ID<10>         |MA<13>         |   14.455|
ID<10>         |MA<14>         |   14.938|
ID<10>         |MA<15>         |   14.938|
ID<10>         |MA<16>         |   14.938|
ID<10>         |MA<17>         |   14.938|
ID<10>         |MA<18>         |   14.455|
ID<10>         |MA<19>         |   14.455|
ID<10>         |MA<20>         |   14.938|
ID<10>         |MA<21>         |   14.938|
ID<10>         |MA<22>         |   14.938|
ID<10>         |MA<23>         |   14.938|
ID<10>         |MA<24>         |   14.938|
ID<10>         |MA<25>         |   15.100|
ID<10>         |MA<26>         |   14.938|
ID<10>         |MA<27>         |   14.938|
ID<10>         |MA<28>         |   14.617|
ID<10>         |MA<29>         |   14.938|
ID<10>         |MA<30>         |   14.169|
ID<10>         |MA<31>         |   14.169|
ID<11>         |MA<0>          |   18.224|
ID<11>         |MA<1>          |   14.776|
ID<11>         |MA<2>          |   15.259|
ID<11>         |MA<3>          |   14.938|
ID<11>         |MA<4>          |   14.938|
ID<11>         |MA<5>          |   14.938|
ID<11>         |MA<6>          |   15.421|
ID<11>         |MA<7>          |   14.938|
ID<11>         |MA<8>          |   14.938|
ID<11>         |MA<9>          |   14.938|
ID<11>         |MA<10>         |   14.938|
ID<11>         |MA<11>         |   14.938|
ID<11>         |MA<12>         |   14.617|
ID<11>         |MA<13>         |   14.617|
ID<11>         |MA<14>         |   15.421|
ID<11>         |MA<15>         |   15.421|
ID<11>         |MA<16>         |   15.456|
ID<11>         |MA<17>         |   15.456|
ID<11>         |MA<18>         |   15.456|
ID<11>         |MA<19>         |   15.456|
ID<11>         |MA<20>         |   15.456|
ID<11>         |MA<21>         |   16.260|
ID<11>         |MA<22>         |   15.491|
ID<11>         |MA<23>         |   16.260|
ID<11>         |MA<24>         |   16.260|
ID<11>         |MA<25>         |   16.295|
ID<11>         |MA<26>         |   15.777|
ID<11>         |MA<27>         |   16.581|
ID<11>         |MA<28>         |   16.581|
ID<11>         |MA<29>         |   16.581|
ID<11>         |MA<30>         |   17.385|
ID<11>         |MA<31>         |   16.616|
ID<11>         |MWD<0>         |    7.381|
ID<11>         |MWD<1>         |    7.381|
ID<11>         |MWD<2>         |    7.381|
ID<11>         |MWD<3>         |    7.381|
ID<11>         |MWD<4>         |    7.381|
ID<11>         |MWD<5>         |    7.381|
ID<11>         |MWD<6>         |    7.381|
ID<11>         |MWD<7>         |    7.381|
ID<11>         |MWD<8>         |    7.381|
ID<11>         |MWD<9>         |    7.381|
ID<11>         |MWD<10>        |    7.381|
ID<11>         |MWD<11>        |    7.381|
ID<11>         |MWD<12>        |    7.381|
ID<11>         |MWD<13>        |    7.381|
ID<11>         |MWD<14>        |    7.381|
ID<11>         |MWD<15>        |    7.381|
ID<11>         |MWD<16>        |    7.381|
ID<11>         |MWD<17>        |    7.381|
ID<11>         |MWD<18>        |    7.381|
ID<11>         |MWD<19>        |    7.381|
ID<11>         |MWD<20>        |    7.381|
ID<11>         |MWD<21>        |    7.381|
ID<11>         |MWD<22>        |    7.381|
ID<11>         |MWD<23>        |    7.381|
ID<11>         |MWD<24>        |    7.381|
ID<11>         |MWD<25>        |    7.381|
ID<11>         |MWD<26>        |    7.381|
ID<11>         |MWD<27>        |    7.381|
ID<11>         |MWD<28>        |    7.381|
ID<11>         |MWD<29>        |    7.381|
ID<11>         |MWD<30>        |    7.381|
ID<11>         |MWD<31>        |    7.381|
ID<12>         |MA<0>          |   18.224|
ID<12>         |MA<1>          |   15.777|
ID<12>         |MA<2>          |   16.546|
ID<12>         |MA<3>          |   16.225|
ID<12>         |MA<4>          |   16.546|
ID<12>         |MA<5>          |   16.546|
ID<12>         |MA<6>          |   16.708|
ID<12>         |MA<7>          |   16.546|
ID<12>         |MA<8>          |   16.546|
ID<12>         |MA<9>          |   16.546|
ID<12>         |MA<10>         |   16.546|
ID<12>         |MA<11>         |   16.546|
ID<12>         |MA<12>         |   16.063|
ID<12>         |MA<13>         |   16.063|
ID<12>         |MA<14>         |   16.546|
ID<12>         |MA<15>         |   16.546|
ID<12>         |MA<16>         |   16.546|
ID<12>         |MA<17>         |   16.546|
ID<12>         |MA<18>         |   16.063|
ID<12>         |MA<19>         |   16.063|
ID<12>         |MA<20>         |   16.546|
ID<12>         |MA<21>         |   16.546|
ID<12>         |MA<22>         |   16.546|
ID<12>         |MA<23>         |   16.546|
ID<12>         |MA<24>         |   16.546|
ID<12>         |MA<25>         |   16.708|
ID<12>         |MA<26>         |   16.546|
ID<12>         |MA<27>         |   16.581|
ID<12>         |MA<28>         |   16.581|
ID<12>         |MA<29>         |   16.581|
ID<12>         |MA<30>         |   17.385|
ID<12>         |MA<31>         |   16.616|
ID<12>         |MWD<0>         |    7.381|
ID<12>         |MWD<1>         |    7.381|
ID<12>         |MWD<2>         |    7.381|
ID<12>         |MWD<3>         |    7.381|
ID<12>         |MWD<4>         |    7.381|
ID<12>         |MWD<5>         |    7.381|
ID<12>         |MWD<6>         |    7.381|
ID<12>         |MWD<7>         |    7.381|
ID<12>         |MWD<8>         |    7.381|
ID<12>         |MWD<9>         |    7.381|
ID<12>         |MWD<10>        |    7.381|
ID<12>         |MWD<11>        |    7.381|
ID<12>         |MWD<12>        |    7.381|
ID<12>         |MWD<13>        |    7.381|
ID<12>         |MWD<14>        |    7.381|
ID<12>         |MWD<15>        |    7.381|
ID<12>         |MWD<16>        |    7.381|
ID<12>         |MWD<17>        |    7.381|
ID<12>         |MWD<18>        |    7.381|
ID<12>         |MWD<19>        |    7.381|
ID<12>         |MWD<20>        |    7.381|
ID<12>         |MWD<21>        |    7.381|
ID<12>         |MWD<22>        |    7.381|
ID<12>         |MWD<23>        |    7.381|
ID<12>         |MWD<24>        |    7.381|
ID<12>         |MWD<25>        |    7.381|
ID<12>         |MWD<26>        |    7.381|
ID<12>         |MWD<27>        |    7.381|
ID<12>         |MWD<28>        |    7.381|
ID<12>         |MWD<29>        |    7.381|
ID<12>         |MWD<30>        |    7.381|
ID<12>         |MWD<31>        |    7.381|
ID<13>         |MA<0>          |   18.224|
ID<13>         |MA<1>          |   15.777|
ID<13>         |MA<2>          |   16.546|
ID<13>         |MA<3>          |   16.225|
ID<13>         |MA<4>          |   16.546|
ID<13>         |MA<5>          |   16.546|
ID<13>         |MA<6>          |   16.708|
ID<13>         |MA<7>          |   16.546|
ID<13>         |MA<8>          |   16.546|
ID<13>         |MA<9>          |   16.546|
ID<13>         |MA<10>         |   16.546|
ID<13>         |MA<11>         |   16.546|
ID<13>         |MA<12>         |   16.063|
ID<13>         |MA<13>         |   16.063|
ID<13>         |MA<14>         |   16.546|
ID<13>         |MA<15>         |   16.546|
ID<13>         |MA<16>         |   16.546|
ID<13>         |MA<17>         |   16.546|
ID<13>         |MA<18>         |   16.063|
ID<13>         |MA<19>         |   16.063|
ID<13>         |MA<20>         |   16.546|
ID<13>         |MA<21>         |   16.546|
ID<13>         |MA<22>         |   16.546|
ID<13>         |MA<23>         |   16.546|
ID<13>         |MA<24>         |   16.546|
ID<13>         |MA<25>         |   16.708|
ID<13>         |MA<26>         |   16.546|
ID<13>         |MA<27>         |   16.581|
ID<13>         |MA<28>         |   16.581|
ID<13>         |MA<29>         |   16.581|
ID<13>         |MA<30>         |   17.385|
ID<13>         |MA<31>         |   16.616|
ID<13>         |MWD<0>         |    7.381|
ID<13>         |MWD<1>         |    7.381|
ID<13>         |MWD<2>         |    7.381|
ID<13>         |MWD<3>         |    7.381|
ID<13>         |MWD<4>         |    7.381|
ID<13>         |MWD<5>         |    7.381|
ID<13>         |MWD<6>         |    7.381|
ID<13>         |MWD<7>         |    7.381|
ID<13>         |MWD<8>         |    7.381|
ID<13>         |MWD<9>         |    7.381|
ID<13>         |MWD<10>        |    7.381|
ID<13>         |MWD<11>        |    7.381|
ID<13>         |MWD<12>        |    7.381|
ID<13>         |MWD<13>        |    7.381|
ID<13>         |MWD<14>        |    7.381|
ID<13>         |MWD<15>        |    7.381|
ID<13>         |MWD<16>        |    7.381|
ID<13>         |MWD<17>        |    7.381|
ID<13>         |MWD<18>        |    7.381|
ID<13>         |MWD<19>        |    7.381|
ID<13>         |MWD<20>        |    7.381|
ID<13>         |MWD<21>        |    7.381|
ID<13>         |MWD<22>        |    7.381|
ID<13>         |MWD<23>        |    7.381|
ID<13>         |MWD<24>        |    7.381|
ID<13>         |MWD<25>        |    7.381|
ID<13>         |MWD<26>        |    7.381|
ID<13>         |MWD<27>        |    7.381|
ID<13>         |MWD<28>        |    7.381|
ID<13>         |MWD<29>        |    7.381|
ID<13>         |MWD<30>        |    7.381|
ID<13>         |MWD<31>        |    7.381|
ID<14>         |MA<0>          |   18.224|
ID<14>         |MA<1>          |   14.776|
ID<14>         |MA<2>          |   15.259|
ID<14>         |MA<3>          |   14.938|
ID<14>         |MA<4>          |   14.938|
ID<14>         |MA<5>          |   14.938|
ID<14>         |MA<6>          |   15.421|
ID<14>         |MA<7>          |   14.938|
ID<14>         |MA<8>          |   14.938|
ID<14>         |MA<9>          |   14.938|
ID<14>         |MA<10>         |   14.938|
ID<14>         |MA<11>         |   14.938|
ID<14>         |MA<12>         |   14.617|
ID<14>         |MA<13>         |   14.617|
ID<14>         |MA<14>         |   15.421|
ID<14>         |MA<15>         |   15.421|
ID<14>         |MA<16>         |   15.456|
ID<14>         |MA<17>         |   15.456|
ID<14>         |MA<18>         |   15.456|
ID<14>         |MA<19>         |   15.456|
ID<14>         |MA<20>         |   15.456|
ID<14>         |MA<21>         |   16.260|
ID<14>         |MA<22>         |   15.491|
ID<14>         |MA<23>         |   16.260|
ID<14>         |MA<24>         |   16.260|
ID<14>         |MA<25>         |   16.295|
ID<14>         |MA<26>         |   15.777|
ID<14>         |MA<27>         |   16.581|
ID<14>         |MA<28>         |   16.581|
ID<14>         |MA<29>         |   16.581|
ID<14>         |MA<30>         |   17.385|
ID<14>         |MA<31>         |   16.616|
ID<14>         |MWD<0>         |    7.381|
ID<14>         |MWD<1>         |    7.381|
ID<14>         |MWD<2>         |    7.381|
ID<14>         |MWD<3>         |    7.381|
ID<14>         |MWD<4>         |    7.381|
ID<14>         |MWD<5>         |    7.381|
ID<14>         |MWD<6>         |    7.381|
ID<14>         |MWD<7>         |    7.381|
ID<14>         |MWD<8>         |    7.381|
ID<14>         |MWD<9>         |    7.381|
ID<14>         |MWD<10>        |    7.381|
ID<14>         |MWD<11>        |    7.381|
ID<14>         |MWD<12>        |    7.381|
ID<14>         |MWD<13>        |    7.381|
ID<14>         |MWD<14>        |    7.381|
ID<14>         |MWD<15>        |    7.381|
ID<14>         |MWD<16>        |    7.381|
ID<14>         |MWD<17>        |    7.381|
ID<14>         |MWD<18>        |    7.381|
ID<14>         |MWD<19>        |    7.381|
ID<14>         |MWD<20>        |    7.381|
ID<14>         |MWD<21>        |    7.381|
ID<14>         |MWD<22>        |    7.381|
ID<14>         |MWD<23>        |    7.381|
ID<14>         |MWD<24>        |    7.381|
ID<14>         |MWD<25>        |    7.381|
ID<14>         |MWD<26>        |    7.381|
ID<14>         |MWD<27>        |    7.381|
ID<14>         |MWD<28>        |    7.381|
ID<14>         |MWD<29>        |    7.381|
ID<14>         |MWD<30>        |    7.381|
ID<14>         |MWD<31>        |    7.381|
ID<15>         |MA<0>          |   17.938|
ID<15>         |MA<1>          |   14.490|
ID<15>         |MA<2>          |   14.973|
ID<15>         |MA<3>          |   14.652|
ID<15>         |MA<4>          |   14.652|
ID<15>         |MA<5>          |   14.652|
ID<15>         |MA<6>          |   15.135|
ID<15>         |MA<7>          |   14.652|
ID<15>         |MA<8>          |   14.652|
ID<15>         |MA<9>          |   14.652|
ID<15>         |MA<10>         |   14.652|
ID<15>         |MA<11>         |   14.617|
ID<15>         |MA<12>         |   14.331|
ID<15>         |MA<13>         |   14.331|
ID<15>         |MA<14>         |   15.135|
ID<15>         |MA<15>         |   15.135|
ID<15>         |MA<16>         |   15.170|
ID<15>         |MA<17>         |   15.170|
ID<15>         |MA<18>         |   15.170|
ID<15>         |MA<19>         |   15.170|
ID<15>         |MA<20>         |   15.170|
ID<15>         |MA<21>         |   15.974|
ID<15>         |MA<22>         |   15.205|
ID<15>         |MA<23>         |   15.974|
ID<15>         |MA<24>         |   15.974|
ID<15>         |MA<25>         |   16.009|
ID<15>         |MA<26>         |   15.491|
ID<15>         |MA<27>         |   16.295|
ID<15>         |MA<28>         |   16.295|
ID<15>         |MA<29>         |   16.295|
ID<15>         |MA<30>         |   17.099|
ID<15>         |MA<31>         |   16.330|
ID<15>         |MWD<0>         |    7.095|
ID<15>         |MWD<1>         |    7.095|
ID<15>         |MWD<2>         |    7.095|
ID<15>         |MWD<3>         |    7.095|
ID<15>         |MWD<4>         |    7.095|
ID<15>         |MWD<5>         |    7.095|
ID<15>         |MWD<6>         |    7.095|
ID<15>         |MWD<7>         |    7.095|
ID<15>         |MWD<8>         |    7.095|
ID<15>         |MWD<9>         |    7.095|
ID<15>         |MWD<10>        |    7.095|
ID<15>         |MWD<11>        |    7.095|
ID<15>         |MWD<12>        |    7.095|
ID<15>         |MWD<13>        |    7.095|
ID<15>         |MWD<14>        |    7.095|
ID<15>         |MWD<15>        |    7.095|
ID<15>         |MWD<16>        |    7.095|
ID<15>         |MWD<17>        |    7.095|
ID<15>         |MWD<18>        |    7.095|
ID<15>         |MWD<19>        |    7.095|
ID<15>         |MWD<20>        |    7.095|
ID<15>         |MWD<21>        |    7.095|
ID<15>         |MWD<22>        |    7.095|
ID<15>         |MWD<23>        |    7.095|
ID<15>         |MWD<24>        |    7.095|
ID<15>         |MWD<25>        |    7.095|
ID<15>         |MWD<26>        |    7.095|
ID<15>         |MWD<27>        |    7.095|
ID<15>         |MWD<28>        |    7.095|
ID<15>         |MWD<29>        |    7.095|
ID<15>         |MWD<30>        |    7.095|
ID<15>         |MWD<31>        |    7.095|
ID<16>         |MA<0>          |   17.420|
ID<16>         |MA<1>          |   13.972|
ID<16>         |MA<2>          |   14.455|
ID<16>         |MA<3>          |   13.972|
ID<16>         |MA<4>          |   14.455|
ID<16>         |MA<5>          |   14.455|
ID<16>         |MA<6>          |   14.455|
ID<16>         |MA<7>          |   14.455|
ID<16>         |MA<8>          |   14.455|
ID<16>         |MA<9>          |   14.455|
ID<16>         |MA<10>         |   14.455|
ID<16>         |MA<11>         |   14.455|
ID<16>         |MA<12>         |   13.972|
ID<16>         |MA<13>         |   13.972|
ID<16>         |MA<14>         |   14.617|
ID<16>         |MA<15>         |   14.617|
ID<16>         |MA<16>         |   14.652|
ID<16>         |MA<17>         |   14.652|
ID<16>         |MA<18>         |   14.652|
ID<16>         |MA<19>         |   14.652|
ID<16>         |MA<20>         |   14.652|
ID<16>         |MA<21>         |   15.456|
ID<16>         |MA<22>         |   14.687|
ID<16>         |MA<23>         |   15.456|
ID<16>         |MA<24>         |   15.456|
ID<16>         |MA<25>         |   15.491|
ID<16>         |MA<26>         |   14.973|
ID<16>         |MA<27>         |   15.777|
ID<16>         |MA<28>         |   15.777|
ID<16>         |MA<29>         |   15.777|
ID<16>         |MA<30>         |   16.581|
ID<16>         |MA<31>         |   15.812|
ID<17>         |MA<0>          |   17.420|
ID<17>         |MA<1>          |   13.972|
ID<17>         |MA<2>          |   14.455|
ID<17>         |MA<3>          |   13.972|
ID<17>         |MA<4>          |   14.455|
ID<17>         |MA<5>          |   14.455|
ID<17>         |MA<6>          |   14.455|
ID<17>         |MA<7>          |   14.455|
ID<17>         |MA<8>          |   14.455|
ID<17>         |MA<9>          |   14.455|
ID<17>         |MA<10>         |   14.455|
ID<17>         |MA<11>         |   14.455|
ID<17>         |MA<12>         |   13.972|
ID<17>         |MA<13>         |   13.972|
ID<17>         |MA<14>         |   14.617|
ID<17>         |MA<15>         |   14.617|
ID<17>         |MA<16>         |   14.652|
ID<17>         |MA<17>         |   14.652|
ID<17>         |MA<18>         |   14.652|
ID<17>         |MA<19>         |   14.652|
ID<17>         |MA<20>         |   14.652|
ID<17>         |MA<21>         |   15.456|
ID<17>         |MA<22>         |   14.687|
ID<17>         |MA<23>         |   15.456|
ID<17>         |MA<24>         |   15.456|
ID<17>         |MA<25>         |   15.491|
ID<17>         |MA<26>         |   14.973|
ID<17>         |MA<27>         |   15.777|
ID<17>         |MA<28>         |   15.777|
ID<17>         |MA<29>         |   15.777|
ID<17>         |MA<30>         |   16.581|
ID<17>         |MA<31>         |   15.812|
ID<18>         |MA<0>          |   17.420|
ID<18>         |MA<1>          |   13.972|
ID<18>         |MA<2>          |   14.455|
ID<18>         |MA<3>          |   13.972|
ID<18>         |MA<4>          |   14.455|
ID<18>         |MA<5>          |   14.455|
ID<18>         |MA<6>          |   14.455|
ID<18>         |MA<7>          |   14.455|
ID<18>         |MA<8>          |   14.455|
ID<18>         |MA<9>          |   14.455|
ID<18>         |MA<10>         |   14.455|
ID<18>         |MA<11>         |   14.455|
ID<18>         |MA<12>         |   13.972|
ID<18>         |MA<13>         |   13.972|
ID<18>         |MA<14>         |   14.617|
ID<18>         |MA<15>         |   14.617|
ID<18>         |MA<16>         |   14.652|
ID<18>         |MA<17>         |   14.652|
ID<18>         |MA<18>         |   14.652|
ID<18>         |MA<19>         |   14.652|
ID<18>         |MA<20>         |   14.652|
ID<18>         |MA<21>         |   15.456|
ID<18>         |MA<22>         |   14.687|
ID<18>         |MA<23>         |   15.456|
ID<18>         |MA<24>         |   15.456|
ID<18>         |MA<25>         |   15.491|
ID<18>         |MA<26>         |   14.973|
ID<18>         |MA<27>         |   15.777|
ID<18>         |MA<28>         |   15.777|
ID<18>         |MA<29>         |   15.777|
ID<18>         |MA<30>         |   16.581|
ID<18>         |MA<31>         |   15.812|
ID<19>         |MA<0>          |   17.420|
ID<19>         |MA<1>          |   13.972|
ID<19>         |MA<2>          |   14.455|
ID<19>         |MA<3>          |   13.972|
ID<19>         |MA<4>          |   14.455|
ID<19>         |MA<5>          |   14.455|
ID<19>         |MA<6>          |   14.455|
ID<19>         |MA<7>          |   14.455|
ID<19>         |MA<8>          |   14.455|
ID<19>         |MA<9>          |   14.455|
ID<19>         |MA<10>         |   14.455|
ID<19>         |MA<11>         |   14.455|
ID<19>         |MA<12>         |   13.972|
ID<19>         |MA<13>         |   13.972|
ID<19>         |MA<14>         |   14.617|
ID<19>         |MA<15>         |   14.617|
ID<19>         |MA<16>         |   14.652|
ID<19>         |MA<17>         |   14.652|
ID<19>         |MA<18>         |   14.652|
ID<19>         |MA<19>         |   14.652|
ID<19>         |MA<20>         |   14.652|
ID<19>         |MA<21>         |   15.456|
ID<19>         |MA<22>         |   14.687|
ID<19>         |MA<23>         |   15.456|
ID<19>         |MA<24>         |   15.456|
ID<19>         |MA<25>         |   15.491|
ID<19>         |MA<26>         |   14.973|
ID<19>         |MA<27>         |   15.777|
ID<19>         |MA<28>         |   15.777|
ID<19>         |MA<29>         |   15.777|
ID<19>         |MA<30>         |   16.581|
ID<19>         |MA<31>         |   15.812|
ID<20>         |MA<0>          |   17.134|
ID<20>         |MA<1>          |   13.686|
ID<20>         |MA<2>          |   14.169|
ID<20>         |MA<3>          |   13.686|
ID<20>         |MA<4>          |   14.169|
ID<20>         |MA<5>          |   14.169|
ID<20>         |MA<6>          |   14.169|
ID<20>         |MA<7>          |   14.169|
ID<20>         |MA<8>          |   14.169|
ID<20>         |MA<9>          |   14.169|
ID<20>         |MA<10>         |   14.169|
ID<20>         |MA<11>         |   14.169|
ID<20>         |MA<12>         |   13.686|
ID<20>         |MA<13>         |   13.686|
ID<20>         |MA<14>         |   14.331|
ID<20>         |MA<15>         |   14.331|
ID<20>         |MA<16>         |   14.366|
ID<20>         |MA<17>         |   14.366|
ID<20>         |MA<18>         |   14.366|
ID<20>         |MA<19>         |   14.366|
ID<20>         |MA<20>         |   14.366|
ID<20>         |MA<21>         |   15.170|
ID<20>         |MA<22>         |   14.401|
ID<20>         |MA<23>         |   15.170|
ID<20>         |MA<24>         |   15.170|
ID<20>         |MA<25>         |   15.205|
ID<20>         |MA<26>         |   14.687|
ID<20>         |MA<27>         |   15.491|
ID<20>         |MA<28>         |   15.491|
ID<20>         |MA<29>         |   15.491|
ID<20>         |MA<30>         |   16.295|
ID<20>         |MA<31>         |   15.526|
ID<21>         |MA<0>          |   17.958|
ID<21>         |MA<1>          |   14.510|
ID<21>         |MA<2>          |   14.993|
ID<21>         |MA<3>          |   14.672|
ID<21>         |MA<4>          |   14.672|
ID<21>         |MA<5>          |   14.672|
ID<21>         |MA<6>          |   15.155|
ID<21>         |MA<7>          |   14.672|
ID<21>         |MA<8>          |   14.672|
ID<21>         |MA<9>          |   14.672|
ID<21>         |MA<10>         |   14.672|
ID<21>         |MA<11>         |   14.189|
ID<21>         |MA<12>         |   14.351|
ID<21>         |MA<13>         |   14.351|
ID<21>         |MA<14>         |   15.155|
ID<21>         |MA<15>         |   15.155|
ID<21>         |MA<16>         |   15.190|
ID<21>         |MA<17>         |   15.190|
ID<21>         |MA<18>         |   15.190|
ID<21>         |MA<19>         |   15.190|
ID<21>         |MA<20>         |   15.190|
ID<21>         |MA<21>         |   15.994|
ID<21>         |MA<22>         |   15.225|
ID<21>         |MA<23>         |   15.994|
ID<21>         |MA<24>         |   15.994|
ID<21>         |MA<25>         |   16.029|
ID<21>         |MA<26>         |   15.511|
ID<21>         |MA<27>         |   16.315|
ID<21>         |MA<28>         |   16.315|
ID<21>         |MA<29>         |   16.315|
ID<21>         |MA<30>         |   17.119|
ID<21>         |MA<31>         |   16.350|
ID<21>         |MWD<0>         |    7.115|
ID<21>         |MWD<1>         |    7.115|
ID<21>         |MWD<2>         |    7.115|
ID<21>         |MWD<3>         |    7.115|
ID<21>         |MWD<4>         |    7.115|
ID<21>         |MWD<5>         |    7.115|
ID<21>         |MWD<6>         |    7.115|
ID<21>         |MWD<7>         |    7.115|
ID<21>         |MWD<8>         |    7.115|
ID<21>         |MWD<9>         |    7.115|
ID<21>         |MWD<10>        |    7.115|
ID<21>         |MWD<11>        |    7.115|
ID<21>         |MWD<12>        |    7.115|
ID<21>         |MWD<13>        |    7.115|
ID<21>         |MWD<14>        |    7.115|
ID<21>         |MWD<15>        |    7.115|
ID<21>         |MWD<16>        |    7.115|
ID<21>         |MWD<17>        |    7.115|
ID<21>         |MWD<18>        |    7.115|
ID<21>         |MWD<19>        |    7.115|
ID<21>         |MWD<20>        |    7.115|
ID<21>         |MWD<21>        |    7.115|
ID<21>         |MWD<22>        |    7.115|
ID<21>         |MWD<23>        |    7.115|
ID<21>         |MWD<24>        |    7.115|
ID<21>         |MWD<25>        |    7.115|
ID<21>         |MWD<26>        |    7.115|
ID<21>         |MWD<27>        |    7.115|
ID<21>         |MWD<28>        |    7.115|
ID<21>         |MWD<29>        |    7.115|
ID<21>         |MWD<30>        |    7.115|
ID<21>         |MWD<31>        |    7.115|
ID<22>         |MA<0>          |   17.958|
ID<22>         |MA<1>          |   14.510|
ID<22>         |MA<2>          |   14.993|
ID<22>         |MA<3>          |   14.672|
ID<22>         |MA<4>          |   14.672|
ID<22>         |MA<5>          |   14.672|
ID<22>         |MA<6>          |   15.155|
ID<22>         |MA<7>          |   14.672|
ID<22>         |MA<8>          |   14.672|
ID<22>         |MA<9>          |   14.672|
ID<22>         |MA<10>         |   14.672|
ID<22>         |MA<11>         |   14.189|
ID<22>         |MA<12>         |   14.351|
ID<22>         |MA<13>         |   14.351|
ID<22>         |MA<14>         |   15.155|
ID<22>         |MA<15>         |   15.155|
ID<22>         |MA<16>         |   15.190|
ID<22>         |MA<17>         |   15.190|
ID<22>         |MA<18>         |   15.190|
ID<22>         |MA<19>         |   15.190|
ID<22>         |MA<20>         |   15.190|
ID<22>         |MA<21>         |   15.994|
ID<22>         |MA<22>         |   15.225|
ID<22>         |MA<23>         |   15.994|
ID<22>         |MA<24>         |   15.994|
ID<22>         |MA<25>         |   16.029|
ID<22>         |MA<26>         |   15.511|
ID<22>         |MA<27>         |   16.315|
ID<22>         |MA<28>         |   16.315|
ID<22>         |MA<29>         |   16.315|
ID<22>         |MA<30>         |   17.119|
ID<22>         |MA<31>         |   16.350|
ID<22>         |MWD<0>         |    7.115|
ID<22>         |MWD<1>         |    7.115|
ID<22>         |MWD<2>         |    7.115|
ID<22>         |MWD<3>         |    7.115|
ID<22>         |MWD<4>         |    7.115|
ID<22>         |MWD<5>         |    7.115|
ID<22>         |MWD<6>         |    7.115|
ID<22>         |MWD<7>         |    7.115|
ID<22>         |MWD<8>         |    7.115|
ID<22>         |MWD<9>         |    7.115|
ID<22>         |MWD<10>        |    7.115|
ID<22>         |MWD<11>        |    7.115|
ID<22>         |MWD<12>        |    7.115|
ID<22>         |MWD<13>        |    7.115|
ID<22>         |MWD<14>        |    7.115|
ID<22>         |MWD<15>        |    7.115|
ID<22>         |MWD<16>        |    7.115|
ID<22>         |MWD<17>        |    7.115|
ID<22>         |MWD<18>        |    7.115|
ID<22>         |MWD<19>        |    7.115|
ID<22>         |MWD<20>        |    7.115|
ID<22>         |MWD<21>        |    7.115|
ID<22>         |MWD<22>        |    7.115|
ID<22>         |MWD<23>        |    7.115|
ID<22>         |MWD<24>        |    7.115|
ID<22>         |MWD<25>        |    7.115|
ID<22>         |MWD<26>        |    7.115|
ID<22>         |MWD<27>        |    7.115|
ID<22>         |MWD<28>        |    7.115|
ID<22>         |MWD<29>        |    7.115|
ID<22>         |MWD<30>        |    7.115|
ID<22>         |MWD<31>        |    7.115|
ID<23>         |MA<0>          |   17.958|
ID<23>         |MA<1>          |   14.510|
ID<23>         |MA<2>          |   14.993|
ID<23>         |MA<3>          |   14.672|
ID<23>         |MA<4>          |   14.672|
ID<23>         |MA<5>          |   14.672|
ID<23>         |MA<6>          |   15.155|
ID<23>         |MA<7>          |   14.672|
ID<23>         |MA<8>          |   14.672|
ID<23>         |MA<9>          |   14.672|
ID<23>         |MA<10>         |   14.672|
ID<23>         |MA<11>         |   14.189|
ID<23>         |MA<12>         |   14.351|
ID<23>         |MA<13>         |   14.351|
ID<23>         |MA<14>         |   15.155|
ID<23>         |MA<15>         |   15.155|
ID<23>         |MA<16>         |   15.190|
ID<23>         |MA<17>         |   15.190|
ID<23>         |MA<18>         |   15.190|
ID<23>         |MA<19>         |   15.190|
ID<23>         |MA<20>         |   15.190|
ID<23>         |MA<21>         |   15.994|
ID<23>         |MA<22>         |   15.225|
ID<23>         |MA<23>         |   15.994|
ID<23>         |MA<24>         |   15.994|
ID<23>         |MA<25>         |   16.029|
ID<23>         |MA<26>         |   15.511|
ID<23>         |MA<27>         |   16.315|
ID<23>         |MA<28>         |   16.315|
ID<23>         |MA<29>         |   16.315|
ID<23>         |MA<30>         |   17.119|
ID<23>         |MA<31>         |   16.350|
ID<23>         |MWD<0>         |    7.115|
ID<23>         |MWD<1>         |    7.115|
ID<23>         |MWD<2>         |    7.115|
ID<23>         |MWD<3>         |    7.115|
ID<23>         |MWD<4>         |    7.115|
ID<23>         |MWD<5>         |    7.115|
ID<23>         |MWD<6>         |    7.115|
ID<23>         |MWD<7>         |    7.115|
ID<23>         |MWD<8>         |    7.115|
ID<23>         |MWD<9>         |    7.115|
ID<23>         |MWD<10>        |    7.115|
ID<23>         |MWD<11>        |    7.115|
ID<23>         |MWD<12>        |    7.115|
ID<23>         |MWD<13>        |    7.115|
ID<23>         |MWD<14>        |    7.115|
ID<23>         |MWD<15>        |    7.115|
ID<23>         |MWD<16>        |    7.115|
ID<23>         |MWD<17>        |    7.115|
ID<23>         |MWD<18>        |    7.115|
ID<23>         |MWD<19>        |    7.115|
ID<23>         |MWD<20>        |    7.115|
ID<23>         |MWD<21>        |    7.115|
ID<23>         |MWD<22>        |    7.115|
ID<23>         |MWD<23>        |    7.115|
ID<23>         |MWD<24>        |    7.115|
ID<23>         |MWD<25>        |    7.115|
ID<23>         |MWD<26>        |    7.115|
ID<23>         |MWD<27>        |    7.115|
ID<23>         |MWD<28>        |    7.115|
ID<23>         |MWD<29>        |    7.115|
ID<23>         |MWD<30>        |    7.115|
ID<23>         |MWD<31>        |    7.115|
ID<24>         |MA<0>          |   17.958|
ID<24>         |MA<1>          |   14.510|
ID<24>         |MA<2>          |   14.993|
ID<24>         |MA<3>          |   14.672|
ID<24>         |MA<4>          |   14.672|
ID<24>         |MA<5>          |   14.672|
ID<24>         |MA<6>          |   15.155|
ID<24>         |MA<7>          |   14.672|
ID<24>         |MA<8>          |   14.672|
ID<24>         |MA<9>          |   14.672|
ID<24>         |MA<10>         |   14.672|
ID<24>         |MA<11>         |   14.189|
ID<24>         |MA<12>         |   14.351|
ID<24>         |MA<13>         |   14.351|
ID<24>         |MA<14>         |   15.155|
ID<24>         |MA<15>         |   15.155|
ID<24>         |MA<16>         |   15.190|
ID<24>         |MA<17>         |   15.190|
ID<24>         |MA<18>         |   15.190|
ID<24>         |MA<19>         |   15.190|
ID<24>         |MA<20>         |   15.190|
ID<24>         |MA<21>         |   15.994|
ID<24>         |MA<22>         |   15.225|
ID<24>         |MA<23>         |   15.994|
ID<24>         |MA<24>         |   15.994|
ID<24>         |MA<25>         |   16.029|
ID<24>         |MA<26>         |   15.511|
ID<24>         |MA<27>         |   16.315|
ID<24>         |MA<28>         |   16.315|
ID<24>         |MA<29>         |   16.315|
ID<24>         |MA<30>         |   17.119|
ID<24>         |MA<31>         |   16.350|
ID<24>         |MWD<0>         |    7.115|
ID<24>         |MWD<1>         |    7.115|
ID<24>         |MWD<2>         |    7.115|
ID<24>         |MWD<3>         |    7.115|
ID<24>         |MWD<4>         |    7.115|
ID<24>         |MWD<5>         |    7.115|
ID<24>         |MWD<6>         |    7.115|
ID<24>         |MWD<7>         |    7.115|
ID<24>         |MWD<8>         |    7.115|
ID<24>         |MWD<9>         |    7.115|
ID<24>         |MWD<10>        |    7.115|
ID<24>         |MWD<11>        |    7.115|
ID<24>         |MWD<12>        |    7.115|
ID<24>         |MWD<13>        |    7.115|
ID<24>         |MWD<14>        |    7.115|
ID<24>         |MWD<15>        |    7.115|
ID<24>         |MWD<16>        |    7.115|
ID<24>         |MWD<17>        |    7.115|
ID<24>         |MWD<18>        |    7.115|
ID<24>         |MWD<19>        |    7.115|
ID<24>         |MWD<20>        |    7.115|
ID<24>         |MWD<21>        |    7.115|
ID<24>         |MWD<22>        |    7.115|
ID<24>         |MWD<23>        |    7.115|
ID<24>         |MWD<24>        |    7.115|
ID<24>         |MWD<25>        |    7.115|
ID<24>         |MWD<26>        |    7.115|
ID<24>         |MWD<27>        |    7.115|
ID<24>         |MWD<28>        |    7.115|
ID<24>         |MWD<29>        |    7.115|
ID<24>         |MWD<30>        |    7.115|
ID<24>         |MWD<31>        |    7.115|
ID<25>         |MA<0>          |   17.099|
ID<25>         |MA<1>          |   13.651|
ID<25>         |MA<2>          |   14.134|
ID<25>         |MA<3>          |   13.813|
ID<25>         |MA<4>          |   13.813|
ID<25>         |MA<5>          |   13.813|
ID<25>         |MA<6>          |   14.296|
ID<25>         |MA<7>          |   13.813|
ID<25>         |MA<8>          |   13.813|
ID<25>         |MA<9>          |   13.813|
ID<25>         |MA<10>         |   13.813|
ID<25>         |MA<11>         |   13.330|
ID<25>         |MA<12>         |   13.492|
ID<25>         |MA<13>         |   13.492|
ID<25>         |MA<14>         |   14.296|
ID<25>         |MA<15>         |   14.296|
ID<25>         |MA<16>         |   14.331|
ID<25>         |MA<17>         |   14.331|
ID<25>         |MA<18>         |   14.331|
ID<25>         |MA<19>         |   14.331|
ID<25>         |MA<20>         |   14.331|
ID<25>         |MA<21>         |   15.135|
ID<25>         |MA<22>         |   14.366|
ID<25>         |MA<23>         |   15.135|
ID<25>         |MA<24>         |   15.135|
ID<25>         |MA<25>         |   15.170|
ID<25>         |MA<26>         |   14.652|
ID<25>         |MA<27>         |   15.456|
ID<25>         |MA<28>         |   15.456|
ID<25>         |MA<29>         |   15.456|
ID<25>         |MA<30>         |   16.260|
ID<25>         |MA<31>         |   15.491|
ID<25>         |MWD<0>         |    6.256|
ID<25>         |MWD<1>         |    6.256|
ID<25>         |MWD<2>         |    6.256|
ID<25>         |MWD<3>         |    6.256|
ID<25>         |MWD<4>         |    6.256|
ID<25>         |MWD<5>         |    6.256|
ID<25>         |MWD<6>         |    6.256|
ID<25>         |MWD<7>         |    6.256|
ID<25>         |MWD<8>         |    6.256|
ID<25>         |MWD<9>         |    6.256|
ID<25>         |MWD<10>        |    6.256|
ID<25>         |MWD<11>        |    6.256|
ID<25>         |MWD<12>        |    6.256|
ID<25>         |MWD<13>        |    6.256|
ID<25>         |MWD<14>        |    6.256|
ID<25>         |MWD<15>        |    6.256|
ID<25>         |MWD<16>        |    6.256|
ID<25>         |MWD<17>        |    6.256|
ID<25>         |MWD<18>        |    6.256|
ID<25>         |MWD<19>        |    6.256|
ID<25>         |MWD<20>        |    6.256|
ID<25>         |MWD<21>        |    6.256|
ID<25>         |MWD<22>        |    6.256|
ID<25>         |MWD<23>        |    6.256|
ID<25>         |MWD<24>        |    6.256|
ID<25>         |MWD<25>        |    6.256|
ID<25>         |MWD<26>        |    6.256|
ID<25>         |MWD<27>        |    6.256|
ID<25>         |MWD<28>        |    6.256|
ID<25>         |MWD<29>        |    6.256|
ID<25>         |MWD<30>        |    6.256|
ID<25>         |MWD<31>        |    6.256|
ID<26>         |MA<0>          |   18.762|
ID<26>         |MA<1>          |   15.314|
ID<26>         |MA<2>          |   15.797|
ID<26>         |MA<3>          |   15.476|
ID<26>         |MA<4>          |   15.476|
ID<26>         |MA<5>          |   15.476|
ID<26>         |MA<6>          |   15.959|
ID<26>         |MA<7>          |   15.476|
ID<26>         |MA<8>          |   15.476|
ID<26>         |MA<9>          |   15.476|
ID<26>         |MA<10>         |   15.476|
ID<26>         |MA<11>         |   14.993|
ID<26>         |MA<12>         |   15.155|
ID<26>         |MA<13>         |   15.155|
ID<26>         |MA<14>         |   15.959|
ID<26>         |MA<15>         |   15.959|
ID<26>         |MA<16>         |   15.994|
ID<26>         |MA<17>         |   15.994|
ID<26>         |MA<18>         |   15.994|
ID<26>         |MA<19>         |   15.994|
ID<26>         |MA<20>         |   15.994|
ID<26>         |MA<21>         |   16.798|
ID<26>         |MA<22>         |   16.029|
ID<26>         |MA<23>         |   16.798|
ID<26>         |MA<24>         |   16.798|
ID<26>         |MA<25>         |   16.833|
ID<26>         |MA<26>         |   16.315|
ID<26>         |MA<27>         |   17.119|
ID<26>         |MA<28>         |   17.119|
ID<26>         |MA<29>         |   17.119|
ID<26>         |MA<30>         |   17.923|
ID<26>         |MA<31>         |   17.154|
ID<26>         |MOE            |    5.452|
ID<26>         |MWD<0>         |    7.919|
ID<26>         |MWD<1>         |    7.919|
ID<26>         |MWD<2>         |    7.919|
ID<26>         |MWD<3>         |    7.919|
ID<26>         |MWD<4>         |    7.919|
ID<26>         |MWD<5>         |    7.919|
ID<26>         |MWD<6>         |    7.919|
ID<26>         |MWD<7>         |    7.919|
ID<26>         |MWD<8>         |    7.919|
ID<26>         |MWD<9>         |    7.919|
ID<26>         |MWD<10>        |    7.919|
ID<26>         |MWD<11>        |    7.919|
ID<26>         |MWD<12>        |    7.919|
ID<26>         |MWD<13>        |    7.919|
ID<26>         |MWD<14>        |    7.919|
ID<26>         |MWD<15>        |    7.919|
ID<26>         |MWD<16>        |    7.919|
ID<26>         |MWD<17>        |    7.919|
ID<26>         |MWD<18>        |    7.919|
ID<26>         |MWD<19>        |    7.919|
ID<26>         |MWD<20>        |    7.919|
ID<26>         |MWD<21>        |    7.919|
ID<26>         |MWD<22>        |    7.919|
ID<26>         |MWD<23>        |    7.919|
ID<26>         |MWD<24>        |    7.919|
ID<26>         |MWD<25>        |    7.919|
ID<26>         |MWD<26>        |    7.919|
ID<26>         |MWD<27>        |    7.919|
ID<26>         |MWD<28>        |    7.919|
ID<26>         |MWD<29>        |    7.919|
ID<26>         |MWD<30>        |    7.919|
ID<26>         |MWD<31>        |    7.919|
ID<26>         |MWR            |    5.452|
ID<27>         |MA<0>          |   18.762|
ID<27>         |MA<1>          |   15.314|
ID<27>         |MA<2>          |   15.797|
ID<27>         |MA<3>          |   15.476|
ID<27>         |MA<4>          |   15.476|
ID<27>         |MA<5>          |   15.476|
ID<27>         |MA<6>          |   15.959|
ID<27>         |MA<7>          |   15.476|
ID<27>         |MA<8>          |   15.476|
ID<27>         |MA<9>          |   15.476|
ID<27>         |MA<10>         |   15.476|
ID<27>         |MA<11>         |   14.993|
ID<27>         |MA<12>         |   15.155|
ID<27>         |MA<13>         |   15.155|
ID<27>         |MA<14>         |   15.959|
ID<27>         |MA<15>         |   15.959|
ID<27>         |MA<16>         |   15.994|
ID<27>         |MA<17>         |   15.994|
ID<27>         |MA<18>         |   15.994|
ID<27>         |MA<19>         |   15.994|
ID<27>         |MA<20>         |   15.994|
ID<27>         |MA<21>         |   16.798|
ID<27>         |MA<22>         |   16.029|
ID<27>         |MA<23>         |   16.798|
ID<27>         |MA<24>         |   16.798|
ID<27>         |MA<25>         |   16.833|
ID<27>         |MA<26>         |   16.315|
ID<27>         |MA<27>         |   17.119|
ID<27>         |MA<28>         |   17.119|
ID<27>         |MA<29>         |   17.119|
ID<27>         |MA<30>         |   17.923|
ID<27>         |MA<31>         |   17.154|
ID<27>         |MOE            |    5.452|
ID<27>         |MWD<0>         |    7.919|
ID<27>         |MWD<1>         |    7.919|
ID<27>         |MWD<2>         |    7.919|
ID<27>         |MWD<3>         |    7.919|
ID<27>         |MWD<4>         |    7.919|
ID<27>         |MWD<5>         |    7.919|
ID<27>         |MWD<6>         |    7.919|
ID<27>         |MWD<7>         |    7.919|
ID<27>         |MWD<8>         |    7.919|
ID<27>         |MWD<9>         |    7.919|
ID<27>         |MWD<10>        |    7.919|
ID<27>         |MWD<11>        |    7.919|
ID<27>         |MWD<12>        |    7.919|
ID<27>         |MWD<13>        |    7.919|
ID<27>         |MWD<14>        |    7.919|
ID<27>         |MWD<15>        |    7.919|
ID<27>         |MWD<16>        |    7.919|
ID<27>         |MWD<17>        |    7.919|
ID<27>         |MWD<18>        |    7.919|
ID<27>         |MWD<19>        |    7.919|
ID<27>         |MWD<20>        |    7.919|
ID<27>         |MWD<21>        |    7.919|
ID<27>         |MWD<22>        |    7.919|
ID<27>         |MWD<23>        |    7.919|
ID<27>         |MWD<24>        |    7.919|
ID<27>         |MWD<25>        |    7.919|
ID<27>         |MWD<26>        |    7.919|
ID<27>         |MWD<27>        |    7.919|
ID<27>         |MWD<28>        |    7.919|
ID<27>         |MWD<29>        |    7.919|
ID<27>         |MWD<30>        |    7.919|
ID<27>         |MWD<31>        |    7.919|
ID<27>         |MWR            |    5.452|
ID<28>         |MA<0>          |   18.762|
ID<28>         |MA<1>          |   15.314|
ID<28>         |MA<2>          |   15.797|
ID<28>         |MA<3>          |   15.476|
ID<28>         |MA<4>          |   15.476|
ID<28>         |MA<5>          |   15.476|
ID<28>         |MA<6>          |   15.959|
ID<28>         |MA<7>          |   15.476|
ID<28>         |MA<8>          |   15.476|
ID<28>         |MA<9>          |   15.476|
ID<28>         |MA<10>         |   15.476|
ID<28>         |MA<11>         |   14.993|
ID<28>         |MA<12>         |   15.155|
ID<28>         |MA<13>         |   15.155|
ID<28>         |MA<14>         |   15.959|
ID<28>         |MA<15>         |   15.959|
ID<28>         |MA<16>         |   15.994|
ID<28>         |MA<17>         |   15.994|
ID<28>         |MA<18>         |   15.994|
ID<28>         |MA<19>         |   15.994|
ID<28>         |MA<20>         |   15.994|
ID<28>         |MA<21>         |   16.798|
ID<28>         |MA<22>         |   16.029|
ID<28>         |MA<23>         |   16.798|
ID<28>         |MA<24>         |   16.798|
ID<28>         |MA<25>         |   16.833|
ID<28>         |MA<26>         |   16.315|
ID<28>         |MA<27>         |   17.119|
ID<28>         |MA<28>         |   17.119|
ID<28>         |MA<29>         |   17.119|
ID<28>         |MA<30>         |   17.923|
ID<28>         |MA<31>         |   17.154|
ID<28>         |MOE            |    5.452|
ID<28>         |MWD<0>         |    7.919|
ID<28>         |MWD<1>         |    7.919|
ID<28>         |MWD<2>         |    7.919|
ID<28>         |MWD<3>         |    7.919|
ID<28>         |MWD<4>         |    7.919|
ID<28>         |MWD<5>         |    7.919|
ID<28>         |MWD<6>         |    7.919|
ID<28>         |MWD<7>         |    7.919|
ID<28>         |MWD<8>         |    7.919|
ID<28>         |MWD<9>         |    7.919|
ID<28>         |MWD<10>        |    7.919|
ID<28>         |MWD<11>        |    7.919|
ID<28>         |MWD<12>        |    7.919|
ID<28>         |MWD<13>        |    7.919|
ID<28>         |MWD<14>        |    7.919|
ID<28>         |MWD<15>        |    7.919|
ID<28>         |MWD<16>        |    7.919|
ID<28>         |MWD<17>        |    7.919|
ID<28>         |MWD<18>        |    7.919|
ID<28>         |MWD<19>        |    7.919|
ID<28>         |MWD<20>        |    7.919|
ID<28>         |MWD<21>        |    7.919|
ID<28>         |MWD<22>        |    7.919|
ID<28>         |MWD<23>        |    7.919|
ID<28>         |MWD<24>        |    7.919|
ID<28>         |MWD<25>        |    7.919|
ID<28>         |MWD<26>        |    7.919|
ID<28>         |MWD<27>        |    7.919|
ID<28>         |MWD<28>        |    7.919|
ID<28>         |MWD<29>        |    7.919|
ID<28>         |MWD<30>        |    7.919|
ID<28>         |MWD<31>        |    7.919|
ID<28>         |MWR            |    6.256|
ID<29>         |MA<0>          |   19.566|
ID<29>         |MA<1>          |   16.118|
ID<29>         |MA<2>          |   16.601|
ID<29>         |MA<3>          |   16.280|
ID<29>         |MA<4>          |   16.280|
ID<29>         |MA<5>          |   16.280|
ID<29>         |MA<6>          |   16.763|
ID<29>         |MA<7>          |   16.280|
ID<29>         |MA<8>          |   16.280|
ID<29>         |MA<9>          |   16.280|
ID<29>         |MA<10>         |   16.280|
ID<29>         |MA<11>         |   15.797|
ID<29>         |MA<12>         |   15.959|
ID<29>         |MA<13>         |   15.959|
ID<29>         |MA<14>         |   16.763|
ID<29>         |MA<15>         |   16.763|
ID<29>         |MA<16>         |   16.798|
ID<29>         |MA<17>         |   16.798|
ID<29>         |MA<18>         |   16.798|
ID<29>         |MA<19>         |   16.798|
ID<29>         |MA<20>         |   16.798|
ID<29>         |MA<21>         |   17.602|
ID<29>         |MA<22>         |   16.833|
ID<29>         |MA<23>         |   17.602|
ID<29>         |MA<24>         |   17.602|
ID<29>         |MA<25>         |   17.637|
ID<29>         |MA<26>         |   17.119|
ID<29>         |MA<27>         |   17.923|
ID<29>         |MA<28>         |   17.923|
ID<29>         |MA<29>         |   17.923|
ID<29>         |MA<30>         |   18.727|
ID<29>         |MA<31>         |   17.958|
ID<29>         |MOE            |    6.256|
ID<29>         |MWD<0>         |    8.723|
ID<29>         |MWD<1>         |    8.723|
ID<29>         |MWD<2>         |    8.723|
ID<29>         |MWD<3>         |    8.723|
ID<29>         |MWD<4>         |    8.723|
ID<29>         |MWD<5>         |    8.723|
ID<29>         |MWD<6>         |    8.723|
ID<29>         |MWD<7>         |    8.723|
ID<29>         |MWD<8>         |    8.723|
ID<29>         |MWD<9>         |    8.723|
ID<29>         |MWD<10>        |    8.723|
ID<29>         |MWD<11>        |    8.723|
ID<29>         |MWD<12>        |    8.723|
ID<29>         |MWD<13>        |    8.723|
ID<29>         |MWD<14>        |    8.723|
ID<29>         |MWD<15>        |    8.723|
ID<29>         |MWD<16>        |    8.723|
ID<29>         |MWD<17>        |    8.723|
ID<29>         |MWD<18>        |    8.723|
ID<29>         |MWD<19>        |    8.723|
ID<29>         |MWD<20>        |    8.723|
ID<29>         |MWD<21>        |    8.723|
ID<29>         |MWD<22>        |    8.723|
ID<29>         |MWD<23>        |    8.723|
ID<29>         |MWD<24>        |    8.723|
ID<29>         |MWD<25>        |    8.723|
ID<29>         |MWD<26>        |    8.723|
ID<29>         |MWD<27>        |    8.723|
ID<29>         |MWD<28>        |    8.723|
ID<29>         |MWD<29>        |    8.723|
ID<29>         |MWD<30>        |    8.723|
ID<29>         |MWD<31>        |    8.723|
ID<29>         |MWR            |    6.256|
ID<30>         |MA<0>          |   19.566|
ID<30>         |MA<1>          |   16.118|
ID<30>         |MA<2>          |   16.601|
ID<30>         |MA<3>          |   16.280|
ID<30>         |MA<4>          |   16.280|
ID<30>         |MA<5>          |   16.280|
ID<30>         |MA<6>          |   16.763|
ID<30>         |MA<7>          |   16.280|
ID<30>         |MA<8>          |   16.280|
ID<30>         |MA<9>          |   16.280|
ID<30>         |MA<10>         |   16.280|
ID<30>         |MA<11>         |   15.797|
ID<30>         |MA<12>         |   15.959|
ID<30>         |MA<13>         |   15.959|
ID<30>         |MA<14>         |   16.763|
ID<30>         |MA<15>         |   16.763|
ID<30>         |MA<16>         |   16.798|
ID<30>         |MA<17>         |   16.798|
ID<30>         |MA<18>         |   16.798|
ID<30>         |MA<19>         |   16.798|
ID<30>         |MA<20>         |   16.798|
ID<30>         |MA<21>         |   17.602|
ID<30>         |MA<22>         |   16.833|
ID<30>         |MA<23>         |   17.602|
ID<30>         |MA<24>         |   17.602|
ID<30>         |MA<25>         |   17.637|
ID<30>         |MA<26>         |   17.119|
ID<30>         |MA<27>         |   17.923|
ID<30>         |MA<28>         |   17.923|
ID<30>         |MA<29>         |   17.923|
ID<30>         |MA<30>         |   18.727|
ID<30>         |MA<31>         |   17.958|
ID<30>         |MOE            |    6.256|
ID<30>         |MWD<0>         |    8.723|
ID<30>         |MWD<1>         |    8.723|
ID<30>         |MWD<2>         |    8.723|
ID<30>         |MWD<3>         |    8.723|
ID<30>         |MWD<4>         |    8.723|
ID<30>         |MWD<5>         |    8.723|
ID<30>         |MWD<6>         |    8.723|
ID<30>         |MWD<7>         |    8.723|
ID<30>         |MWD<8>         |    8.723|
ID<30>         |MWD<9>         |    8.723|
ID<30>         |MWD<10>        |    8.723|
ID<30>         |MWD<11>        |    8.723|
ID<30>         |MWD<12>        |    8.723|
ID<30>         |MWD<13>        |    8.723|
ID<30>         |MWD<14>        |    8.723|
ID<30>         |MWD<15>        |    8.723|
ID<30>         |MWD<16>        |    8.723|
ID<30>         |MWD<17>        |    8.723|
ID<30>         |MWD<18>        |    8.723|
ID<30>         |MWD<19>        |    8.723|
ID<30>         |MWD<20>        |    8.723|
ID<30>         |MWD<21>        |    8.723|
ID<30>         |MWD<22>        |    8.723|
ID<30>         |MWD<23>        |    8.723|
ID<30>         |MWD<24>        |    8.723|
ID<30>         |MWD<25>        |    8.723|
ID<30>         |MWD<26>        |    8.723|
ID<30>         |MWD<27>        |    8.723|
ID<30>         |MWD<28>        |    8.723|
ID<30>         |MWD<29>        |    8.723|
ID<30>         |MWD<30>        |    8.723|
ID<30>         |MWD<31>        |    8.723|
ID<30>         |MWR            |    6.256|
ID<31>         |MA<0>          |   19.566|
ID<31>         |MA<1>          |   16.118|
ID<31>         |MA<2>          |   16.601|
ID<31>         |MA<3>          |   16.280|
ID<31>         |MA<4>          |   16.280|
ID<31>         |MA<5>          |   16.280|
ID<31>         |MA<6>          |   16.763|
ID<31>         |MA<7>          |   16.280|
ID<31>         |MA<8>          |   16.280|
ID<31>         |MA<9>          |   16.280|
ID<31>         |MA<10>         |   16.280|
ID<31>         |MA<11>         |   15.797|
ID<31>         |MA<12>         |   15.959|
ID<31>         |MA<13>         |   15.959|
ID<31>         |MA<14>         |   16.763|
ID<31>         |MA<15>         |   16.763|
ID<31>         |MA<16>         |   16.798|
ID<31>         |MA<17>         |   16.798|
ID<31>         |MA<18>         |   16.798|
ID<31>         |MA<19>         |   16.798|
ID<31>         |MA<20>         |   16.798|
ID<31>         |MA<21>         |   17.602|
ID<31>         |MA<22>         |   16.833|
ID<31>         |MA<23>         |   17.602|
ID<31>         |MA<24>         |   17.602|
ID<31>         |MA<25>         |   17.637|
ID<31>         |MA<26>         |   17.119|
ID<31>         |MA<27>         |   17.923|
ID<31>         |MA<28>         |   17.923|
ID<31>         |MA<29>         |   17.923|
ID<31>         |MA<30>         |   18.727|
ID<31>         |MA<31>         |   17.958|
ID<31>         |MOE            |    6.256|
ID<31>         |MWD<0>         |    8.723|
ID<31>         |MWD<1>         |    8.723|
ID<31>         |MWD<2>         |    8.723|
ID<31>         |MWD<3>         |    8.723|
ID<31>         |MWD<4>         |    8.723|
ID<31>         |MWD<5>         |    8.723|
ID<31>         |MWD<6>         |    8.723|
ID<31>         |MWD<7>         |    8.723|
ID<31>         |MWD<8>         |    8.723|
ID<31>         |MWD<9>         |    8.723|
ID<31>         |MWD<10>        |    8.723|
ID<31>         |MWD<11>        |    8.723|
ID<31>         |MWD<12>        |    8.723|
ID<31>         |MWD<13>        |    8.723|
ID<31>         |MWD<14>        |    8.723|
ID<31>         |MWD<15>        |    8.723|
ID<31>         |MWD<16>        |    8.723|
ID<31>         |MWD<17>        |    8.723|
ID<31>         |MWD<18>        |    8.723|
ID<31>         |MWD<19>        |    8.723|
ID<31>         |MWD<20>        |    8.723|
ID<31>         |MWD<21>        |    8.723|
ID<31>         |MWD<22>        |    8.723|
ID<31>         |MWD<23>        |    8.723|
ID<31>         |MWD<24>        |    8.723|
ID<31>         |MWD<25>        |    8.723|
ID<31>         |MWD<26>        |    8.723|
ID<31>         |MWD<27>        |    8.723|
ID<31>         |MWD<28>        |    8.723|
ID<31>         |MWD<29>        |    8.723|
ID<31>         |MWD<30>        |    8.723|
ID<31>         |MWD<31>        |    8.723|
ID<31>         |MWR            |    6.256|
IRQ            |MWR            |    6.256|
RESET          |MWR            |    6.256|
---------------+---------------+---------+


Analysis completed Wed Aug 05 04:58:49 2020 
--------------------------------------------------------------------------------

Trace Settings:
-------------------------
Trace Settings 

Peak Memory Usage: 123 MB



