EN mux_4 NULL "C:/Documents and Settings/Procesador_RISC_32bits/MUX_4.vhd" sub00/vhpl09 1596675756
EN ram_regs NULL "C:/Documents and Settings/Procesador_RISC_32bits/RAM_REGS.vhd" sub00/vhpl18 1596675768
EN arith NULL "C:/Documents and Settings/Procesador_RISC_32bits/ARITH.vhd" sub00/vhpl06 1596675762
AR regfile behavioral "C:/Documents and Settings/Procesador_RISC_32bits/REGFILE.vhd" sub00/vhpl21 1596675775
EN fa NULL "C:/Documents and Settings/Procesador_RISC_32bits/FA.vhd" sub00/vhpl02 1596675750
EN regfile NULL "C:/Documents and Settings/Procesador_RISC_32bits/REGFILE.vhd" sub00/vhpl20 1596675774
AR alu behavioral "C:/Documents and Settings/Procesador_RISC_32bits/ALU.vhd" sub00/vhpl17 1596675779
EN rom NULL "C:/Documents and Settings/Procesador_RISC_32bits/ROM.vhd" sub00/vhpl22 1596675766
EN cmp NULL "C:/Documents and Settings/Procesador_RISC_32bits/CMP.vhd" sub00/vhpl12 1596675764
EN reg_d_32 NULL "C:/Documents and Settings/Procesador_RISC_32bits/REG_D_32.vhd" sub00/vhpl26 1596675770
EN nor_32 NULL "C:/Documents and Settings/Procesador_RISC_32bits/NOR_32.vhd" sub00/vhpl32 1596675754
AR mux_2_32 behavioral "C:/Documents and Settings/Procesador_RISC_32bits/MUX_2_32.vhd" sub00/vhpl35 1595899680
EN bool NULL "C:/Documents and Settings/Procesador_RISC_32bits/BOOL.vhd" sub00/vhpl08 1596675760
AR reg_d_32 behavioral "C:/Documents and Settings/Procesador_RISC_32bits/REG_D_32.vhd" sub00/vhpl27 1596675771
EN ctl NULL "C:/Documents and Settings/Procesador_RISC_32bits/CTL.vhd" sub00/vhpl24 1596675776
AR ctl behavioral "C:/Documents and Settings/Procesador_RISC_32bits/CTL.vhd" sub00/vhpl25 1596675777
EN pc NULL "C:/Documents and Settings/Procesador_RISC_32bits/PC.vhd" sub00/vhpl28 1596675772
AR mux_4 behavioral "C:/Documents and Settings/Procesador_RISC_32bits/MUX_4.vhd" sub00/vhpl10 1596675757
EN mux_2_32 NULL "C:/Documents and Settings/Procesador_RISC_32bits/MUX_2_32.vhd" sub00/vhpl34 1595899679
EN top NULL "C:/Documents and Settings/Procesador_RISC_32bits/TOP.vhd" sub00/vhpl30 1596675780
AR ram_regs behavioral "C:/Documents and Settings/Procesador_RISC_32bits/RAM_REGS.vhd" sub00/vhpl19 1596675769
AR cmp behavioral "C:/Documents and Settings/Procesador_RISC_32bits/CMP.vhd" sub00/vhpl13 1596675765
AR nor_32 behavioral "C:/Documents and Settings/Procesador_RISC_32bits/NOR_32.vhd" sub00/vhpl33 1596675755
AR top behavioral "C:/Documents and Settings/Procesador_RISC_32bits/TOP.vhd" sub00/vhpl31 1596675781
EN alu_fa NULL "C:/Documents and Settings/Procesador_RISC_32bits/alu_fa.vhd" sub00/vhpl00 1594521828
EN shift NULL "C:/Documents and Settings/Procesador_RISC_32bits/SHIFT.vhd" sub00/vhpl14 1596675758
AR bool behavioral "C:/Documents and Settings/Procesador_RISC_32bits/BOOL.vhd" sub00/vhpl11 1596675761
EN addr_32 NULL "C:/Documents and Settings/Procesador_RISC_32bits/ADDR_32.vhd" sub00/vhpl04 1596675752
AR fa behavioral "C:/Documents and Settings/Procesador_RISC_32bits/FA.vhd" sub00/vhpl03 1596675751
AR addr_32 behavioral "C:/Documents and Settings/Procesador_RISC_32bits/ADDR_32.vhd" sub00/vhpl05 1596675753
AR rom behavioral "C:/Documents and Settings/Procesador_RISC_32bits/ROM.vhd" sub00/vhpl23 1596675767
AR shift behavioral "C:/Documents and Settings/Procesador_RISC_32bits/SHIFT.vhd" sub00/vhpl15 1596675759
AR alu_fa behavioral "C:/Documents and Settings/Procesador_RISC_32bits/alu_fa.vhd" sub00/vhpl01 1594521829
AR arith behavioral "C:/Documents and Settings/Procesador_RISC_32bits/ARITH.vhd" sub00/vhpl07 1596675763
AR pc behavioral "C:/Documents and Settings/Procesador_RISC_32bits/PC.vhd" sub00/vhpl29 1596675773
EN alu NULL "C:/Documents and Settings/Procesador_RISC_32bits/ALU.vhd" sub00/vhpl16 1596675778
